Archive member included to satisfy reference by file (symbol)

/usr/local/Cellar/arm-none-eabi-gcc/10.3-2021.07/gcc/bin/../lib/gcc/arm-none-eabi/10.3.1/thumb/v6-m/nofp/libgcc.a(_dvmd_tls.o)
                              CMakeFiles/animation.dir/Users/anya/Pico/pico-sdk/src/rp2_common/pico_divider/divider.S.obj (__aeabi_idiv0)
/usr/local/Cellar/arm-none-eabi-gcc/10.3-2021.07/gcc/bin/../lib/gcc/arm-none-eabi/10.3.1/../../../../arm-none-eabi/lib/thumb/v6-m/nofp/libc.a(lib_a-calloc.o)
                              CMakeFiles/animation.dir/Users/anya/Pico/pico-sdk/src/rp2_common/pico_malloc/pico_malloc.c.obj (calloc)
/usr/local/Cellar/arm-none-eabi-gcc/10.3-2021.07/gcc/bin/../lib/gcc/arm-none-eabi/10.3.1/../../../../arm-none-eabi/lib/thumb/v6-m/nofp/libc.a(lib_a-callocr.o)
                              /usr/local/Cellar/arm-none-eabi-gcc/10.3-2021.07/gcc/bin/../lib/gcc/arm-none-eabi/10.3.1/../../../../arm-none-eabi/lib/thumb/v6-m/nofp/libc.a(lib_a-calloc.o) (_calloc_r)
/usr/local/Cellar/arm-none-eabi-gcc/10.3-2021.07/gcc/bin/../lib/gcc/arm-none-eabi/10.3.1/../../../../arm-none-eabi/lib/thumb/v6-m/nofp/libc.a(lib_a-errno.o)
                              /usr/local/Cellar/arm-none-eabi-gcc/10.3-2021.07/gcc/bin/../lib/gcc/arm-none-eabi/10.3.1/../../../../arm-none-eabi/lib/thumb/v6-m/nofp/libc.a(lib_a-callocr.o) (__errno)
/usr/local/Cellar/arm-none-eabi-gcc/10.3-2021.07/gcc/bin/../lib/gcc/arm-none-eabi/10.3.1/../../../../arm-none-eabi/lib/thumb/v6-m/nofp/libc.a(lib_a-impure.o)
                              /usr/local/Cellar/arm-none-eabi-gcc/10.3-2021.07/gcc/bin/../lib/gcc/arm-none-eabi/10.3.1/../../../../arm-none-eabi/lib/thumb/v6-m/nofp/libc.a(lib_a-calloc.o) (_impure_ptr)
/usr/local/Cellar/arm-none-eabi-gcc/10.3-2021.07/gcc/bin/../lib/gcc/arm-none-eabi/10.3.1/../../../../arm-none-eabi/lib/thumb/v6-m/nofp/libc.a(lib_a-init.o)
                              /usr/local/Cellar/arm-none-eabi-gcc/10.3-2021.07/gcc/bin/../lib/gcc/arm-none-eabi/10.3.1/../../../../arm-none-eabi/lib/thumb/v6-m/nofp/crt0.o (__libc_init_array)
/usr/local/Cellar/arm-none-eabi-gcc/10.3-2021.07/gcc/bin/../lib/gcc/arm-none-eabi/10.3.1/../../../../arm-none-eabi/lib/thumb/v6-m/nofp/libc.a(lib_a-malloc.o)
                              CMakeFiles/animation.dir/Users/anya/Pico/pico-sdk/src/rp2_common/pico_malloc/pico_malloc.c.obj (malloc)
/usr/local/Cellar/arm-none-eabi-gcc/10.3-2021.07/gcc/bin/../lib/gcc/arm-none-eabi/10.3.1/../../../../arm-none-eabi/lib/thumb/v6-m/nofp/libc.a(lib_a-mallocr.o)
                              /usr/local/Cellar/arm-none-eabi-gcc/10.3-2021.07/gcc/bin/../lib/gcc/arm-none-eabi/10.3.1/../../../../arm-none-eabi/lib/thumb/v6-m/nofp/libc.a(lib_a-callocr.o) (_malloc_r)
/usr/local/Cellar/arm-none-eabi-gcc/10.3-2021.07/gcc/bin/../lib/gcc/arm-none-eabi/10.3.1/../../../../arm-none-eabi/lib/thumb/v6-m/nofp/libc.a(lib_a-mlock.o)
                              /usr/local/Cellar/arm-none-eabi-gcc/10.3-2021.07/gcc/bin/../lib/gcc/arm-none-eabi/10.3.1/../../../../arm-none-eabi/lib/thumb/v6-m/nofp/libc.a(lib_a-mallocr.o) (__malloc_lock)
/usr/local/Cellar/arm-none-eabi-gcc/10.3-2021.07/gcc/bin/../lib/gcc/arm-none-eabi/10.3.1/../../../../arm-none-eabi/lib/thumb/v6-m/nofp/libc.a(lib_a-realloc.o)
                              CMakeFiles/animation.dir/Users/anya/Pico/pico-sdk/src/rp2_common/pico_malloc/pico_malloc.c.obj (realloc)
/usr/local/Cellar/arm-none-eabi-gcc/10.3-2021.07/gcc/bin/../lib/gcc/arm-none-eabi/10.3.1/../../../../arm-none-eabi/lib/thumb/v6-m/nofp/libc.a(lib_a-reallocr.o)
                              /usr/local/Cellar/arm-none-eabi-gcc/10.3-2021.07/gcc/bin/../lib/gcc/arm-none-eabi/10.3.1/../../../../arm-none-eabi/lib/thumb/v6-m/nofp/libc.a(lib_a-realloc.o) (_realloc_r)
/usr/local/Cellar/arm-none-eabi-gcc/10.3-2021.07/gcc/bin/../lib/gcc/arm-none-eabi/10.3.1/../../../../arm-none-eabi/lib/thumb/v6-m/nofp/libc.a(lib_a-sbrkr.o)
                              /usr/local/Cellar/arm-none-eabi-gcc/10.3-2021.07/gcc/bin/../lib/gcc/arm-none-eabi/10.3.1/../../../../arm-none-eabi/lib/thumb/v6-m/nofp/libc.a(lib_a-mallocr.o) (_sbrk_r)
/usr/local/Cellar/arm-none-eabi-gcc/10.3-2021.07/gcc/bin/../lib/gcc/arm-none-eabi/10.3.1/../../../../arm-none-eabi/lib/thumb/v6-m/nofp/libc.a(lib_a-sscanf.o)
                              CMakeFiles/animation.dir/animation.c.obj (sscanf)
/usr/local/Cellar/arm-none-eabi-gcc/10.3-2021.07/gcc/bin/../lib/gcc/arm-none-eabi/10.3.1/../../../../arm-none-eabi/lib/thumb/v6-m/nofp/libc.a(lib_a-stdio.o)
                              /usr/local/Cellar/arm-none-eabi-gcc/10.3-2021.07/gcc/bin/../lib/gcc/arm-none-eabi/10.3.1/../../../../arm-none-eabi/lib/thumb/v6-m/nofp/libc.a(lib_a-sscanf.o) (__seofread)
/usr/local/Cellar/arm-none-eabi-gcc/10.3-2021.07/gcc/bin/../lib/gcc/arm-none-eabi/10.3.1/../../../../arm-none-eabi/lib/thumb/v6-m/nofp/libc.a(lib_a-strlen-stub.o)
                              CMakeFiles/animation.dir/Users/anya/Pico/pico-sdk/src/rp2_common/pico_stdio/stdio.c.obj (strlen)
[...]
Memory Configuration

Name             Origin             Length             Attributes
FLASH            0x0000000010000000 0x0000000000200000 xr
RAM              0x0000000020000000 0x0000000000040000 xrw
SCRATCH_X        0x0000000020040000 0x0000000000001000 xrw
SCRATCH_Y        0x0000000020041000 0x0000000000001000 xrw
*default*        0x0000000000000000 0xffffffffffffffff

Linker script and memory map

LOAD /usr/local/Cellar/arm-none-eabi-gcc/10.3-2021.07/gcc/bin/../lib/gcc/arm-none-eabi/10.3.1/thumb/v6-m/nofp/crti.o
LOAD /usr/local/Cellar/arm-none-eabi-gcc/10.3-2021.07/gcc/bin/../lib/gcc/arm-none-eabi/10.3.1/thumb/v6-m/nofp/crtbegin.o
LOAD /usr/local/Cellar/arm-none-eabi-gcc/10.3-2021.07/gcc/bin/../lib/gcc/arm-none-eabi/10.3.1/../../../../arm-none-eabi/lib/thumb/v6-m/nofp/crt0.o

.flash_begin    0x0000000010000000        0x0
                0x0000000010000000                __flash_binary_start = .

.boot2          0x0000000010000000      0x100
                0x0000000010000000                __boot2_start__ = .
 *(.boot2)
 .boot2         0x0000000010000000      0x100 /var/folders/vj/1ccy040s0s7gvx3fz1rr0qc40000gn/T//ccANifM9.o
                0x0000000010000100                __boot2_end__ = .
                0x0000000000000001                ASSERT (((__boot2_end__ - __boot2_start__) == 0x100), ERROR: Pico second stage bootloader must be 256 bytes in size)

.text           0x0000000010000100     0xa538
                0x0000000010000100                __logical_binary_start = .
 *(.vectors)
 .vectors       0x0000000010000100       0xd4 CMakeFiles/animation.dir/Users/anya/Pico/pico-sdk/src/rp2_common/pico_standard_link/crt0.S.obj
                0x0000000010000100                __VECTOR_TABLE
                0x0000000010000100                __vectors
                0x00000000100001c0                __default_isrs_start
                0x00000000100001c0                isr_invalid
                0x00000000100001c2                isr_nmi
                0x00000000100001c4                isr_hardfault
                0x00000000100001c6                isr_svcall
                0x00000000100001c8                isr_pendsv
                0x00000000100001ca                isr_systick
                0x00000000100001cc                isr_irq28
                0x00000000100001cc                isr_irq19
                0x00000000100001cc                isr_irq0
                0x00000000100001cc                isr_irq6
                0x00000000100001cc                isr_irq22
                0x00000000100001cc                isr_irq17
                0x00000000100001cc                isr_irq14
                0x00000000100001cc                isr_irq2
                0x00000000100001cc                isr_irq10
                0x00000000100001cc                isr_irq8
                0x00000000100001cc                isr_irq24
                0x00000000100001cc                isr_irq1
                0x00000000100001cc                isr_irq7
                0x00000000100001cc                isr_irq21
                0x00000000100001cc                isr_irq20
                0x00000000100001cc                isr_irq15
                0x00000000100001cc                isr_irq25
                0x00000000100001cc                isr_irq4
                0x00000000100001cc                isr_irq16
                0x00000000100001cc                isr_irq29
                0x00000000100001cc                isr_irq26
                0x00000000100001cc                __default_isrs_end
                0x00000000100001cc                isr_irq3
                0x00000000100001cc                isr_irq9
                0x00000000100001cc                __unhandled_user_irq
                0x00000000100001cc                isr_irq13
                0x00000000100001cc                isr_irq27
                0x00000000100001cc                isr_irq31
                0x00000000100001cc                isr_irq5
                0x00000000100001cc                isr_irq11
                0x00000000100001cc                isr_irq23
                0x00000000100001cc                isr_irq18
                0x00000000100001cc                isr_irq30
                0x00000000100001cc                isr_irq12
                0x00000000100001d2                unhandled_user_irq_num_in_r0
 *(.binary_info_header)
 .binary_info_header
                0x00000000100001d4       0x14 CMakeFiles/animation.dir/Users/anya/Pico/pico-sdk/src/rp2_common/pico_standard_link/crt0.S.obj
                0x00000000100001e8                __binary_info_header_end = .
 *(.reset)
 .reset         0x00000000100001e8       0xa8 CMakeFiles/animation.dir/Users/anya/Pico/pico-sdk/src/rp2_common/pico_standard_link/crt0.S.obj
                0x00000000100001e8                _entry_point
                0x0000000010000266                __get_current_exception
 .reset         0x0000000010000290       0x30 CMakeFiles/animation.dir/Users/anya/Pico/pico-sdk/src/rp2_common/pico_standard_link/binary_info.c.obj
 *(.init)
 .init          0x00000000100002c0        0x4 /usr/local/Cellar/arm-none-eabi-gcc/10.3-2021.07/gcc/bin/../lib/gcc/arm-none-eabi/10.3.1/thumb/v6-m/nofp/crti.o
                0x00000000100002c0                _init
 *(EXCLUDE_FILE(*libm.a: *libc.a:*lib_a-mem*.o *libgcc.a:) .text*)
 .text          0x00000000100002c4       0x48 /usr/local/Cellar/arm-none-eabi-gcc/10.3-2021.07/gcc/bin/../lib/gcc/arm-none-eabi/10.3.1/thumb/v6-m/nofp/crtbegin.o
 .text.pt_serialin_polled.constprop.0
                0x000000001000030c      0x1b8 CMakeFiles/animation.dir/animation.c.obj
 .text.protothread_sched.constprop.0.isra.0
                0x00000000100004c4       0x70 CMakeFiles/animation.dir/animation.c.obj
 .text.protothread_sched1.constprop.0.isra.0
                0x0000000010000534       0x70 CMakeFiles/animation.dir/animation.c.obj
 .text.core1_main
                0x00000000100005a4       0x84 CMakeFiles/animation.dir/animation.c.obj
                0x00000000100005a4                core1_main
 .text.protothread_anim1
                0x0000000010000628      0x184 CMakeFiles/animation.dir/animation.c.obj
 .text.protothread_anim
                0x00000000100007ac      0x294 CMakeFiles/animation.dir/animation.c.obj
 .text.pt_serialout_polled
                0x0000000010000a40       0x7c CMakeFiles/animation.dir/animation.c.obj
                0x0000000010000a40                pt_serialout_polled
 .text.protothread_serial
                0x0000000010000abc       0xfc CMakeFiles/animation.dir/animation.c.obj
 .text.startup.main
                0x0000000010000bb8       0xc8 CMakeFiles/animation.dir/animation.c.obj
                0x0000000010000bb8                main
 .text.initVGA  0x0000000010000c80      0x200 CMakeFiles/animation.dir/vga_graphics.c.obj
                0x0000000010000c80                initVGA
 .text.drawVLine
                0x0000000010000e80       0x9c CMakeFiles/animation.dir/vga_graphics.c.obj
                0x0000000010000e80                drawVLine
 .text.drawHLine
                0x0000000010000f1c       0xa8 CMakeFiles/animation.dir/vga_graphics.c.obj
                0x0000000010000f1c                drawHLine
 .text.drawRect
                0x0000000010000fc4      0x254 CMakeFiles/animation.dir/vga_graphics.c.obj
                0x0000000010000fc4                drawRect
 .text.fillRect
                0x0000000010001218       0xd0 CMakeFiles/animation.dir/vga_graphics.c.obj
                0x0000000010001218                fillRect
 .text.gpio_set_function
                0x00000000100012e8       0x30 CMakeFiles/animation.dir/Users/anya/Pico/pico-sdk/src/rp2_common/hardware_gpio/gpio.c.obj
                0x00000000100012e8                gpio_set_function
 .text.hw_claim_lock
                0x0000000010001318       0x18 CMakeFiles/animation.dir/Users/anya/Pico/pico-sdk/src/rp2_common/hardware_claim/claim.c.obj
                0x0000000010001318                hw_claim_lock
 .text.hw_claim_unlock
                0x0000000010001330       0x14 CMakeFiles/animation.dir/Users/anya/Pico/pico-sdk/src/rp2_common/hardware_claim/claim.c.obj
                0x0000000010001330                hw_claim_unlock
 .text.hw_claim_or_assert
                0x0000000010001344       0x44 CMakeFiles/animation.dir/Users/anya/Pico/pico-sdk/src/rp2_common/hardware_claim/claim.c.obj
                0x0000000010001344                hw_claim_or_assert
 .text.running_on_fpga
                0x0000000010001388       0x10 CMakeFiles/animation.dir/Users/anya/Pico/pico-sdk/src/rp2_common/pico_platform/platform.c.obj
                0x0000000010001388                running_on_fpga
 .text.spin_locks_reset
                0x0000000010001398       0x1c CMakeFiles/animation.dir/Users/anya/Pico/pico-sdk/src/rp2_common/hardware_sync/sync.c.obj
                0x0000000010001398                spin_locks_reset
 .text.next_striped_spin_lock_num
                0x00000000100013b4       0x18 CMakeFiles/animation.dir/Users/anya/Pico/pico-sdk/src/rp2_common/hardware_sync/sync.c.obj
                0x00000000100013b4                next_striped_spin_lock_num
 .text.irq_set_enabled
                0x00000000100013cc       0x24 CMakeFiles/animation.dir/Users/anya/Pico/pico-sdk/src/rp2_common/hardware_irq/irq.c.obj
                0x00000000100013cc                irq_set_enabled
 .text.irq_is_enabled
                0x00000000100013f0       0x18 CMakeFiles/animation.dir/Users/anya/Pico/pico-sdk/src/rp2_common/hardware_irq/irq.c.obj
                0x00000000100013f0                irq_is_enabled
 .text.irq_get_vtable_handler
                0x0000000010001408       0x10 CMakeFiles/animation.dir/Users/anya/Pico/pico-sdk/src/rp2_common/hardware_irq/irq.c.obj
                0x0000000010001408                irq_get_vtable_handler
 .text.irq_set_exclusive_handler
                0x0000000010001418       0x54 CMakeFiles/animation.dir/Users/anya/Pico/pico-sdk/src/rp2_common/hardware_irq/irq.c.obj
                0x0000000010001418                irq_set_exclusive_handler
 .text.irq_remove_handler
                0x000000001000146c      0x1b4 CMakeFiles/animation.dir/Users/anya/Pico/pico-sdk/src/rp2_common/hardware_irq/irq.c.obj
                0x000000001000146c                irq_remove_handler
 .text.irq_add_tail_to_free_list
                0x0000000010001620       0xb4 CMakeFiles/animation.dir/Users/anya/Pico/pico-sdk/src/rp2_common/hardware_irq/irq.c.obj
                0x0000000010001620                irq_add_tail_to_free_list
 .text.irq_init_priorities
                0x00000000100016d4       0x24 CMakeFiles/animation.dir/Users/anya/Pico/pico-sdk/src/rp2_common/hardware_irq/irq.c.obj
                0x00000000100016d4                irq_init_priorities
 .text.lock_init
                0x00000000100016f8       0x10 CMakeFiles/animation.dir/Users/anya/Pico/pico-sdk/src/common/pico_sync/lock_core.c.obj
                0x00000000100016f8                lock_init
 .text.timer_pool_entry_comparator
                0x0000000010001708       0x34 CMakeFiles/animation.dir/Users/anya/Pico/pico-sdk/src/common/pico_time/time.c.obj
                0x0000000010001708                timer_pool_entry_comparator
 .text.add_alarm_under_lock.isra.0
                0x000000001000173c      0x100 CMakeFiles/animation.dir/Users/anya/Pico/pico-sdk/src/common/pico_time/time.c.obj
 .text.alarm_pool_alarm_callback
                0x000000001000183c      0x1c8 CMakeFiles/animation.dir/Users/anya/Pico/pico-sdk/src/common/pico_time/time.c.obj
 .text.alarm_pool_init_default
                0x0000000010001a04       0x64 CMakeFiles/animation.dir/Users/anya/Pico/pico-sdk/src/common/pico_time/time.c.obj
                0x0000000010001a04                alarm_pool_init_default
 .text.hardware_alarm_irq_handler
                0x0000000010001a68       0xb8 CMakeFiles/animation.dir/Users/anya/Pico/pico-sdk/src/rp2_common/hardware_timer/timer.c.obj
 .text.hardware_alarm_claim
                0x0000000010001b20       0x18 CMakeFiles/animation.dir/Users/anya/Pico/pico-sdk/src/rp2_common/hardware_timer/timer.c.obj
                0x0000000010001b20                hardware_alarm_claim
 .text.time_us_64
                0x0000000010001b38       0x14 CMakeFiles/animation.dir/Users/anya/Pico/pico-sdk/src/rp2_common/hardware_timer/timer.c.obj
                0x0000000010001b38                time_us_64
 .text.busy_wait_us
                0x0000000010001b4c       0x54 CMakeFiles/animation.dir/Users/anya/Pico/pico-sdk/src/rp2_common/hardware_timer/timer.c.obj
                0x0000000010001b4c                busy_wait_us
 .text.hardware_alarm_set_callback
                0x0000000010001ba0       0x8c CMakeFiles/animation.dir/Users/anya/Pico/pico-sdk/src/rp2_common/hardware_timer/timer.c.obj
                0x0000000010001ba0                hardware_alarm_set_callback
 .text.hardware_alarm_set_target
                0x0000000010001c2c       0xe0 CMakeFiles/animation.dir/Users/anya/Pico/pico-sdk/src/rp2_common/hardware_timer/timer.c.obj
                0x0000000010001c2c                hardware_alarm_set_target
 .text.hardware_alarm_cancel
                0x0000000010001d0c       0x3c CMakeFiles/animation.dir/Users/anya/Pico/pico-sdk/src/rp2_common/hardware_timer/timer.c.obj
                0x0000000010001d0c                hardware_alarm_cancel
 .text.ph_merge_nodes
                0x0000000010001d48       0x68 CMakeFiles/animation.dir/Users/anya/Pico/pico-sdk/src/common/pico_util/pheap.c.obj
 .text.ph_post_alloc_init
                0x0000000010001db0       0x3c CMakeFiles/animation.dir/Users/anya/Pico/pico-sdk/src/common/pico_util/pheap.c.obj
                0x0000000010001db0                ph_post_alloc_init
 .text.ph_merge_two_pass
                0x0000000010001dec       0x90 CMakeFiles/animation.dir/Users/anya/Pico/pico-sdk/src/common/pico_util/pheap.c.obj
                0x0000000010001dec                ph_merge_two_pass
 .text.ph_remove_any_head
                0x0000000010001e7c       0xf8 CMakeFiles/animation.dir/Users/anya/Pico/pico-sdk/src/common/pico_util/pheap.c.obj
 .text.ph_remove_head
                0x0000000010001f74       0xfc CMakeFiles/animation.dir/Users/anya/Pico/pico-sdk/src/common/pico_util/pheap.c.obj
                0x0000000010001f74                ph_remove_head
 .text.ph_remove_and_free_node
                0x0000000010002070       0x7c CMakeFiles/animation.dir/Users/anya/Pico/pico-sdk/src/common/pico_util/pheap.c.obj
                0x0000000010002070                ph_remove_and_free_node
 .text.mutex_init
                0x00000000100020ec       0x1c CMakeFiles/animation.dir/Users/anya/Pico/pico-sdk/src/common/pico_sync/mutex.c.obj
                0x00000000100020ec                mutex_init
 .text.recursive_mutex_init
                0x0000000010002108       0x1c CMakeFiles/animation.dir/Users/anya/Pico/pico-sdk/src/common/pico_sync/mutex.c.obj
                0x0000000010002108                recursive_mutex_init
 .text.uart_init
                0x0000000010002124       0xe0 CMakeFiles/animation.dir/Users/anya/Pico/pico-sdk/src/rp2_common/hardware_uart/uart.c.obj
                0x0000000010002124                uart_init
 .text.runtime_init
                0x0000000010002204       0xf0 CMakeFiles/animation.dir/Users/anya/Pico/pico-sdk/src/rp2_common/pico_runtime/runtime.c.obj
                0x0000000010002204                runtime_init
 .text._sbrk    0x00000000100022f4       0x34 CMakeFiles/animation.dir/Users/anya/Pico/pico-sdk/src/rp2_common/pico_runtime/runtime.c.obj
                0x00000000100022f4                _sbrk
 .text.exit     0x0000000010002328        0x4 CMakeFiles/animation.dir/Users/anya/Pico/pico-sdk/src/rp2_common/pico_runtime/runtime.c.obj
                0x0000000010002328                exit
 .text.__assert_func
                0x000000001000232c       0x34 CMakeFiles/animation.dir/Users/anya/Pico/pico-sdk/src/rp2_common/pico_runtime/runtime.c.obj
                0x000000001000232c                __assert_func
 .text.panic    0x0000000010002360       0x30 CMakeFiles/animation.dir/Users/anya/Pico/pico-sdk/src/rp2_common/pico_runtime/runtime.c.obj
                0x0000000010002360                panic
 .text.hard_assertion_failure
                0x0000000010002390        0xc CMakeFiles/animation.dir/Users/anya/Pico/pico-sdk/src/rp2_common/pico_runtime/runtime.c.obj
                0x0000000010002390                hard_assertion_failure
 .text.clocks_init
                0x000000001000239c      0x2bc CMakeFiles/animation.dir/Users/anya/Pico/pico-sdk/src/rp2_common/hardware_clocks/clocks.c.obj
                0x000000001000239c                clocks_init
 .text.clock_get_hz
                0x0000000010002658        0xc CMakeFiles/animation.dir/Users/anya/Pico/pico-sdk/src/rp2_common/hardware_clocks/clocks.c.obj
                0x0000000010002658                clock_get_hz
 .text.pll_init
                0x0000000010002664       0xb0 CMakeFiles/animation.dir/Users/anya/Pico/pico-sdk/src/rp2_common/hardware_pll/pll.c.obj
                0x0000000010002664                pll_init
 .text.watchdog_start_tick
                0x0000000010002714       0x10 CMakeFiles/animation.dir/Users/anya/Pico/pico-sdk/src/rp2_common/hardware_watchdog/watchdog.c.obj
                0x0000000010002714                watchdog_start_tick
 .text.xosc_init
                0x0000000010002724       0x28 CMakeFiles/animation.dir/Users/anya/Pico/pico-sdk/src/rp2_common/hardware_xosc/xosc.c.obj
                0x0000000010002724                xosc_init
 .text._out_buffer
                0x000000001000274c        0x8 CMakeFiles/animation.dir/Users/anya/Pico/pico-sdk/src/rp2_common/pico_printf/printf.c.obj
 .text._out_null
                0x0000000010002754        0x4 CMakeFiles/animation.dir/Users/anya/Pico/pico-sdk/src/rp2_common/pico_printf/printf.c.obj
 .text._out_rev
                0x0000000010002758       0x9c CMakeFiles/animation.dir/Users/anya/Pico/pico-sdk/src/rp2_common/pico_printf/printf.c.obj
 .text._ntoa_format
                0x00000000100027f4      0x1cc CMakeFiles/animation.dir/Users/anya/Pico/pico-sdk/src/rp2_common/pico_printf/printf.c.obj
 .text._out_char
                0x00000000100029c0       0x10 CMakeFiles/animation.dir/Users/anya/Pico/pico-sdk/src/rp2_common/pico_printf/printf.c.obj
 .text._etoa    0x00000000100029d0      0x44c CMakeFiles/animation.dir/Users/anya/Pico/pico-sdk/src/rp2_common/pico_printf/printf.c.obj
 .text._ftoa    0x0000000010002e1c      0x398 CMakeFiles/animation.dir/Users/anya/Pico/pico-sdk/src/rp2_common/pico_printf/printf.c.obj
 .text._vsnprintf
                0x00000000100031b4      0xb04 CMakeFiles/animation.dir/Users/anya/Pico/pico-sdk/src/rp2_common/pico_printf/printf.c.obj
 .text.__wrap_sprintf
                0x0000000010003cb8       0x28 CMakeFiles/animation.dir/Users/anya/Pico/pico-sdk/src/rp2_common/pico_printf/printf.c.obj
                0x0000000010003cb8                __wrap_sprintf
 .text.weak_raw_printf
                0x0000000010003ce0       0x40 CMakeFiles/animation.dir/Users/anya/Pico/pico-sdk/src/rp2_common/pico_printf/printf.c.obj
                0x0000000010003ce0                weak_raw_printf
 .text.weak_raw_vprintf
                0x0000000010003d20       0x30 CMakeFiles/animation.dir/Users/anya/Pico/pico-sdk/src/rp2_common/pico_printf/printf.c.obj
                0x0000000010003d20                weak_raw_vprintf
 .text          0x0000000010003d50       0x10 CMakeFiles/animation.dir/Users/anya/Pico/pico-sdk/src/rp2_common/pico_bit_ops/bit_ops_aeabi.S.obj
 .text.rom_func_lookup
                0x0000000010003d60       0x10 CMakeFiles/animation.dir/Users/anya/Pico/pico-sdk/src/rp2_common/pico_bootrom/bootrom.c.obj
                0x0000000010003d60                rom_func_lookup
 .text.rom_data_lookup
                0x0000000010003d70       0x10 CMakeFiles/animation.dir/Users/anya/Pico/pico-sdk/src/rp2_common/pico_bootrom/bootrom.c.obj
                0x0000000010003d70                rom_data_lookup
 .text.rom_funcs_lookup
                0x0000000010003d80       0x44 CMakeFiles/animation.dir/Users/anya/Pico/pico-sdk/src/rp2_common/pico_bootrom/bootrom.c.obj
                0x0000000010003d80                rom_funcs_lookup
 .text.__wrap___aeabi_idiv
                0x0000000010003dc4       0x50 CMakeFiles/animation.dir/Users/anya/Pico/pico-sdk/src/rp2_common/pico_divider/divider.S.obj
                0x0000000010003dc4                __wrap___aeabi_idivmod
                0x0000000010003dc4                divmod_s32s32
                0x0000000010003dc4                div_s32s32
                0x0000000010003dc4                __wrap___aeabi_idiv
                0x0000000010003dcc                divmod_s32s32_unsafe
                0x0000000010003df8                divmod_s32s32_savestate
 .text.__wrap___aeabi_uidiv
                0x0000000010003e14       0x4c CMakeFiles/animation.dir/Users/anya/Pico/pico-sdk/src/rp2_common/pico_divider/divider.S.obj
                0x0000000010003e14                __wrap___aeabi_uidiv
                0x0000000010003e14                __wrap___aeabi_uidivmod
                0x0000000010003e14                div_u32u32
                0x0000000010003e14                divmod_u32u32
                0x0000000010003e1c                divmod_u32u32_unsafe
                0x0000000010003e44                divmod_u32u32_savestate
 .text.__wrap___aeabi_ldiv
                0x0000000010003e60      0x434 CMakeFiles/animation.dir/Users/anya/Pico/pico-sdk/src/rp2_common/pico_divider/divider.S.obj
                0x0000000010003e60                __wrap___aeabi_ldivmod
                0x0000000010003e60                div_s64s64
                0x0000000010003e60                divmod_s64s64
                0x0000000010003e98                divmod_u64u64
                0x0000000010003e98                div_u64u64
                0x0000000010003e98                __wrap___aeabi_uldivmod
                0x0000000010003ea8                divmod_u64u64_savestate
                0x0000000010003ed0                divmod_s64s64_unsafe
                0x0000000010003f58                divmod_u64u64_unsafe
 .text.__wrap___aeabi_darithmetic
                0x0000000010004294       0x80 CMakeFiles/animation.dir/Users/anya/Pico/pico-sdk/src/rp2_common/pico_double/double_aeabi.S.obj
                0x0000000010004294                __wrap___aeabi_drsub
                0x000000001000429a                __wrap___aeabi_dsub
                0x00000000100042ac                __wrap___aeabi_dadd
                0x00000000100042be                __wrap___aeabi_ddiv
                0x00000000100042fa                __wrap___aeabi_dmul
 .text.__wrap___aeabi_cdcmple
                0x0000000010004314       0x6c CMakeFiles/animation.dir/Users/anya/Pico/pico-sdk/src/rp2_common/pico_double/double_aeabi.S.obj
                0x0000000010004314                __wrap___aeabi_cdrcmple
                0x0000000010004324                __wrap___aeabi_cdcmple
                0x0000000010004324                __wrap___aeabi_cdcmpeq
 .text.__wrap___aeabi_dcmpeq
                0x0000000010004380       0x10 CMakeFiles/animation.dir/Users/anya/Pico/pico-sdk/src/rp2_common/pico_double/double_aeabi.S.obj
                0x0000000010004380                __wrap___aeabi_dcmpeq
 .text.__wrap___aeabi_dcmplt
                0x0000000010004390        0xc CMakeFiles/animation.dir/Users/anya/Pico/pico-sdk/src/rp2_common/pico_double/double_aeabi.S.obj
                0x0000000010004390                __wrap___aeabi_dcmplt
 .text.__wrap___aeabi_dcmple
                0x000000001000439c       0x10 CMakeFiles/animation.dir/Users/anya/Pico/pico-sdk/src/rp2_common/pico_double/double_aeabi.S.obj
                0x000000001000439c                __wrap___aeabi_dcmple
 .text.__wrap___aeabi_dcmpge
                0x00000000100043ac       0x10 CMakeFiles/animation.dir/Users/anya/Pico/pico-sdk/src/rp2_common/pico_double/double_aeabi.S.obj
                0x00000000100043ac                __wrap___aeabi_dcmpge
 .text.__wrap___aeabi_dcmpgt
                0x00000000100043bc        0xa CMakeFiles/animation.dir/Users/anya/Pico/pico-sdk/src/rp2_common/pico_double/double_aeabi.S.obj
                0x00000000100043bc                __wrap___aeabi_dcmpgt
 .text.__wrap___aeabi_dcmpun
                0x00000000100043c6       0x1c CMakeFiles/animation.dir/Users/anya/Pico/pico-sdk/src/rp2_common/pico_double/double_aeabi.S.obj
                0x00000000100043c6                __wrap___aeabi_dcmpun
 *fill*         0x00000000100043e2        0x2 
 .text.__wrap___aeabi_i2d
                0x00000000100043e4       0x38 CMakeFiles/animation.dir/Users/anya/Pico/pico-sdk/src/rp2_common/pico_double/double_aeabi.S.obj
                0x00000000100043e4                __wrap___aeabi_ui2d
                0x00000000100043ec                __wrap___aeabi_i2d
 .text.__wrap___aeabi_d2iz
                0x000000001000441c       0x48 CMakeFiles/animation.dir/Users/anya/Pico/pico-sdk/src/rp2_common/pico_double/double_aeabi.S.obj
                0x000000001000441c                __wrap___aeabi_d2iz
                0x000000001000441c                double2int_z
 .text.__wrap___aeabi_d2uiz
                0x0000000010004464       0x18 CMakeFiles/animation.dir/Users/anya/Pico/pico-sdk/src/rp2_common/pico_double/double_aeabi.S.obj
                0x0000000010004464                double2uint
                0x0000000010004464                __wrap___aeabi_d2uiz
 .text.__wrap___aeabi_l2d
                0x000000001000447c       0x18 CMakeFiles/animation.dir/Users/anya/Pico/pico-sdk/src/rp2_common/pico_double/double_aeabi.S.obj
                0x000000001000447c                __wrap___aeabi_l2d
 .text.__wrap___aeabi_d2lz
                0x0000000010004494       0x26 CMakeFiles/animation.dir/Users/anya/Pico/pico-sdk/src/rp2_common/pico_double/double_aeabi.S.obj
                0x0000000010004494                __wrap___aeabi_d2lz
                0x0000000010004494                double2int64_z
 *fill*         0x00000000100044ba        0x2 
 .text.double2int64
                0x00000000100044bc       0x18 CMakeFiles/animation.dir/Users/anya/Pico/pico-sdk/src/rp2_common/pico_double/double_aeabi.S.obj
                0x00000000100044bc                double2int64
 .text.double2ufix64
                0x00000000100044d4       0x18 CMakeFiles/animation.dir/Users/anya/Pico/pico-sdk/src/rp2_common/pico_double/double_aeabi.S.obj
                0x00000000100044d4                double2ufix64
 .text.__wrap___aeabi_d2f
                0x00000000100044ec       0x18 CMakeFiles/animation.dir/Users/anya/Pico/pico-sdk/src/rp2_common/pico_double/double_aeabi.S.obj
                0x00000000100044ec                __wrap___aeabi_d2f
 .text.__aeabi_double_init
                0x0000000010004504       0x94 CMakeFiles/animation.dir/Users/anya/Pico/pico-sdk/src/rp2_common/pico_double/double_init_rom.c.obj
                0x0000000010004504                __aeabi_double_init
 .text.double_table_shim_on_use_helper
                0x0000000010004598       0x2c CMakeFiles/animation.dir/Users/anya/Pico/pico-sdk/src/rp2_common/pico_double/double_v1_rom_shim.S.obj
                0x0000000010004598                double_table_shim_on_use_helper
 .text.__wrap___aeabi_dsub
                0x00000000100045c4       0x10 CMakeFiles/animation.dir/Users/anya/Pico/pico-sdk/src/rp2_common/pico_double/double_v1_rom_shim.S.obj
                0x00000000100045c4                drsub_shim
                0x00000000100045ca                dsub_shim
 .text.dadd_shim
                0x00000000100045d4      0x15c CMakeFiles/animation.dir/Users/anya/Pico/pico-sdk/src/rp2_common/pico_double/double_v1_rom_shim.S.obj
                0x00000000100045d4                dadd_shim
 .text.dmul_shim
                0x0000000010004730      0x15c CMakeFiles/animation.dir/Users/anya/Pico/pico-sdk/src/rp2_common/pico_double/double_v1_rom_shim.S.obj
                0x0000000010004730                dmul_shim
 .text.ddiv_shim
                0x000000001000488c      0x1b0 CMakeFiles/animation.dir/Users/anya/Pico/pico-sdk/src/rp2_common/pico_double/double_v1_rom_shim.S.obj
                0x000000001000488c                ddiv_shim
 .text.double2uint_shim
                0x0000000010004a3c        0xe CMakeFiles/animation.dir/Users/anya/Pico/pico-sdk/src/rp2_common/pico_double/double_v1_rom_shim.S.obj
                0x0000000010004a3c                double2uint_shim
                0x0000000010004a3e                double2ufix_shim
 .text.double2int64_shim
                0x0000000010004a4a       0x1a CMakeFiles/animation.dir/Users/anya/Pico/pico-sdk/src/rp2_common/pico_double/double_v1_rom_shim.S.obj
                0x0000000010004a4a                double2int64_shim
                0x0000000010004a4c                double2fix64_shim
 .text.double2uint64_shim
                0x0000000010004a64       0x70 CMakeFiles/animation.dir/Users/anya/Pico/pico-sdk/src/rp2_common/pico_double/double_v1_rom_shim.S.obj
                0x0000000010004a64                double2uint64_shim
                0x0000000010004a66                double2ufix64_shim
                0x0000000010004a86                d2fix_a
 .text.double2float_shim
                0x0000000010004ad4       0x5c CMakeFiles/animation.dir/Users/anya/Pico/pico-sdk/src/rp2_common/pico_double/double_v1_rom_shim.S.obj
                0x0000000010004ad4                double2float_shim
 .text.x2double_shims
                0x0000000010004b30       0x90 CMakeFiles/animation.dir/Users/anya/Pico/pico-sdk/src/rp2_common/pico_double/double_v1_rom_shim.S.obj
                0x0000000010004b30                uint2double_shim
                0x0000000010004b32                ufix2double_shim
                0x0000000010004b38                int2double_shim
                0x0000000010004b3a                fix2double_shim
                0x0000000010004b40                uint642double_shim
                0x0000000010004b42                ufix642double_shim
                0x0000000010004b48                int642double_shim
                0x0000000010004b4a                fix642double_shim
 .text.dunpacks
                0x0000000010004bc0       0x3c CMakeFiles/animation.dir/Users/anya/Pico/pico-sdk/src/rp2_common/pico_double/double_v1_rom_shim.S.obj
                0x0000000010004bc0                dunpacks
 .text.__aeabi_lmul
                0x0000000010004bfc       0x32 CMakeFiles/animation.dir/Users/anya/Pico/pico-sdk/src/rp2_common/pico_int64_ops/pico_int64_ops_aeabi.S.obj
                0x0000000010004bfc                __wrap___aeabi_lmul
 *fill*         0x0000000010004c2e        0x2 
 .text.__aeabi_float_init
                0x0000000010004c30       0x64 CMakeFiles/animation.dir/Users/anya/Pico/pico-sdk/src/rp2_common/pico_float/float_init_rom.c.obj
                0x0000000010004c30                __aeabi_float_init
 .text.float_table_shim_on_use_helper
                0x0000000010004c94       0x2c CMakeFiles/animation.dir/Users/anya/Pico/pico-sdk/src/rp2_common/pico_float/float_v1_rom_shim.S.obj
                0x0000000010004c94                float_table_shim_on_use_helper
 .text.__wrap_malloc
                0x0000000010004cc0       0x3c CMakeFiles/animation.dir/Users/anya/Pico/pico-sdk/src/rp2_common/pico_malloc/pico_malloc.c.obj
                0x0000000010004cc0                __wrap_malloc
 .text.__wrap_realloc
                0x0000000010004cfc       0x40 CMakeFiles/animation.dir/Users/anya/Pico/pico-sdk/src/rp2_common/pico_malloc/pico_malloc.c.obj
                0x0000000010004cfc                __wrap_realloc
 .text.__wrap_free
                0x0000000010004d3c       0x20 CMakeFiles/animation.dir/Users/anya/Pico/pico-sdk/src/rp2_common/pico_malloc/pico_malloc.c.obj
                0x0000000010004d3c                __wrap_free
 .text          0x0000000010004d5c       0x10 CMakeFiles/animation.dir/Users/anya/Pico/pico-sdk/src/rp2_common/pico_mem_ops/mem_ops_aeabi.S.obj
                0x0000000010004d5c                __aeabi_mem_init
 .text.memset   0x0000000010004d6c        0xc CMakeFiles/animation.dir/Users/anya/Pico/pico-sdk/src/rp2_common/pico_mem_ops/mem_ops_aeabi.S.obj
                0x0000000010004d6c                __wrap_memset
 .text.memcpy   0x0000000010004d78        0xc CMakeFiles/animation.dir/Users/anya/Pico/pico-sdk/src/rp2_common/pico_mem_ops/mem_ops_aeabi.S.obj
                0x0000000010004d78                __wrap___aeabi_memcpy
                0x0000000010004d78                __wrap_memcpy
 .text.stdio_out_chars_no_crlf
                0x0000000010004d84       0x10 CMakeFiles/animation.dir/Users/anya/Pico/pico-sdk/src/rp2_common/pico_stdio/stdio.c.obj
 .text.stdio_out_chars_crlf
                0x0000000010004d94       0xb4 CMakeFiles/animation.dir/Users/anya/Pico/pico-sdk/src/rp2_common/pico_stdio/stdio.c.obj
 .text.stdio_put_string.isra.0
                0x0000000010004e48       0xfc CMakeFiles/animation.dir/Users/anya/Pico/pico-sdk/src/rp2_common/pico_stdio/stdio.c.obj
 .text.__wrap_putchar
                0x0000000010004f44       0xa0 CMakeFiles/animation.dir/Users/anya/Pico/pico-sdk/src/rp2_common/pico_stdio/stdio.c.obj
                0x0000000010004f44                __wrap_putchar
 .text.__wrap_puts
                0x0000000010004fe4       0x3c CMakeFiles/animation.dir/Users/anya/Pico/pico-sdk/src/rp2_common/pico_stdio/stdio.c.obj
                0x0000000010004fe4                __wrap_puts
 .text.stdio_set_driver_enabled
                0x0000000010005020       0x30 CMakeFiles/animation.dir/Users/anya/Pico/pico-sdk/src/rp2_common/pico_stdio/stdio.c.obj
                0x0000000010005020                stdio_set_driver_enabled
 .text.stdio_init_all
                0x0000000010005050        0x8 CMakeFiles/animation.dir/Users/anya/Pico/pico-sdk/src/rp2_common/pico_stdio/stdio.c.obj
                0x0000000010005050                stdio_init_all
 .text.stdio_uart_out_chars
                0x0000000010005058       0x4c CMakeFiles/animation.dir/Users/anya/Pico/pico-sdk/src/rp2_common/pico_stdio_uart/stdio_uart.c.obj
 .text.stdio_uart_in_chars
                0x00000000100050a4       0x38 CMakeFiles/animation.dir/Users/anya/Pico/pico-sdk/src/rp2_common/pico_stdio_uart/stdio_uart.c.obj
                0x00000000100050a4                stdio_uart_in_chars
 .text.stdio_uart_init
                0x00000000100050dc       0x48 CMakeFiles/animation.dir/Users/anya/Pico/pico-sdk/src/rp2_common/pico_stdio_uart/stdio_uart.c.obj
                0x00000000100050dc                stdio_uart_init
 .text.core1_trampoline
                0x0000000010005124        0x4 CMakeFiles/animation.dir/Users/anya/Pico/pico-sdk/src/rp2_common/pico_multicore/multicore.c.obj
 .text.core1_wrapper
                0x0000000010005128        0xc CMakeFiles/animation.dir/Users/anya/Pico/pico-sdk/src/rp2_common/pico_multicore/multicore.c.obj
                0x0000000010005128                core1_wrapper
 .text.multicore_reset_core1
                0x0000000010005134       0x24 CMakeFiles/animation.dir/Users/anya/Pico/pico-sdk/src/rp2_common/pico_multicore/multicore.c.obj
                0x0000000010005134                multicore_reset_core1
 .text.multicore_launch_core1_raw
                0x0000000010005158       0x84 CMakeFiles/animation.dir/Users/anya/Pico/pico-sdk/src/rp2_common/pico_multicore/multicore.c.obj
                0x0000000010005158                multicore_launch_core1_raw
 .text.multicore_launch_core1
                0x00000000100051dc       0x4c CMakeFiles/animation.dir/Users/anya/Pico/pico-sdk/src/rp2_common/pico_multicore/multicore.c.obj
                0x00000000100051dc                multicore_launch_core1
 .text.startup.boot_double_tap_check
                0x0000000010005228       0x60 CMakeFiles/animation.dir/Users/anya/Pico/pico-sdk/src/rp2_common/pico_bootsel_via_double_reset/pico_bootsel_via_double_reset.c.obj
 .text.pio_add_program
                0x0000000010005288       0xc8 CMakeFiles/animation.dir/Users/anya/Pico/pico-sdk/src/rp2_common/hardware_pio/pio.c.obj
                0x0000000010005288                pio_add_program
 .text.pio_sm_set_consecutive_pindirs
                0x0000000010005350       0x84 CMakeFiles/animation.dir/Users/anya/Pico/pico-sdk/src/rp2_common/hardware_pio/pio.c.obj
                0x0000000010005350                pio_sm_set_consecutive_pindirs
 .text.pio_sm_init
                0x00000000100053d4       0x90 CMakeFiles/animation.dir/Users/anya/Pico/pico-sdk/src/rp2_common/hardware_pio/pio.c.obj
                0x00000000100053d4                pio_sm_init
 .text._calloc_r
                0x0000000010005464       0x9c /usr/local/Cellar/arm-none-eabi-gcc/10.3-2021.07/gcc/bin/../lib/gcc/arm-none-eabi/10.3.1/../../../../arm-none-eabi/lib/thumb/v6-m/nofp/libc.a(lib_a-callocr.o)
                0x0000000010005464                _calloc_r
 .text.__errno  0x0000000010005500        0xc /usr/local/Cellar/arm-none-eabi-gcc/10.3-2021.07/gcc/bin/../lib/gcc/arm-none-eabi/10.3.1/../../../../arm-none-eabi/lib/thumb/v6-m/nofp/libc.a(lib_a-errno.o)
                0x0000000010005500                __errno
 .text.malloc   0x000000001000550c       0x14 /usr/local/Cellar/arm-none-eabi-gcc/10.3-2021.07/gcc/bin/../lib/gcc/arm-none-eabi/10.3.1/../../../../arm-none-eabi/lib/thumb/v6-m/nofp/libc.a(lib_a-malloc.o)
                0x000000001000550c                malloc
 .text.free     0x0000000010005520       0x14 /usr/local/Cellar/arm-none-eabi-gcc/10.3-2021.07/gcc/bin/../lib/gcc/arm-none-eabi/10.3.1/../../../../arm-none-eabi/lib/thumb/v6-m/nofp/libc.a(lib_a-malloc.o)
                0x0000000010005520                free
 .text._malloc_r
                0x0000000010005534      0x584 /usr/local/Cellar/arm-none-eabi-gcc/10.3-2021.07/gcc/bin/../lib/gcc/arm-none-eabi/10.3.1/../../../../arm-none-eabi/lib/thumb/v6-m/nofp/libc.a(lib_a-mallocr.o)
                0x0000000010005534                _malloc_r
 .text.__malloc_lock
                0x0000000010005ab8       0x10 /usr/local/Cellar/arm-none-eabi-gcc/10.3-2021.07/gcc/bin/../lib/gcc/arm-none-eabi/10.3.1/../../../../arm-none-eabi/lib/thumb/v6-m/nofp/libc.a(lib_a-mlock.o)
                0x0000000010005ab8                __malloc_lock
 .text.__malloc_unlock
                0x0000000010005ac8       0x10 /usr/local/Cellar/arm-none-eabi-gcc/10.3-2021.07/gcc/bin/../lib/gcc/arm-none-eabi/10.3.1/../../../../arm-none-eabi/lib/thumb/v6-m/nofp/libc.a(lib_a-mlock.o)
                0x0000000010005ac8                __malloc_unlock
 .text.realloc  0x0000000010005ad8       0x18 /usr/local/Cellar/arm-none-eabi-gcc/10.3-2021.07/gcc/bin/../lib/gcc/arm-none-eabi/10.3.1/../../../../arm-none-eabi/lib/thumb/v6-m/nofp/libc.a(lib_a-realloc.o)
                0x0000000010005ad8                realloc
 .text._realloc_r
                0x0000000010005af0      0x354 /usr/local/Cellar/arm-none-eabi-gcc/10.3-2021.07/gcc/bin/../lib/gcc/arm-none-eabi/10.3.1/../../../../arm-none-eabi/lib/thumb/v6-m/nofp/libc.a(lib_a-reallocr.o)
                0x0000000010005af0                _realloc_r
 .text._sbrk_r  0x0000000010005e44       0x24 /usr/local/Cellar/arm-none-eabi-gcc/10.3-2021.07/gcc/bin/../lib/gcc/arm-none-eabi/10.3.1/../../../../arm-none-eabi/lib/thumb/v6-m/nofp/libc.a(lib_a-sbrkr.o)
                0x0000000010005e44                _sbrk_r
 .text.sscanf   0x0000000010005e68       0x50 /usr/local/Cellar/arm-none-eabi-gcc/10.3-2021.07/gcc/bin/../lib/gcc/arm-none-eabi/10.3.1/../../../../arm-none-eabi/lib/thumb/v6-m/nofp/libc.a(lib_a-sscanf.o)
                0x0000000010005e68                sscanf
 .text.__seofread
                0x0000000010005eb8        0x4 /usr/local/Cellar/arm-none-eabi-gcc/10.3-2021.07/gcc/bin/../lib/gcc/arm-none-eabi/10.3.1/../../../../arm-none-eabi/lib/thumb/v6-m/nofp/libc.a(lib_a-stdio.o)
                0x0000000010005eb8                __seofread
 .text.strlen   0x0000000010005ebc       0x5c /usr/local/Cellar/arm-none-eabi-gcc/10.3-2021.07/gcc/bin/../lib/gcc/arm-none-eabi/10.3.1/../../../../arm-none-eabi/lib/thumb/v6-m/nofp/libc.a(lib_a-strlen-stub.o)
                0x0000000010005ebc                strlen
 .text.__ssvfscanf_r
                0x0000000010005f18     0x17a0 /usr/local/Cellar/arm-none-eabi-gcc/10.3-2021.07/gcc/bin/../lib/gcc/arm-none-eabi/10.3.1/../../../../arm-none-eabi/lib/thumb/v6-m/nofp/libc.a(lib_a-svfscanf.o)
                0x0000000010005f18                __ssvfscanf_r
 .text._malloc_trim_r
                0x00000000100076b8       0x9c /usr/local/Cellar/arm-none-eabi-gcc/10.3-2021.07/gcc/bin/../lib/gcc/arm-none-eabi/10.3.1/../../../../arm-none-eabi/lib/thumb/v6-m/nofp/libc.a(lib_a-freer.o)
                0x00000000100076b8                _malloc_trim_r
 .text._free_r  0x0000000010007754      0x1c4 /usr/local/Cellar/arm-none-eabi-gcc/10.3-2021.07/gcc/bin/../lib/gcc/arm-none-eabi/10.3.1/../../../../arm-none-eabi/lib/thumb/v6-m/nofp/libc.a(lib_a-freer.o)
                0x0000000010007754                _free_r
 .text.iswspace
                0x0000000010007918        0xc /usr/local/Cellar/arm-none-eabi-gcc/10.3-2021.07/gcc/bin/../lib/gcc/arm-none-eabi/10.3.1/../../../../arm-none-eabi/lib/thumb/v6-m/nofp/libc.a(lib_a-iswspace.o)
                0x0000000010007918                iswspace
 .text.iswspace_l
                0x0000000010007924       0x18 /usr/local/Cellar/arm-none-eabi-gcc/10.3-2021.07/gcc/bin/../lib/gcc/arm-none-eabi/10.3.1/../../../../arm-none-eabi/lib/thumb/v6-m/nofp/libc.a(lib_a-iswspace_l.o)
                0x0000000010007924                iswspace_l
 .text.__locale_mb_cur_max
                0x000000001000793c       0x10 /usr/local/Cellar/arm-none-eabi-gcc/10.3-2021.07/gcc/bin/../lib/gcc/arm-none-eabi/10.3.1/../../../../arm-none-eabi/lib/thumb/v6-m/nofp/libc.a(lib_a-locale.o)
                0x000000001000793c                __locale_mb_cur_max
 .text._localeconv_r
                0x000000001000794c        0x8 /usr/local/Cellar/arm-none-eabi-gcc/10.3-2021.07/gcc/bin/../lib/gcc/arm-none-eabi/10.3.1/../../../../arm-none-eabi/lib/thumb/v6-m/nofp/libc.a(lib_a-localeconv.o)
                0x000000001000794c                _localeconv_r
 .text.__retarget_lock_acquire_recursive
                0x0000000010007954        0x4 /usr/local/Cellar/arm-none-eabi-gcc/10.3-2021.07/gcc/bin/../lib/gcc/arm-none-eabi/10.3.1/../../../../arm-none-eabi/lib/thumb/v6-m/nofp/libc.a(lib_a-lock.o)
                0x0000000010007954                __retarget_lock_acquire_recursive
 .text.__retarget_lock_release_recursive
                0x0000000010007958        0x4 /usr/local/Cellar/arm-none-eabi-gcc/10.3-2021.07/gcc/bin/../lib/gcc/arm-none-eabi/10.3.1/../../../../arm-none-eabi/lib/thumb/v6-m/nofp/libc.a(lib_a-lock.o)
                0x0000000010007958                __retarget_lock_release_recursive
 .text._mbrtowc_r
                0x000000001000795c       0x4c /usr/local/Cellar/arm-none-eabi-gcc/10.3-2021.07/gcc/bin/../lib/gcc/arm-none-eabi/10.3.1/../../../../arm-none-eabi/lib/thumb/v6-m/nofp/libc.a(lib_a-mbrtowc.o)
                0x000000001000795c                _mbrtowc_r
 .text.__ascii_mbtowc
                0x00000000100079a8       0x2c /usr/local/Cellar/arm-none-eabi-gcc/10.3-2021.07/gcc/bin/../lib/gcc/arm-none-eabi/10.3.1/../../../../arm-none-eabi/lib/thumb/v6-m/nofp/libc.a(lib_a-mbtowc_r.o)
                0x00000000100079a8                __ascii_mbtowc
 .text.__sccl   0x00000000100079d4       0x80 /usr/local/Cellar/arm-none-eabi-gcc/10.3-2021.07/gcc/bin/../lib/gcc/arm-none-eabi/10.3.1/../../../../arm-none-eabi/lib/thumb/v6-m/nofp/libc.a(lib_a-sccl.o)
                0x00000000100079d4                __sccl
 .text.nanf     0x0000000010007a54        0x8 /usr/local/Cellar/arm-none-eabi-gcc/10.3-2021.07/gcc/bin/../lib/gcc/arm-none-eabi/10.3.1/../../../../arm-none-eabi/lib/thumb/v6-m/nofp/libc.a(lib_a-sf_nan.o)
                0x0000000010007a54                nanf
 .text._strtod_l
                0x0000000010007a5c      0xf78 /usr/local/Cellar/arm-none-eabi-gcc/10.3-2021.07/gcc/bin/../lib/gcc/arm-none-eabi/10.3.1/../../../../arm-none-eabi/lib/thumb/v6-m/nofp/libc.a(lib_a-strtod.o)
                0x0000000010007a5c                _strtod_l
 .text._strtod_r
                0x00000000100089d4       0x10 /usr/local/Cellar/arm-none-eabi-gcc/10.3-2021.07/gcc/bin/../lib/gcc/arm-none-eabi/10.3.1/../../../../arm-none-eabi/lib/thumb/v6-m/nofp/libc.a(lib_a-strtod.o)
                0x00000000100089d4                _strtod_r
 .text._strtol_l.part.0
                0x00000000100089e4      0x144 /usr/local/Cellar/arm-none-eabi-gcc/10.3-2021.07/gcc/bin/../lib/gcc/arm-none-eabi/10.3.1/../../../../arm-none-eabi/lib/thumb/v6-m/nofp/libc.a(lib_a-strtol.o)
 .text._strtol_r
                0x0000000010008b28       0x1c /usr/local/Cellar/arm-none-eabi-gcc/10.3-2021.07/gcc/bin/../lib/gcc/arm-none-eabi/10.3.1/../../../../arm-none-eabi/lib/thumb/v6-m/nofp/libc.a(lib_a-strtol.o)
                0x0000000010008b28                _strtol_r
 .text._strtoll_l.constprop.0
                0x0000000010008b44      0x198 /usr/local/Cellar/arm-none-eabi-gcc/10.3-2021.07/gcc/bin/../lib/gcc/arm-none-eabi/10.3.1/../../../../arm-none-eabi/lib/thumb/v6-m/nofp/libc.a(lib_a-strtoll.o)
 .text._strtoll_r
                0x0000000010008cdc        0x8 /usr/local/Cellar/arm-none-eabi-gcc/10.3-2021.07/gcc/bin/../lib/gcc/arm-none-eabi/10.3.1/../../../../arm-none-eabi/lib/thumb/v6-m/nofp/libc.a(lib_a-strtoll.o)
                0x0000000010008cdc                _strtoll_r
 .text._strtoul_l.constprop.0
                0x0000000010008ce4      0x148 /usr/local/Cellar/arm-none-eabi-gcc/10.3-2021.07/gcc/bin/../lib/gcc/arm-none-eabi/10.3.1/../../../../arm-none-eabi/lib/thumb/v6-m/nofp/libc.a(lib_a-strtoul.o)
 .text._strtoul_r
                0x0000000010008e2c        0x8 /usr/local/Cellar/arm-none-eabi-gcc/10.3-2021.07/gcc/bin/../lib/gcc/arm-none-eabi/10.3.1/../../../../arm-none-eabi/lib/thumb/v6-m/nofp/libc.a(lib_a-strtoul.o)
                0x0000000010008e2c                _strtoul_r
 .text._strtoull_l.constprop.0
                0x0000000010008e34      0x1bc /usr/local/Cellar/arm-none-eabi-gcc/10.3-2021.07/gcc/bin/../lib/gcc/arm-none-eabi/10.3.1/../../../../arm-none-eabi/lib/thumb/v6-m/nofp/libc.a(lib_a-strtoull.o)
 .text._strtoull_r
                0x0000000010008ff0        0x8 /usr/local/Cellar/arm-none-eabi-gcc/10.3-2021.07/gcc/bin/../lib/gcc/arm-none-eabi/10.3.1/../../../../arm-none-eabi/lib/thumb/v6-m/nofp/libc.a(lib_a-strtoull.o)
                0x0000000010008ff0                _strtoull_r
 .text._sungetc_r
                0x0000000010008ff8       0x84 /usr/local/Cellar/arm-none-eabi-gcc/10.3-2021.07/gcc/bin/../lib/gcc/arm-none-eabi/10.3.1/../../../../arm-none-eabi/lib/thumb/v6-m/nofp/libc.a(lib_a-svfiscanf.o)
                0x0000000010008ff8                _sungetc_r
 .text.__ssrefill_r
                0x000000001000907c       0x40 /usr/local/Cellar/arm-none-eabi-gcc/10.3-2021.07/gcc/bin/../lib/gcc/arm-none-eabi/10.3.1/../../../../arm-none-eabi/lib/thumb/v6-m/nofp/libc.a(lib_a-svfiscanf.o)
                0x000000001000907c                __ssrefill_r
 .text._sfread_r
                0x00000000100090bc       0xc4 /usr/local/Cellar/arm-none-eabi-gcc/10.3-2021.07/gcc/bin/../lib/gcc/arm-none-eabi/10.3.1/../../../../arm-none-eabi/lib/thumb/v6-m/nofp/libc.a(lib_a-svfiscanf.o)
                0x00000000100090bc                _sfread_r
 .text.__submore
                0x0000000010009180       0x84 /usr/local/Cellar/arm-none-eabi-gcc/10.3-2021.07/gcc/bin/../lib/gcc/arm-none-eabi/10.3.1/../../../../arm-none-eabi/lib/thumb/v6-m/nofp/libc.a(lib_a-ungetc.o)
                0x0000000010009180                __submore
 .text.__ascii_wctomb
                0x0000000010009204       0x1c /usr/local/Cellar/arm-none-eabi-gcc/10.3-2021.07/gcc/bin/../lib/gcc/arm-none-eabi/10.3.1/../../../../arm-none-eabi/lib/thumb/v6-m/nofp/libc.a(lib_a-wctomb_r.o)
                0x0000000010009204                __ascii_wctomb
 .text.rshift   0x0000000010009220       0xa4 /usr/local/Cellar/arm-none-eabi-gcc/10.3-2021.07/gcc/bin/../lib/gcc/arm-none-eabi/10.3.1/../../../../arm-none-eabi/lib/thumb/v6-m/nofp/libc.a(lib_a-gdtoa-gethex.o)
 .text.__gethex
                0x00000000100092c4      0x5cc /usr/local/Cellar/arm-none-eabi-gcc/10.3-2021.07/gcc/bin/../lib/gcc/arm-none-eabi/10.3.1/../../../../arm-none-eabi/lib/thumb/v6-m/nofp/libc.a(lib_a-gdtoa-gethex.o)
                0x00000000100092c4                __gethex
 .text.__match  0x0000000010009890       0x2c /usr/local/Cellar/arm-none-eabi-gcc/10.3-2021.07/gcc/bin/../lib/gcc/arm-none-eabi/10.3.1/../../../../arm-none-eabi/lib/thumb/v6-m/nofp/libc.a(lib_a-gdtoa-hexnan.o)
                0x0000000010009890                __match
 .text.__hexnan
                0x00000000100098bc      0x1d0 /usr/local/Cellar/arm-none-eabi-gcc/10.3-2021.07/gcc/bin/../lib/gcc/arm-none-eabi/10.3.1/../../../../arm-none-eabi/lib/thumb/v6-m/nofp/libc.a(lib_a-gdtoa-hexnan.o)
                0x00000000100098bc                __hexnan
 .text._Balloc  0x0000000010009a8c       0x50 /usr/local/Cellar/arm-none-eabi-gcc/10.3-2021.07/gcc/bin/../lib/gcc/arm-none-eabi/10.3.1/../../../../arm-none-eabi/lib/thumb/v6-m/nofp/libc.a(lib_a-mprec.o)
                0x0000000010009a8c                _Balloc
 .text._Bfree   0x0000000010009adc       0x14 /usr/local/Cellar/arm-none-eabi-gcc/10.3-2021.07/gcc/bin/../lib/gcc/arm-none-eabi/10.3.1/../../../../arm-none-eabi/lib/thumb/v6-m/nofp/libc.a(lib_a-mprec.o)
                0x0000000010009adc                _Bfree
 .text.__multadd
                0x0000000010009af0       0xa8 /usr/local/Cellar/arm-none-eabi-gcc/10.3-2021.07/gcc/bin/../lib/gcc/arm-none-eabi/10.3.1/../../../../arm-none-eabi/lib/thumb/v6-m/nofp/libc.a(lib_a-mprec.o)
                0x0000000010009af0                __multadd
 .text.__s2b    0x0000000010009b98       0xb0 /usr/local/Cellar/arm-none-eabi-gcc/10.3-2021.07/gcc/bin/../lib/gcc/arm-none-eabi/10.3.1/../../../../arm-none-eabi/lib/thumb/v6-m/nofp/libc.a(lib_a-mprec.o)
                0x0000000010009b98                __s2b
 .text.__hi0bits
                0x0000000010009c48       0x38 /usr/local/Cellar/arm-none-eabi-gcc/10.3-2021.07/gcc/bin/../lib/gcc/arm-none-eabi/10.3.1/../../../../arm-none-eabi/lib/thumb/v6-m/nofp/libc.a(lib_a-mprec.o)
                0x0000000010009c48                __hi0bits
 .text.__lo0bits
                0x0000000010009c80       0x5c /usr/local/Cellar/arm-none-eabi-gcc/10.3-2021.07/gcc/bin/../lib/gcc/arm-none-eabi/10.3.1/../../../../arm-none-eabi/lib/thumb/v6-m/nofp/libc.a(lib_a-mprec.o)
                0x0000000010009c80                __lo0bits
 .text.__i2b    0x0000000010009cdc       0x60 /usr/local/Cellar/arm-none-eabi-gcc/10.3-2021.07/gcc/bin/../lib/gcc/arm-none-eabi/10.3.1/../../../../arm-none-eabi/lib/thumb/v6-m/nofp/libc.a(lib_a-mprec.o)
                0x0000000010009cdc                __i2b
 .text.__multiply
                0x0000000010009d3c      0x1a4 /usr/local/Cellar/arm-none-eabi-gcc/10.3-2021.07/gcc/bin/../lib/gcc/arm-none-eabi/10.3.1/../../../../arm-none-eabi/lib/thumb/v6-m/nofp/libc.a(lib_a-mprec.o)
                0x0000000010009d3c                __multiply
 .text.__pow5mult
                0x0000000010009ee0       0xd8 /usr/local/Cellar/arm-none-eabi-gcc/10.3-2021.07/gcc/bin/../lib/gcc/arm-none-eabi/10.3.1/../../../../arm-none-eabi/lib/thumb/v6-m/nofp/libc.a(lib_a-mprec.o)
                0x0000000010009ee0                __pow5mult
 .text.__lshift
                0x0000000010009fb8       0xfc /usr/local/Cellar/arm-none-eabi-gcc/10.3-2021.07/gcc/bin/../lib/gcc/arm-none-eabi/10.3.1/../../../../arm-none-eabi/lib/thumb/v6-m/nofp/libc.a(lib_a-mprec.o)
                0x0000000010009fb8                __lshift
 .text.__mcmp   0x000000001000a0b4       0x34 /usr/local/Cellar/arm-none-eabi-gcc/10.3-2021.07/gcc/bin/../lib/gcc/arm-none-eabi/10.3.1/../../../../arm-none-eabi/lib/thumb/v6-m/nofp/libc.a(lib_a-mprec.o)
                0x000000001000a0b4                __mcmp
 .text.__mdiff  0x000000001000a0e8      0x18c /usr/local/Cellar/arm-none-eabi-gcc/10.3-2021.07/gcc/bin/../lib/gcc/arm-none-eabi/10.3.1/../../../../arm-none-eabi/lib/thumb/v6-m/nofp/libc.a(lib_a-mprec.o)
                0x000000001000a0e8                __mdiff
 .text.__ulp    0x000000001000a274       0x48 /usr/local/Cellar/arm-none-eabi-gcc/10.3-2021.07/gcc/bin/../lib/gcc/arm-none-eabi/10.3.1/../../../../arm-none-eabi/lib/thumb/v6-m/nofp/libc.a(lib_a-mprec.o)
                0x000000001000a274                __ulp
 .text.__b2d    0x000000001000a2bc       0xc8 /usr/local/Cellar/arm-none-eabi-gcc/10.3-2021.07/gcc/bin/../lib/gcc/arm-none-eabi/10.3.1/../../../../arm-none-eabi/lib/thumb/v6-m/nofp/libc.a(lib_a-mprec.o)
                0x000000001000a2bc                __b2d
 .text.__d2b    0x000000001000a384       0xd8 /usr/local/Cellar/arm-none-eabi-gcc/10.3-2021.07/gcc/bin/../lib/gcc/arm-none-eabi/10.3.1/../../../../arm-none-eabi/lib/thumb/v6-m/nofp/libc.a(lib_a-mprec.o)
                0x000000001000a384                __d2b
 .text.__ratio  0x000000001000a45c       0x68 /usr/local/Cellar/arm-none-eabi-gcc/10.3-2021.07/gcc/bin/../lib/gcc/arm-none-eabi/10.3.1/../../../../arm-none-eabi/lib/thumb/v6-m/nofp/libc.a(lib_a-mprec.o)
                0x000000001000a45c                __ratio
 .text.__copybits
                0x000000001000a4c4       0x40 /usr/local/Cellar/arm-none-eabi-gcc/10.3-2021.07/gcc/bin/../lib/gcc/arm-none-eabi/10.3.1/../../../../arm-none-eabi/lib/thumb/v6-m/nofp/libc.a(lib_a-mprec.o)
                0x000000001000a4c4                __copybits
 .text.__any_on
                0x000000001000a504       0x50 /usr/local/Cellar/arm-none-eabi-gcc/10.3-2021.07/gcc/bin/../lib/gcc/arm-none-eabi/10.3.1/../../../../arm-none-eabi/lib/thumb/v6-m/nofp/libc.a(lib_a-mprec.o)
                0x000000001000a504                __any_on
 .text.nan      0x000000001000a554        0xc /usr/local/Cellar/arm-none-eabi-gcc/10.3-2021.07/gcc/bin/../lib/gcc/arm-none-eabi/10.3.1/../../../../arm-none-eabi/lib/thumb/v6-m/nofp/libc.a(lib_a-s_nan.o)
                0x000000001000a554                nan
 .text.strncmp  0x000000001000a560       0x74 /usr/local/Cellar/arm-none-eabi-gcc/10.3-2021.07/gcc/bin/../lib/gcc/arm-none-eabi/10.3.1/../../../../arm-none-eabi/lib/thumb/v6-m/nofp/libc.a(lib_a-strncmp.o)
                0x000000001000a560                strncmp
 *(.fini)
 .fini          0x000000001000a5d4        0x4 /usr/local/Cellar/arm-none-eabi-gcc/10.3-2021.07/gcc/bin/../lib/gcc/arm-none-eabi/10.3.1/thumb/v6-m/nofp/crti.o
                0x000000001000a5d4                _fini
 .fini.__stub   0x000000001000a5d8       0x60 linker stubs
 *crtbegin.o(.ctors)
 *crtbegin?.o(.ctors)
 *(EXCLUDE_FILE(*crtend.o *crtend?.o) .ctors)
 *(SORT_BY_NAME(.ctors.*))
 *(.ctors)
 *crtbegin.o(.dtors)
 *crtbegin?.o(.dtors)
 *(EXCLUDE_FILE(*crtend.o *crtend?.o) .dtors)
 *(SORT_BY_NAME(.dtors.*))
 *(.dtors)
 *(.eh_frame*)
 .eh_frame      0x000000001000a638        0x0 /usr/local/Cellar/arm-none-eabi-gcc/10.3-2021.07/gcc/bin/../lib/gcc/arm-none-eabi/10.3.1/thumb/v6-m/nofp/crtbegin.o
                0x000000001000a638                . = ALIGN (0x4)

.glue_7         0x000000001000a638        0x0
 .glue_7        0x000000001000a638        0x0 linker stubs

.glue_7t        0x000000001000a638        0x0
 .glue_7t       0x000000001000a638        0x0 linker stubs

.vfp11_veneer   0x000000001000a638        0x0
 .vfp11_veneer  0x000000001000a638        0x0 linker stubs

.v4_bx          0x000000001000a638        0x0
 .v4_bx         0x000000001000a638        0x0 linker stubs

.iplt           0x000000001000a638        0x0
 .iplt          0x000000001000a638        0x0 /usr/local/Cellar/arm-none-eabi-gcc/10.3-2021.07/gcc/bin/../lib/gcc/arm-none-eabi/10.3.1/thumb/v6-m/nofp/crtbegin.o

.rodata         0x000000001000a638     0x19bc
 *(EXCLUDE_FILE(*libm.a: *libc.a:*lib_a-mem*.o *libgcc.a:) .rodata*)
 .rodata.protothread_serial.str1.4
                0x000000001000a638       0x43 CMakeFiles/animation.dir/animation.c.obj
 *fill*         0x000000001000a67b        0x1 
 .rodata.image  0x000000001000a67c      0xc40 CMakeFiles/animation.dir/animation.c.obj
                0x000000001000a67c                image
 .rodata.hsync_program
                0x000000001000b2bc        0x6 CMakeFiles/animation.dir/vga_graphics.c.obj
 *fill*         0x000000001000b2c2        0x2 
 .rodata.hsync_program_instructions
                0x000000001000b2c4       0x12 CMakeFiles/animation.dir/vga_graphics.c.obj
 *fill*         0x000000001000b2d6        0x2 
 .rodata.rgb_program
                0x000000001000b2d8        0x6 CMakeFiles/animation.dir/vga_graphics.c.obj
 *fill*         0x000000001000b2de        0x2 
 .rodata.rgb_program_instructions
                0x000000001000b2e0       0x12 CMakeFiles/animation.dir/vga_graphics.c.obj
 *fill*         0x000000001000b2f2        0x2 
 .rodata.vsync_program
                0x000000001000b2f4        0x6 CMakeFiles/animation.dir/vga_graphics.c.obj
 *fill*         0x000000001000b2fa        0x2 
 .rodata.vsync_program_instructions
                0x000000001000b2fc       0x1c CMakeFiles/animation.dir/vga_graphics.c.obj
 .rodata.hardware_alarm_claim.str1.4
                0x000000001000b318       0x22 CMakeFiles/animation.dir/Users/anya/Pico/pico-sdk/src/rp2_common/hardware_timer/timer.c.obj
 *fill*         0x000000001000b33a        0x2 
 .rodata.__assert_func.str1.4
                0x000000001000b33c       0x3f CMakeFiles/animation.dir/Users/anya/Pico/pico-sdk/src/rp2_common/pico_runtime/runtime.c.obj
                                         0x43 (size before relaxing)
 *fill*         0x000000001000b37b        0x1 
 .rodata.panic.str1.4
                0x000000001000b37c       0x12 CMakeFiles/animation.dir/Users/anya/Pico/pico-sdk/src/rp2_common/pico_runtime/runtime.c.obj
 *fill*         0x000000001000b38e        0x2 
 .rodata.hard_assertion_failure.str1.4
                0x000000001000b390        0xc CMakeFiles/animation.dir/Users/anya/Pico/pico-sdk/src/rp2_common/pico_runtime/runtime.c.obj
 .rodata._ftoa.str1.4
                0x000000001000b39c       0x15 CMakeFiles/animation.dir/Users/anya/Pico/pico-sdk/src/rp2_common/pico_printf/printf.c.obj
 *fill*         0x000000001000b3b1        0x3 
 .rodata._vsnprintf
                0x000000001000b3b4      0x1e0 CMakeFiles/animation.dir/Users/anya/Pico/pico-sdk/src/rp2_common/pico_printf/printf.c.obj
 *fill*         0x000000001000b594        0x4 
 .rodata.pow10.0
                0x000000001000b598       0x50 CMakeFiles/animation.dir/Users/anya/Pico/pico-sdk/src/rp2_common/pico_printf/printf.c.obj
 .rodata.__wrap_malloc.str1.4
                0x000000001000b5e8        0xe CMakeFiles/animation.dir/Users/anya/Pico/pico-sdk/src/rp2_common/pico_malloc/pico_malloc.c.obj
 *fill*         0x000000001000b5f6        0x2 
 .rodata.str1.4
                0x000000001000b5f8       0x40 CMakeFiles/animation.dir/Users/anya/Pico/pico-sdk/src/rp2_common/pico_standard_link/binary_info.c.obj
 .rodata.__bi_44
                0x000000001000b638        0xc CMakeFiles/animation.dir/Users/anya/Pico/pico-sdk/src/rp2_common/pico_standard_link/binary_info.c.obj
 .rodata.__bi_75
                0x000000001000b644        0xc CMakeFiles/animation.dir/Users/anya/Pico/pico-sdk/src/rp2_common/pico_standard_link/binary_info.c.obj
 .rodata.__bi_81
                0x000000001000b650        0xc CMakeFiles/animation.dir/Users/anya/Pico/pico-sdk/src/rp2_common/pico_standard_link/binary_info.c.obj
 .rodata.crlf_str.0
                0x000000001000b65c        0x2 CMakeFiles/animation.dir/Users/anya/Pico/pico-sdk/src/rp2_common/pico_stdio/stdio.c.obj
 *fill*         0x000000001000b65e        0x2 
 .rodata.str1.4
                0x000000001000b660       0x2c CMakeFiles/animation.dir/Users/anya/Pico/pico-sdk/src/rp2_common/pico_stdio_uart/stdio_uart.c.obj
 .rodata.__bi_28.4
                0x000000001000b68c        0xc CMakeFiles/animation.dir/Users/anya/Pico/pico-sdk/src/rp2_common/pico_stdio_uart/stdio_uart.c.obj
 .rodata.__bi_29.5
                0x000000001000b698        0x8 CMakeFiles/animation.dir/Users/anya/Pico/pico-sdk/src/rp2_common/pico_stdio_uart/stdio_uart.c.obj
 .rodata.str1.4
                0x000000001000b6a0       0x18 CMakeFiles/animation.dir/Users/anya/Pico/pico-sdk/src/rp2_common/pico_bootsel_via_double_reset/pico_bootsel_via_double_reset.c.obj
 .rodata.__bi_35
                0x000000001000b6b8        0xc CMakeFiles/animation.dir/Users/anya/Pico/pico-sdk/src/rp2_common/pico_bootsel_via_double_reset/pico_bootsel_via_double_reset.c.obj
 .rodata.pio_add_program.str1.4
                0x000000001000b6c4       0x11 CMakeFiles/animation.dir/Users/anya/Pico/pico-sdk/src/rp2_common/hardware_pio/pio.c.obj
 *fill*         0x000000001000b6d5        0x3 
 .rodata.__ssvfscanf_r.str1.4
                0x000000001000b6d8        0x5 /usr/local/Cellar/arm-none-eabi-gcc/10.3-2021.07/gcc/bin/../lib/gcc/arm-none-eabi/10.3.1/../../../../arm-none-eabi/lib/thumb/v6-m/nofp/libc.a(lib_a-svfscanf.o)
                                          0x9 (size before relaxing)
 *fill*         0x000000001000b6dd        0x3 
 .rodata.__ssvfscanf_r
                0x000000001000b6e0      0x3cc /usr/local/Cellar/arm-none-eabi-gcc/10.3-2021.07/gcc/bin/../lib/gcc/arm-none-eabi/10.3.1/../../../../arm-none-eabi/lib/thumb/v6-m/nofp/libc.a(lib_a-svfscanf.o)
 .rodata.basefix.0
                0x000000001000baac       0x22 /usr/local/Cellar/arm-none-eabi-gcc/10.3-2021.07/gcc/bin/../lib/gcc/arm-none-eabi/10.3.1/../../../../arm-none-eabi/lib/thumb/v6-m/nofp/libc.a(lib_a-svfscanf.o)
 *fill*         0x000000001000bace        0x2 
 .rodata._ctype_
                0x000000001000bad0      0x101 /usr/local/Cellar/arm-none-eabi-gcc/10.3-2021.07/gcc/bin/../lib/gcc/arm-none-eabi/10.3.1/../../../../arm-none-eabi/lib/thumb/v6-m/nofp/libc.a(lib_a-ctype_.o)
                0x000000001000bad0                _ctype_
 *fill*         0x000000001000bbd1        0x3 
 .rodata._setlocale_r.str1.4
                0x000000001000bbd4        0xa /usr/local/Cellar/arm-none-eabi-gcc/10.3-2021.07/gcc/bin/../lib/gcc/arm-none-eabi/10.3.1/../../../../arm-none-eabi/lib/thumb/v6-m/nofp/libc.a(lib_a-locale.o)
                                          0xd (size before relaxing)
 *fill*         0x000000001000bbde        0x2 
 .rodata.str1.4
                0x000000001000bbe0        0x2 /usr/local/Cellar/arm-none-eabi-gcc/10.3-2021.07/gcc/bin/../lib/gcc/arm-none-eabi/10.3.1/../../../../arm-none-eabi/lib/thumb/v6-m/nofp/libc.a(lib_a-locale.o)
 .rodata._mbrtowc_r.str1.4
                0x000000001000bbe2        0x1 /usr/local/Cellar/arm-none-eabi-gcc/10.3-2021.07/gcc/bin/../lib/gcc/arm-none-eabi/10.3.1/../../../../arm-none-eabi/lib/thumb/v6-m/nofp/libc.a(lib_a-mbrtowc.o)
 *fill*         0x000000001000bbe2        0x2 
 .rodata._strtod_l.str1.4
                0x000000001000bbe4        0xf /usr/local/Cellar/arm-none-eabi-gcc/10.3-2021.07/gcc/bin/../lib/gcc/arm-none-eabi/10.3.1/../../../../arm-none-eabi/lib/thumb/v6-m/nofp/libc.a(lib_a-strtod.o)
                                         0x11 (size before relaxing)
 *fill*         0x000000001000bbf3        0x1 
 .rodata._strtod_l
                0x000000001000bbf4       0xd0 /usr/local/Cellar/arm-none-eabi-gcc/10.3-2021.07/gcc/bin/../lib/gcc/arm-none-eabi/10.3.1/../../../../arm-none-eabi/lib/thumb/v6-m/nofp/libc.a(lib_a-strtod.o)
 .rodata.fpi.1  0x000000001000bcc4       0x14 /usr/local/Cellar/arm-none-eabi-gcc/10.3-2021.07/gcc/bin/../lib/gcc/arm-none-eabi/10.3.1/../../../../arm-none-eabi/lib/thumb/v6-m/nofp/libc.a(lib_a-strtod.o)
 .rodata.fpinan.0
                0x000000001000bcd8       0x14 /usr/local/Cellar/arm-none-eabi-gcc/10.3-2021.07/gcc/bin/../lib/gcc/arm-none-eabi/10.3.1/../../../../arm-none-eabi/lib/thumb/v6-m/nofp/libc.a(lib_a-strtod.o)
 *fill*         0x000000001000bcec        0x4 
 .rodata.tinytens
                0x000000001000bcf0       0x28 /usr/local/Cellar/arm-none-eabi-gcc/10.3-2021.07/gcc/bin/../lib/gcc/arm-none-eabi/10.3.1/../../../../arm-none-eabi/lib/thumb/v6-m/nofp/libc.a(lib_a-strtod.o)
 .rodata.__gethex.str1.4
                0x000000001000bd18       0x76 /usr/local/Cellar/arm-none-eabi-gcc/10.3-2021.07/gcc/bin/../lib/gcc/arm-none-eabi/10.3.1/../../../../arm-none-eabi/lib/thumb/v6-m/nofp/libc.a(lib_a-gdtoa-gethex.o)
 *fill*         0x000000001000bd8e        0x2 
 .rodata.__hexdig
                0x000000001000bd90      0x100 /usr/local/Cellar/arm-none-eabi-gcc/10.3-2021.07/gcc/bin/../lib/gcc/arm-none-eabi/10.3.1/../../../../arm-none-eabi/lib/thumb/v6-m/nofp/libc.a(lib_a-gdtoa-gethex.o)
                0x000000001000bd90                __hexdig
 .rodata.str1.4
                0x000000001000be90        0x5 /usr/local/Cellar/arm-none-eabi-gcc/10.3-2021.07/gcc/bin/../lib/gcc/arm-none-eabi/10.3.1/../../../../arm-none-eabi/lib/thumb/v6-m/nofp/libc.a(lib_a-lnumeric.o)
 .rodata._C_numeric_locale
                0x000000001000be90        0xc /usr/local/Cellar/arm-none-eabi-gcc/10.3-2021.07/gcc/bin/../lib/gcc/arm-none-eabi/10.3.1/../../../../arm-none-eabi/lib/thumb/v6-m/nofp/libc.a(lib_a-lnumeric.o)
                0x000000001000be90                _C_numeric_locale
 .rodata.__multadd.str1.4
                0x000000001000be9c       0x5b /usr/local/Cellar/arm-none-eabi-gcc/10.3-2021.07/gcc/bin/../lib/gcc/arm-none-eabi/10.3.1/../../../../arm-none-eabi/lib/thumb/v6-m/nofp/libc.a(lib_a-mprec.o)
                                         0x6f (size before relaxing)
 *fill*         0x000000001000bef7        0x1 
 .rodata.__mprec_bigtens
                0x000000001000bef8       0x28 /usr/local/Cellar/arm-none-eabi-gcc/10.3-2021.07/gcc/bin/../lib/gcc/arm-none-eabi/10.3.1/../../../../arm-none-eabi/lib/thumb/v6-m/nofp/libc.a(lib_a-mprec.o)
                0x000000001000bef8                __mprec_bigtens
 .rodata.__mprec_tens
                0x000000001000bf20       0xc8 /usr/local/Cellar/arm-none-eabi-gcc/10.3-2021.07/gcc/bin/../lib/gcc/arm-none-eabi/10.3.1/../../../../arm-none-eabi/lib/thumb/v6-m/nofp/libc.a(lib_a-mprec.o)
                0x000000001000bf20                __mprec_tens
 .rodata.p05.0  0x000000001000bfe8        0xc /usr/local/Cellar/arm-none-eabi-gcc/10.3-2021.07/gcc/bin/../lib/gcc/arm-none-eabi/10.3.1/../../../../arm-none-eabi/lib/thumb/v6-m/nofp/libc.a(lib_a-mprec.o)
                0x000000001000bff4                . = ALIGN (0x4)
 *(SORT_BY_ALIGNMENT(SORT_BY_NAME(.flashdata*)))
                0x000000001000bff4                . = ALIGN (0x4)

.rel.dyn        0x000000001000bff4        0x0
 .rel.iplt      0x000000001000bff4        0x0 /usr/local/Cellar/arm-none-eabi-gcc/10.3-2021.07/gcc/bin/../lib/gcc/arm-none-eabi/10.3.1/thumb/v6-m/nofp/crtbegin.o

.ARM.extab
 *(.ARM.extab* .gnu.linkonce.armextab.*)
                0x000000001000bff4                __exidx_start = .

.ARM.exidx
 *(.ARM.exidx* .gnu.linkonce.armexidx.*)
                0x000000001000bff4                __exidx_end = .
                0x000000001000bff4                . = ALIGN (0x4)
                0x000000001000bff4                __binary_info_start = .

.binary_info    0x000000001000bff4       0x28
 *(.binary_info.keep.*)
 .binary_info.keep.__bi_ptr22
                0x000000001000bff4        0x4 CMakeFiles/animation.dir/Users/anya/Pico/pico-sdk/src/rp2_common/pico_standard_link/binary_info.c.obj
 .binary_info.keep.__bi_ptr30
                0x000000001000bff8        0x4 CMakeFiles/animation.dir/Users/anya/Pico/pico-sdk/src/rp2_common/pico_standard_link/binary_info.c.obj
 .binary_info.keep.__bi_ptr38
                0x000000001000bffc        0x4 CMakeFiles/animation.dir/Users/anya/Pico/pico-sdk/src/rp2_common/pico_standard_link/binary_info.c.obj
 .binary_info.keep.__bi_ptr44
                0x000000001000c000        0x4 CMakeFiles/animation.dir/Users/anya/Pico/pico-sdk/src/rp2_common/pico_standard_link/binary_info.c.obj
 .binary_info.keep.__bi_ptr50
                0x000000001000c004        0x4 CMakeFiles/animation.dir/Users/anya/Pico/pico-sdk/src/rp2_common/pico_standard_link/binary_info.c.obj
 .binary_info.keep.__bi_ptr75
                0x000000001000c008        0x4 CMakeFiles/animation.dir/Users/anya/Pico/pico-sdk/src/rp2_common/pico_standard_link/binary_info.c.obj
 .binary_info.keep.__bi_ptr81
                0x000000001000c00c        0x4 CMakeFiles/animation.dir/Users/anya/Pico/pico-sdk/src/rp2_common/pico_standard_link/binary_info.c.obj
 .binary_info.keep.__bi_ptr35
                0x000000001000c010        0x4 CMakeFiles/animation.dir/Users/anya/Pico/pico-sdk/src/rp2_common/pico_bootsel_via_double_reset/pico_bootsel_via_double_reset.c.obj
 *(.binary_info.*)
 .binary_info.__bi_ptr28
                0x000000001000c014        0x4 CMakeFiles/animation.dir/Users/anya/Pico/pico-sdk/src/rp2_common/pico_stdio_uart/stdio_uart.c.obj
 .binary_info.__bi_ptr29
                0x000000001000c018        0x4 CMakeFiles/animation.dir/Users/anya/Pico/pico-sdk/src/rp2_common/pico_stdio_uart/stdio_uart.c.obj
                0x000000001000c01c                __binary_info_end = .
                0x000000001000c01c                . = ALIGN (0x4)
                0x000000001000c01c                __etext = .

.ram_vector_table
                0x0000000020000000       0xc0
 *(.ram_vector_table)
 .ram_vector_table
                0x0000000020000000       0xc0 CMakeFiles/animation.dir/Users/anya/Pico/pico-sdk/src/rp2_common/pico_runtime/runtime.c.obj
                0x0000000020000000                ram_vector_table

.data           0x00000000200000c0      0xbe8 load address 0x000000001000c01c
                0x00000000200000c0                __data_start__ = .
 *(vtable)
 *(.time_critical*)
 .time_critical.mutex_enter_blocking
                0x00000000200000c0       0x48 CMakeFiles/animation.dir/Users/anya/Pico/pico-sdk/src/common/pico_sync/mutex.c.obj
                0x00000000200000c0                mutex_enter_blocking
 .time_critical.mutex_try_enter
                0x0000000020000108       0x44 CMakeFiles/animation.dir/Users/anya/Pico/pico-sdk/src/common/pico_sync/mutex.c.obj
                0x0000000020000108                mutex_try_enter
 .time_critical.mutex_exit
                0x000000002000014c       0x28 CMakeFiles/animation.dir/Users/anya/Pico/pico-sdk/src/common/pico_sync/mutex.c.obj
                0x000000002000014c                mutex_exit
 *(.text*)
 .text          0x0000000020000174        0x4 /usr/local/Cellar/arm-none-eabi-gcc/10.3-2021.07/gcc/bin/../lib/gcc/arm-none-eabi/10.3.1/thumb/v6-m/nofp/libgcc.a(_dvmd_tls.o)
                0x0000000020000174                __aeabi_ldiv0
                0x0000000020000174                __aeabi_idiv0
 .text.memmove  0x0000000020000178       0xac /usr/local/Cellar/arm-none-eabi-gcc/10.3-2021.07/gcc/bin/../lib/gcc/arm-none-eabi/10.3.1/../../../../arm-none-eabi/lib/thumb/v6-m/nofp/libc.a(lib_a-memmove.o)
                0x0000000020000178                memmove
                0x0000000020000224                . = ALIGN (0x4)
 *(.rodata*)
                0x0000000020000224                . = ALIGN (0x4)
 *(.data*)
 .data.color    0x0000000020000224        0x1 CMakeFiles/animation.dir/animation.c.obj
                0x0000000020000224                color
 *fill*         0x0000000020000225        0x3 
 .data.address_pointer
                0x0000000020000228        0x4 CMakeFiles/animation.dir/vga_graphics.c.obj
                0x0000000020000228                address_pointer
 .data.striped_spin_lock_num
                0x000000002000022c        0x1 CMakeFiles/animation.dir/Users/anya/Pico/pico-sdk/src/rp2_common/hardware_sync/sync.c.obj
 *fill*         0x000000002000022d        0x3 
 .data          0x0000000020000230       0x48 CMakeFiles/animation.dir/Users/anya/Pico/pico-sdk/src/rp2_common/hardware_irq/irq_handler_chain.S.obj
                0x0000000020000230                irq_handler_chain_slots
                0x0000000020000260                irq_handler_chain_first_slot
                0x000000002000026a                irq_handler_chain_remove_tail
 .data.default_alarm_pool
                0x0000000020000278       0x18 CMakeFiles/animation.dir/Users/anya/Pico/pico-sdk/src/common/pico_time/time.c.obj
 .data.default_alarm_pool_heap
                0x0000000020000290       0x10 CMakeFiles/animation.dir/Users/anya/Pico/pico-sdk/src/common/pico_time/time.c.obj
 .data.aeabi_bits_funcs
                0x00000000200002a0       0x10 CMakeFiles/animation.dir/Users/anya/Pico/pico-sdk/src/rp2_common/pico_bit_ops/bit_ops_aeabi.S.obj
                0x00000000200002a0                aeabi_bits_funcs
                0x00000000200002b0                aeabi_bits_funcs_end
 .data.aeabi_mem_funcs
                0x00000000200002b0       0x10 CMakeFiles/animation.dir/Users/anya/Pico/pico-sdk/src/rp2_common/pico_mem_ops/mem_ops_aeabi.S.obj
                0x00000000200002b0                aeabi_mem_funcs
                0x00000000200002c0                aeabi_mem_funcs_end
 .data.stdio_uart
                0x00000000200002c0       0x14 CMakeFiles/animation.dir/Users/anya/Pico/pico-sdk/src/rp2_common/pico_stdio_uart/stdio_uart.c.obj
                0x00000000200002c0                stdio_uart
 .data._impure_ptr
                0x00000000200002d4        0x4 /usr/local/Cellar/arm-none-eabi-gcc/10.3-2021.07/gcc/bin/../lib/gcc/arm-none-eabi/10.3.1/../../../../arm-none-eabi/lib/thumb/v6-m/nofp/libc.a(lib_a-impure.o)
                0x00000000200002d4                _impure_ptr
 .data.impure_data
                0x00000000200002d8      0x428 /usr/local/Cellar/arm-none-eabi-gcc/10.3-2021.07/gcc/bin/../lib/gcc/arm-none-eabi/10.3.1/../../../../arm-none-eabi/lib/thumb/v6-m/nofp/libc.a(lib_a-impure.o)
 .data.__malloc_av_
                0x0000000020000700      0x408 /usr/local/Cellar/arm-none-eabi-gcc/10.3-2021.07/gcc/bin/../lib/gcc/arm-none-eabi/10.3.1/../../../../arm-none-eabi/lib/thumb/v6-m/nofp/libc.a(lib_a-mallocr.o)
                0x0000000020000700                __malloc_av_
 .data.__malloc_sbrk_base
                0x0000000020000b08        0x4 /usr/local/Cellar/arm-none-eabi-gcc/10.3-2021.07/gcc/bin/../lib/gcc/arm-none-eabi/10.3.1/../../../../arm-none-eabi/lib/thumb/v6-m/nofp/libc.a(lib_a-mallocr.o)
                0x0000000020000b08                __malloc_sbrk_base
 .data.__malloc_trim_threshold
                0x0000000020000b0c        0x4 /usr/local/Cellar/arm-none-eabi-gcc/10.3-2021.07/gcc/bin/../lib/gcc/arm-none-eabi/10.3.1/../../../../arm-none-eabi/lib/thumb/v6-m/nofp/libc.a(lib_a-mallocr.o)
                0x0000000020000b0c                __malloc_trim_threshold
 .data.__global_locale
                0x0000000020000b10      0x16c /usr/local/Cellar/arm-none-eabi-gcc/10.3-2021.07/gcc/bin/../lib/gcc/arm-none-eabi/10.3.1/../../../../arm-none-eabi/lib/thumb/v6-m/nofp/libc.a(lib_a-locale.o)
                0x0000000020000b10                __global_locale
 .data.numempty
                0x0000000020000c7c        0x2 /usr/local/Cellar/arm-none-eabi-gcc/10.3-2021.07/gcc/bin/../lib/gcc/arm-none-eabi/10.3.1/../../../../arm-none-eabi/lib/thumb/v6-m/nofp/libc.a(lib_a-lnumeric.o)
                0x0000000020000c80                . = ALIGN (0x4)
 *fill*         0x0000000020000c7e        0x2 
 *(.after_data.*)
                0x0000000020000c80                . = ALIGN (0x4)
                0x0000000020000c80                PROVIDE (__mutex_array_start = .)
 *(SORT_BY_NAME(.mutex_array.*))
 *(.mutex_array)
 .mutex_array   0x0000000020000c80        0x8 CMakeFiles/animation.dir/Users/anya/Pico/pico-sdk/src/rp2_common/pico_malloc/pico_malloc.c.obj
 .mutex_array   0x0000000020000c88        0x8 CMakeFiles/animation.dir/Users/anya/Pico/pico-sdk/src/rp2_common/pico_stdio/stdio.c.obj
                0x0000000020000c90                PROVIDE (__mutex_array_end = .)
                0x0000000020000c90                . = ALIGN (0x4)
                0x0000000020000c90                PROVIDE (__preinit_array_start = .)
 *(SORT_BY_NAME(.preinit_array.*))
 .preinit_array.00001
                0x0000000020000c90        0x4 CMakeFiles/animation.dir/Users/anya/Pico/pico-sdk/src/rp2_common/pico_mem_ops/mem_ops_aeabi.S.obj
 .preinit_array.00010
                0x0000000020000c94        0x4 CMakeFiles/animation.dir/Users/anya/Pico/pico-sdk/src/rp2_common/pico_bit_ops/bit_ops_aeabi.S.obj
 .preinit_array.00020
                0x0000000020000c98        0x4 CMakeFiles/animation.dir/Users/anya/Pico/pico-sdk/src/rp2_common/pico_double/double_aeabi.S.obj
 .preinit_array.00020
                0x0000000020000c9c        0x4 CMakeFiles/animation.dir/Users/anya/Pico/pico-sdk/src/rp2_common/pico_float/float_aeabi.S.obj
 *(.preinit_array)
                0x0000000020000ca0                PROVIDE (__preinit_array_end = .)
                0x0000000020000ca0                . = ALIGN (0x4)
                0x0000000020000ca0                PROVIDE (__init_array_start = .)
 *(SORT_BY_NAME(.init_array.*))
 *(.init_array)
 .init_array    0x0000000020000ca0        0x4 /usr/local/Cellar/arm-none-eabi-gcc/10.3-2021.07/gcc/bin/../lib/gcc/arm-none-eabi/10.3.1/thumb/v6-m/nofp/crtbegin.o
 .init_array    0x0000000020000ca4        0x4 CMakeFiles/animation.dir/Users/anya/Pico/pico-sdk/src/rp2_common/pico_bootsel_via_double_reset/pico_bootsel_via_double_reset.c.obj
                0x0000000020000ca8                PROVIDE (__init_array_end = .)
                0x0000000020000ca8                . = ALIGN (0x4)
                [!provide]                        PROVIDE (__fini_array_start = .)
 *(SORT_BY_NAME(.fini_array.*))
 *(.fini_array)
                [!provide]                        PROVIDE (__fini_array_end = .)
 *(.jcr)
                0x0000000020000ca8                . = ALIGN (0x4)
                0x0000000020000ca8                __data_end__ = .

.igot.plt       0x0000000020000ca8        0x0 load address 0x000000001000cc04
 .igot.plt      0x0000000020000ca8        0x0 /usr/local/Cellar/arm-none-eabi-gcc/10.3-2021.07/gcc/bin/../lib/gcc/arm-none-eabi/10.3.1/thumb/v6-m/nofp/crtbegin.o

.uninitialized_ram.magic_location
                0x0000000020000ca8        0xc load address 0x000000001000cc04
 .uninitialized_ram.magic_location
                0x0000000020000ca8        0xc CMakeFiles/animation.dir/Users/anya/Pico/pico-sdk/src/rp2_common/pico_bootsel_via_double_reset/pico_bootsel_via_double_reset.c.obj

.uninitialized_data
                0x0000000020000cb4        0x0 load address 0x000000001000cc10
                0x0000000020000cb4                . = ALIGN (0x4)
 *(.uninitialized_data*)

.scratch_x      0x0000000020040000        0x0 load address 0x000000001000cc10
                0x0000000020040000                __scratch_x_start__ = .
 *(.scratch_x.*)
                0x0000000020040000                . = ALIGN (0x4)
                0x0000000020040000                __scratch_x_end__ = .
                0x000000001000cc10                __scratch_x_source__ = LOADADDR (.scratch_x)

.scratch_y      0x0000000020041000        0x0 load address 0x000000001000cc10
                0x0000000020041000                __scratch_y_start__ = .
 *(.scratch_y.*)
                0x0000000020041000                . = ALIGN (0x4)
                0x0000000020041000                __scratch_y_end__ = .
                0x000000001000cc10                __scratch_y_source__ = LOADADDR (.scratch_y)

.bss            0x0000000020000cb8    0x25e3c
                0x0000000020000cb8                . = ALIGN (0x4)
                0x0000000020000cb8                __bss_start__ = .
 *(SORT_BY_ALIGNMENT(SORT_BY_NAME(.bss*)))
 .bss.default_alarm_pool_entries
                0x0000000020000cb8      0x100 CMakeFiles/animation.dir/Users/anya/Pico/pico-sdk/src/common/pico_time/time.c.obj
 .bss.sd_table  0x0000000020000db8      0x100 CMakeFiles/animation.dir/Users/anya/Pico/pico-sdk/src/rp2_common/pico_double/double_init_rom.c.obj
                0x0000000020000db8                sd_table
 .bss.sf_table  0x0000000020000eb8      0x100 CMakeFiles/animation.dir/Users/anya/Pico/pico-sdk/src/rp2_common/pico_float/float_init_rom.c.obj
                0x0000000020000eb8                sf_table
 .bss           0x0000000020000fb8       0x1c /usr/local/Cellar/arm-none-eabi-gcc/10.3-2021.07/gcc/bin/../lib/gcc/arm-none-eabi/10.3.1/thumb/v6-m/nofp/crtbegin.o
 .bss.__lock___malloc_recursive_mutex
                0x0000000020000fd4        0x1 /usr/local/Cellar/arm-none-eabi-gcc/10.3-2021.07/gcc/bin/../lib/gcc/arm-none-eabi/10.3.1/../../../../arm-none-eabi/lib/thumb/v6-m/nofp/libc.a(lib_a-lock.o)
                0x0000000020000fd4                __lock___malloc_recursive_mutex
 *fill*         0x0000000020000fd5        0x3 
 .bss.__malloc_current_mallinfo
                0x0000000020000fd8       0x28 /usr/local/Cellar/arm-none-eabi-gcc/10.3-2021.07/gcc/bin/../lib/gcc/arm-none-eabi/10.3.1/../../../../arm-none-eabi/lib/thumb/v6-m/nofp/libc.a(lib_a-mallocr.o)
                0x0000000020000fd8                __malloc_current_mallinfo
 .bss.__malloc_max_sbrked_mem
                0x0000000020001000        0x4 /usr/local/Cellar/arm-none-eabi-gcc/10.3-2021.07/gcc/bin/../lib/gcc/arm-none-eabi/10.3.1/../../../../arm-none-eabi/lib/thumb/v6-m/nofp/libc.a(lib_a-mallocr.o)
                0x0000000020001000                __malloc_max_sbrked_mem
 .bss.__malloc_max_total_mem
                0x0000000020001004        0x4 /usr/local/Cellar/arm-none-eabi-gcc/10.3-2021.07/gcc/bin/../lib/gcc/arm-none-eabi/10.3.1/../../../../arm-none-eabi/lib/thumb/v6-m/nofp/libc.a(lib_a-mallocr.o)
                0x0000000020001004                __malloc_max_total_mem
 .bss.__malloc_top_pad
                0x0000000020001008        0x4 /usr/local/Cellar/arm-none-eabi-gcc/10.3-2021.07/gcc/bin/../lib/gcc/arm-none-eabi/10.3.1/../../../../arm-none-eabi/lib/thumb/v6-m/nofp/libc.a(lib_a-mallocr.o)
                0x0000000020001008                __malloc_top_pad
 .bss._used_instruction_space
                0x000000002000100c        0x8 CMakeFiles/animation.dir/Users/anya/Pico/pico-sdk/src/rp2_common/hardware_pio/pio.c.obj
 .bss.alarm_callbacks
                0x0000000020001014       0x10 CMakeFiles/animation.dir/Users/anya/Pico/pico-sdk/src/rp2_common/hardware_timer/timer.c.obj
 .bss.begin_time.11
                0x0000000020001024        0x4 CMakeFiles/animation.dir/animation.c.obj
 .bss.begin_time.6
                0x0000000020001028        0x4 CMakeFiles/animation.dir/animation.c.obj
 .bss.boid0_vx  0x000000002000102c        0x4 CMakeFiles/animation.dir/animation.c.obj
                0x000000002000102c                boid0_vx
 .bss.boid0_vy  0x0000000020001030        0x4 CMakeFiles/animation.dir/animation.c.obj
                0x0000000020001030                boid0_vy
 .bss.boid0_x   0x0000000020001034        0x4 CMakeFiles/animation.dir/animation.c.obj
                0x0000000020001034                boid0_x
 .bss.boid0_y   0x0000000020001038        0x4 CMakeFiles/animation.dir/animation.c.obj
                0x0000000020001038                boid0_y
 .bss.boid1_vx  0x000000002000103c        0x4 CMakeFiles/animation.dir/animation.c.obj
                0x000000002000103c                boid1_vx
 .bss.boid1_vy  0x0000000020001040        0x4 CMakeFiles/animation.dir/animation.c.obj
                0x0000000020001040                boid1_vy
 .bss.boid1_x   0x0000000020001044        0x4 CMakeFiles/animation.dir/animation.c.obj
                0x0000000020001044                boid1_x
 .bss.boid1_y   0x0000000020001048        0x4 CMakeFiles/animation.dir/animation.c.obj
                0x0000000020001048                boid1_y
 .bss.configured_freq
                0x000000002000104c       0x28 CMakeFiles/animation.dir/Users/anya/Pico/pico-sdk/src/rp2_common/hardware_clocks/clocks.c.obj
 .bss.default_alarm_pool_entry_ids_high
                0x0000000020001074       0x10 CMakeFiles/animation.dir/Users/anya/Pico/pico-sdk/src/common/pico_time/time.c.obj
 .bss.default_alarm_pool_heap_nodes
                0x0000000020001084       0x30 CMakeFiles/animation.dir/Users/anya/Pico/pico-sdk/src/common/pico_time/time.c.obj
 .bss.drivers   0x00000000200010b4        0x4 CMakeFiles/animation.dir/Users/anya/Pico/pico-sdk/src/rp2_common/pico_stdio/stdio.c.obj
 .bss.errno     0x00000000200010b8        0x4 /usr/local/Cellar/arm-none-eabi-gcc/10.3-2021.07/gcc/bin/../lib/gcc/arm-none-eabi/10.3.1/../../../../arm-none-eabi/lib/thumb/v6-m/nofp/libc.a(lib_a-reent.o)
                0x00000000200010b8                errno
 .bss.filter    0x00000000200010bc        0x4 CMakeFiles/animation.dir/Users/anya/Pico/pico-sdk/src/rp2_common/pico_stdio/stdio.c.obj
 .bss.heap_end.0
                0x00000000200010c0        0x4 CMakeFiles/animation.dir/Users/anya/Pico/pico-sdk/src/rp2_common/pico_runtime/runtime.c.obj
 .bss.i.7       0x00000000200010c4        0x4 CMakeFiles/animation.dir/animation.c.obj
 .bss.i.8       0x00000000200010c8        0x4 CMakeFiles/animation.dir/animation.c.obj
 .bss.lazy_vsnprintf
                0x00000000200010cc        0x4 CMakeFiles/animation.dir/Users/anya/Pico/pico-sdk/src/rp2_common/pico_printf/printf.c.obj
 .bss.num_send_chars.12
                0x00000000200010d0        0x4 CMakeFiles/animation.dir/animation.c.obj
 .bss.pools     0x00000000200010d4       0x10 CMakeFiles/animation.dir/Users/anya/Pico/pico-sdk/src/common/pico_time/time.c.obj
 .bss.pt_current_char_count.1
                0x00000000200010e4        0x4 CMakeFiles/animation.dir/animation.c.obj
 .bss.pt_sched  0x00000000200010e8        0x4 CMakeFiles/animation.dir/animation.c.obj
 .bss.pt_sched1
                0x00000000200010ec        0x4 CMakeFiles/animation.dir/animation.c.obj
 .bss.pt_sched_method
                0x00000000200010f0        0x4 CMakeFiles/animation.dir/animation.c.obj
                0x00000000200010f0                pt_sched_method
 .bss.pt_serial_in_buffer
                0x00000000200010f4       0x64 CMakeFiles/animation.dir/animation.c.obj
                0x00000000200010f4                pt_serial_in_buffer
 .bss.pt_serial_out_buffer
                0x0000000020001158       0x64 CMakeFiles/animation.dir/animation.c.obj
                0x0000000020001158                pt_serial_out_buffer
 .bss.pt_serialin
                0x00000000200011bc        0x4 CMakeFiles/animation.dir/animation.c.obj
 .bss.pt_serialout
                0x00000000200011c0        0x4 CMakeFiles/animation.dir/animation.c.obj
 .bss.pt_task_count
                0x00000000200011c4        0x4 CMakeFiles/animation.dir/animation.c.obj
                0x00000000200011c4                pt_task_count
 .bss.pt_task_count1
                0x00000000200011c8        0x4 CMakeFiles/animation.dir/animation.c.obj
                0x00000000200011c8                pt_task_count1
 .bss.pt_thread_list
                0x00000000200011cc       0x78 CMakeFiles/animation.dir/animation.c.obj
 .bss.pt_thread_list1
                0x0000000020001244       0x78 CMakeFiles/animation.dir/animation.c.obj
 .bss.sf_clz_func
                0x00000000200012bc        0x4 CMakeFiles/animation.dir/Users/anya/Pico/pico-sdk/src/rp2_common/pico_double/double_init_rom.c.obj
                0x00000000200012bc                sf_clz_func
 .bss.sleep_notifier
                0x00000000200012c0        0x4 CMakeFiles/animation.dir/Users/anya/Pico/pico-sdk/src/common/pico_time/time.c.obj
 .bss.spare_time.5
                0x00000000200012c4        0x4 CMakeFiles/animation.dir/animation.c.obj
 .bss.target_hi
                0x00000000200012c8       0x10 CMakeFiles/animation.dir/Users/anya/Pico/pico-sdk/src/rp2_common/hardware_timer/timer.c.obj
 .bss.time_thread.3
                0x00000000200012d8        0x4 CMakeFiles/animation.dir/animation.c.obj
 .bss.time_thread.4
                0x00000000200012dc        0x4 CMakeFiles/animation.dir/animation.c.obj
 .bss.time_thread.9
                0x00000000200012e0        0x4 CMakeFiles/animation.dir/animation.c.obj
 .bss.uart_char_to_line_feed
                0x00000000200012e4        0x4 CMakeFiles/animation.dir/Users/anya/Pico/pico-sdk/src/rp2_common/hardware_uart/uart.c.obj
                0x00000000200012e4                uart_char_to_line_feed
 .bss.uart_instance
                0x00000000200012e8        0x4 CMakeFiles/animation.dir/Users/anya/Pico/pico-sdk/src/rp2_common/pico_stdio_uart/stdio_uart.c.obj
 .bss.user_input.2
                0x00000000200012ec        0x4 CMakeFiles/animation.dir/animation.c.obj
 .bss.vga_data_array
                0x00000000200012f0    0x25800 CMakeFiles/animation.dir/vga_graphics.c.obj
                0x00000000200012f0                vga_data_array
 .bss.ch.0      0x0000000020026af0        0x1 CMakeFiles/animation.dir/animation.c.obj
 .bss.claimed   0x0000000020026af1        0x1 CMakeFiles/animation.dir/Users/anya/Pico/pico-sdk/src/rp2_common/hardware_timer/timer.c.obj
 .bss.irq_hander_chain_free_slot_head
                0x0000000020026af2        0x1 CMakeFiles/animation.dir/Users/anya/Pico/pico-sdk/src/rp2_common/hardware_irq/irq.c.obj
 .bss.timer_callbacks_pending
                0x0000000020026af3        0x1 CMakeFiles/animation.dir/Users/anya/Pico/pico-sdk/src/rp2_common/hardware_timer/timer.c.obj
 *(COMMON)
                0x0000000020026af4                . = ALIGN (0x4)
                0x0000000020026af4                __bss_end__ = .

.heap           0x0000000020026af4      0x800
                0x0000000020026af4                __end__ = .
                0x0000000020026af4                end = __end__
 *(.heap*)
 .heap          0x0000000020026af4      0x800 CMakeFiles/animation.dir/Users/anya/Pico/pico-sdk/src/rp2_common/pico_standard_link/crt0.S.obj
                0x00000000200272f4                __HeapLimit = .

.stack1_dummy   0x0000000020040000      0x800
 *(.stack1*)
 .stack1        0x0000000020040000      0x800 CMakeFiles/animation.dir/Users/anya/Pico/pico-sdk/src/rp2_common/pico_multicore/multicore.c.obj

.stack_dummy    0x0000000020041000      0x800
 *(.stack*)
 .stack         0x0000000020041000      0x800 CMakeFiles/animation.dir/Users/anya/Pico/pico-sdk/src/rp2_common/pico_standard_link/crt0.S.obj

.flash_end      0x000000001000cc10        0x0
                0x000000001000cc10                __flash_binary_end = .
                0x0000000020040000                __StackLimit = (ORIGIN (RAM) + LENGTH (RAM))
                0x0000000020041000                __StackOneTop = (ORIGIN (SCRATCH_X) + LENGTH (SCRATCH_X))
                0x0000000020042000                __StackTop = (ORIGIN (SCRATCH_Y) + LENGTH (SCRATCH_Y))
                0x0000000020040800                __StackOneBottom = (__StackOneTop - SIZEOF (.stack1_dummy))
                0x0000000020041800                __StackBottom = (__StackTop - SIZEOF (.stack_dummy))
                0x0000000020042000                PROVIDE (__stack = __StackTop)
                0x0000000000000001                ASSERT ((__StackLimit >= __HeapLimit), region RAM overflowed)
                0x0000000000000001                ASSERT (((__binary_info_header_end - __logical_binary_start) <= 0x100), Binary info must be in first 256 bytes of the binary)
LOAD CMakeFiles/animation.dir/animation.c.obj
LOAD CMakeFiles/animation.dir/vga_graphics.c.obj
LOAD CMakeFiles/animation.dir/Users/anya/Pico/pico-sdk/src/rp2_common/pico_stdlib/stdlib.c.obj
LOAD CMakeFiles/animation.dir/Users/anya/Pico/pico-sdk/src/rp2_common/hardware_gpio/gpio.c.obj
LOAD CMakeFiles/animation.dir/Users/anya/Pico/pico-sdk/src/rp2_common/hardware_claim/claim.c.obj
LOAD CMakeFiles/animation.dir/Users/anya/Pico/pico-sdk/src/rp2_common/pico_platform/platform.c.obj
LOAD CMakeFiles/animation.dir/Users/anya/Pico/pico-sdk/src/rp2_common/hardware_sync/sync.c.obj
LOAD CMakeFiles/animation.dir/Users/anya/Pico/pico-sdk/src/rp2_common/hardware_irq/irq.c.obj
LOAD CMakeFiles/animation.dir/Users/anya/Pico/pico-sdk/src/rp2_common/hardware_irq/irq_handler_chain.S.obj
LOAD CMakeFiles/animation.dir/Users/anya/Pico/pico-sdk/src/common/pico_sync/sem.c.obj
LOAD CMakeFiles/animation.dir/Users/anya/Pico/pico-sdk/src/common/pico_sync/lock_core.c.obj
LOAD CMakeFiles/animation.dir/Users/anya/Pico/pico-sdk/src/common/pico_time/time.c.obj
LOAD CMakeFiles/animation.dir/Users/anya/Pico/pico-sdk/src/common/pico_time/timeout_helper.c.obj
LOAD CMakeFiles/animation.dir/Users/anya/Pico/pico-sdk/src/rp2_common/hardware_timer/timer.c.obj
LOAD CMakeFiles/animation.dir/Users/anya/Pico/pico-sdk/src/common/pico_util/datetime.c.obj
LOAD CMakeFiles/animation.dir/Users/anya/Pico/pico-sdk/src/common/pico_util/pheap.c.obj
LOAD CMakeFiles/animation.dir/Users/anya/Pico/pico-sdk/src/common/pico_util/queue.c.obj
LOAD CMakeFiles/animation.dir/Users/anya/Pico/pico-sdk/src/common/pico_sync/mutex.c.obj
LOAD CMakeFiles/animation.dir/Users/anya/Pico/pico-sdk/src/common/pico_sync/critical_section.c.obj
LOAD CMakeFiles/animation.dir/Users/anya/Pico/pico-sdk/src/rp2_common/hardware_uart/uart.c.obj
LOAD CMakeFiles/animation.dir/Users/anya/Pico/pico-sdk/src/rp2_common/hardware_divider/divider.S.obj
LOAD CMakeFiles/animation.dir/Users/anya/Pico/pico-sdk/src/rp2_common/pico_runtime/runtime.c.obj
LOAD CMakeFiles/animation.dir/Users/anya/Pico/pico-sdk/src/rp2_common/hardware_clocks/clocks.c.obj
LOAD CMakeFiles/animation.dir/Users/anya/Pico/pico-sdk/src/rp2_common/hardware_pll/pll.c.obj
LOAD CMakeFiles/animation.dir/Users/anya/Pico/pico-sdk/src/rp2_common/hardware_vreg/vreg.c.obj
LOAD CMakeFiles/animation.dir/Users/anya/Pico/pico-sdk/src/rp2_common/hardware_watchdog/watchdog.c.obj
LOAD CMakeFiles/animation.dir/Users/anya/Pico/pico-sdk/src/rp2_common/hardware_xosc/xosc.c.obj
LOAD CMakeFiles/animation.dir/Users/anya/Pico/pico-sdk/src/rp2_common/pico_printf/printf.c.obj
LOAD CMakeFiles/animation.dir/Users/anya/Pico/pico-sdk/src/rp2_common/pico_bit_ops/bit_ops_aeabi.S.obj
LOAD CMakeFiles/animation.dir/Users/anya/Pico/pico-sdk/src/rp2_common/pico_bootrom/bootrom.c.obj
LOAD CMakeFiles/animation.dir/Users/anya/Pico/pico-sdk/src/rp2_common/pico_divider/divider.S.obj
LOAD CMakeFiles/animation.dir/Users/anya/Pico/pico-sdk/src/rp2_common/pico_double/double_aeabi.S.obj
LOAD CMakeFiles/animation.dir/Users/anya/Pico/pico-sdk/src/rp2_common/pico_double/double_init_rom.c.obj
LOAD CMakeFiles/animation.dir/Users/anya/Pico/pico-sdk/src/rp2_common/pico_double/double_math.c.obj
LOAD CMakeFiles/animation.dir/Users/anya/Pico/pico-sdk/src/rp2_common/pico_double/double_v1_rom_shim.S.obj
LOAD CMakeFiles/animation.dir/Users/anya/Pico/pico-sdk/src/rp2_common/pico_int64_ops/pico_int64_ops_aeabi.S.obj
LOAD CMakeFiles/animation.dir/Users/anya/Pico/pico-sdk/src/rp2_common/pico_float/float_aeabi.S.obj
LOAD CMakeFiles/animation.dir/Users/anya/Pico/pico-sdk/src/rp2_common/pico_float/float_init_rom.c.obj
LOAD CMakeFiles/animation.dir/Users/anya/Pico/pico-sdk/src/rp2_common/pico_float/float_math.c.obj