Archive member included to satisfy reference by file (symbol)

/usr/local/Cellar/arm-none-eabi-gcc/10.3-2021.07/gcc/bin/../lib/gcc/arm-none-eabi/10.3.1/thumb/v6-m/nofp/libgcc.a(_dvmd_tls.o)
                              CMakeFiles/fft.dir/Users/anya/Pico/pico-sdk/src/rp2_common/pico_divider/divider.S.obj (__aeabi_idiv0)
/usr/local/Cellar/arm-none-eabi-gcc/10.3-2021.07/gcc/bin/../lib/gcc/arm-none-eabi/10.3.1/../../../../arm-none-eabi/lib/thumb/v6-m/nofp/libc.a(lib_a-calloc.o)
                              CMakeFiles/fft.dir/Users/anya/Pico/pico-sdk/src/rp2_common/pico_malloc/pico_malloc.c.obj (calloc)
/usr/local/Cellar/arm-none-eabi-gcc/10.3-2021.07/gcc/bin/../lib/gcc/arm-none-eabi/10.3.1/../../../../arm-none-eabi/lib/thumb/v6-m/nofp/libc.a(lib_a-callocr.o)
                              /usr/local/Cellar/arm-none-eabi-gcc/10.3-2021.07/gcc/bin/../lib/gcc/arm-none-eabi/10.3.1/../../../../arm-none-eabi/lib/thumb/v6-m/nofp/libc.a(lib_a-calloc.o) (_calloc_r)
/usr/local/Cellar/arm-none-eabi-gcc/10.3-2021.07/gcc/bin/../lib/gcc/arm-none-eabi/10.3.1/../../../../arm-none-eabi/lib/thumb/v6-m/nofp/libc.a(lib_a-errno.o)
                              /usr/local/Cellar/arm-none-eabi-gcc/10.3-2021.07/gcc/bin/../lib/gcc/arm-none-eabi/10.3.1/../../../../arm-none-eabi/lib/thumb/v6-m/nofp/libc.a(lib_a-callocr.o) (__errno)
/usr/local/Cellar/arm-none-eabi-gcc/10.3-2021.07/gcc/bin/../lib/gcc/arm-none-eabi/10.3.1/../../../../arm-none-eabi/lib/thumb/v6-m/nofp/libc.a(lib_a-impure.o)
                              /usr/local/Cellar/arm-none-eabi-gcc/10.3-2021.07/gcc/bin/../lib/gcc/arm-none-eabi/10.3.1/../../../../arm-none-eabi/lib/thumb/v6-m/nofp/libc.a(lib_a-calloc.o) (_impure_ptr)
/usr/local/Cellar/arm-none-eabi-gcc/10.3-2021.07/gcc/bin/../lib/gcc/arm-none-eabi/10.3.1/../../../../arm-none-eabi/lib/thumb/v6-m/nofp/libc.a(lib_a-init.o)
                              /usr/local/Cellar/arm-none-eabi-gcc/10.3-2021.07/gcc/bin/../lib/gcc/arm-none-eabi/10.3.1/../../../../arm-none-eabi/lib/thumb/v6-m/nofp/crt0.o (__libc_init_array)
/usr/local/Cellar/arm-none-eabi-gcc/10.3-2021.07/gcc/bin/../lib/gcc/arm-none-eabi/10.3.1/../../../../arm-none-eabi/lib/thumb/v6-m/nofp/libc.a(lib_a-malloc.o)
                              CMakeFiles/fft.dir/Users/anya/Pico/pico-sdk/src/rp2_common/pico_malloc/pico_malloc.c.obj (malloc)
/usr/local/Cellar/arm-none-eabi-gcc/10.3-2021.07/gcc/bin/../lib/gcc/arm-none-eabi/10.3.1/../../../../arm-none-eabi/lib/thumb/v6-m/nofp/libc.a(lib_a-mallocr.o)
                              /usr/local/Cellar/arm-none-eabi-gcc/10.3-2021.07/gcc/bin/../lib/gcc/arm-none-eabi/10.3.1/../../../../arm-none-eabi/lib/thumb/v6-m/nofp/libc.a(lib_a-callocr.o) (_malloc_r)
/usr/local/Cellar/arm-none-eabi-gcc/10.3-2021.07/gcc/bin/../lib/gcc/arm-none-eabi/10.3.1/../../../../arm-none-eabi/lib/thumb/v6-m/nofp/libc.a(lib_a-mlock.o)
                              /usr/local/Cellar/arm-none-eabi-gcc/10.3-2021.07/gcc/bin/../lib/gcc/arm-none-eabi/10.3.1/../../../../arm-none-eabi/lib/thumb/v6-m/nofp/libc.a(lib_a-mallocr.o) (__malloc_lock)
/usr/local/Cellar/arm-none-eabi-gcc/10.3-2021.07/gcc/bin/../lib/gcc/arm-none-eabi/10.3.1/../../../../arm-none-eabi/lib/thumb/v6-m/nofp/libc.a(lib_a-realloc.o)
                              CMakeFiles/fft.dir/Users/anya/Pico/pico-sdk/src/rp2_common/pico_malloc/pico_malloc.c.obj (realloc)
/usr/local/Cellar/arm-none-eabi-gcc/10.3-2021.07/gcc/bin/../lib/gcc/arm-none-eabi/10.3.1/../../../../arm-none-eabi/lib/thumb/v6-m/nofp/libc.a(lib_a-reallocr.o)
                              /usr/local/Cellar/arm-none-eabi-gcc/10.3-2021.07/gcc/bin/../lib/gcc/arm-none-eabi/10.3.1/../../../../arm-none-eabi/lib/thumb/v6-m/nofp/libc.a(lib_a-realloc.o) (_realloc_r)
/usr/local/Cellar/arm-none-eabi-gcc/10.3-2021.07/gcc/bin/../lib/gcc/arm-none-eabi/10.3.1/../../../../arm-none-eabi/lib/thumb/v6-m/nofp/libc.a(lib_a-sbrkr.o)
                              /usr/local/Cellar/arm-none-eabi-gcc/10.3-2021.07/gcc/bin/../lib/gcc/arm-none-eabi/10.3.1/../../../../arm-none-eabi/lib/thumb/v6-m/nofp/libc.a(lib_a-mallocr.o) (_sbrk_r)
/usr/local/Cellar/arm-none-eabi-gcc/10.3-2021.07/gcc/bin/../lib/gcc/arm-none-eabi/10.3.1/../../../../arm-none-eabi/lib/thumb/v6-m/nofp/libc.a(lib_a-strlen-stub.o)
                              CMakeFiles/fft.dir/Users/anya/Pico/pico-sdk/src/rp2_common/pico_stdio/stdio.c.obj (strlen)
/usr/local/Cellar/arm-none-eabi-gcc/10.3-2021.07/gcc/bin/../lib/gcc/arm-none-eabi/10.3.1/../../../../arm-none-eabi/lib/thumb/v6-m/nofp/libc.a(lib_a-freer.o)
                              /usr/local/Cellar/arm-none-eabi-gcc/10.3-2021.07/gcc/bin/../lib/gcc/arm-none-eabi/10.3.1/../../../../arm-none-eabi/lib/thumb/v6-m/nofp/libc.a(lib_a-malloc.o) (_free_r)
/usr/local/Cellar/arm-none-eabi-gcc/10.3-2021.07/gcc/bin/../lib/gcc/arm-none-eabi/10.3.1/../../../../arm-none-eabi/lib/thumb/v6-m/nofp/libc.a(lib_a-lock.o)
[...]
Memory Configuration

Name             Origin             Length             Attributes
FLASH            0x0000000010000000 0x0000000000200000 xr
RAM              0x0000000020000000 0x0000000000040000 xrw
SCRATCH_X        0x0000000020040000 0x0000000000001000 xrw
SCRATCH_Y        0x0000000020041000 0x0000000000001000 xrw
*default*        0x0000000000000000 0xffffffffffffffff

Linker script and memory map

LOAD /usr/local/Cellar/arm-none-eabi-gcc/10.3-2021.07/gcc/bin/../lib/gcc/arm-none-eabi/10.3.1/thumb/v6-m/nofp/crti.o
LOAD /usr/local/Cellar/arm-none-eabi-gcc/10.3-2021.07/gcc/bin/../lib/gcc/arm-none-eabi/10.3.1/thumb/v6-m/nofp/crtbegin.o
LOAD /usr/local/Cellar/arm-none-eabi-gcc/10.3-2021.07/gcc/bin/../lib/gcc/arm-none-eabi/10.3.1/../../../../arm-none-eabi/lib/thumb/v6-m/nofp/crt0.o

.flash_begin    0x0000000010000000        0x0
                0x0000000010000000                __flash_binary_start = .

.boot2          0x0000000010000000      0x100
                0x0000000010000000                __boot2_start__ = .
 *(.boot2)
 .boot2         0x0000000010000000      0x100 /var/folders/vj/1ccy040s0s7gvx3fz1rr0qc40000gn/T//ccHIVfAz.o
                0x0000000010000100                __boot2_end__ = .
                0x0000000000000001                ASSERT (((__boot2_end__ - __boot2_start__) == 0x100), ERROR: Pico second stage bootloader must be 256 bytes in size)

.text           0x0000000010000100     0x5bc0
                0x0000000010000100                __logical_binary_start = .
 *(.vectors)
 .vectors       0x0000000010000100       0xd4 CMakeFiles/fft.dir/Users/anya/Pico/pico-sdk/src/rp2_common/pico_standard_link/crt0.S.obj
                0x0000000010000100                __VECTOR_TABLE
                0x0000000010000100                __vectors
                0x00000000100001c0                __default_isrs_start
                0x00000000100001c0                isr_invalid
                0x00000000100001c2                isr_nmi
                0x00000000100001c4                isr_hardfault
                0x00000000100001c6                isr_svcall
                0x00000000100001c8                isr_pendsv
                0x00000000100001ca                isr_systick
                0x00000000100001cc                isr_irq28
                0x00000000100001cc                isr_irq19
                0x00000000100001cc                isr_irq0
                0x00000000100001cc                isr_irq6
                0x00000000100001cc                isr_irq22
                0x00000000100001cc                isr_irq17
                0x00000000100001cc                isr_irq14
                0x00000000100001cc                isr_irq2
                0x00000000100001cc                isr_irq10
                0x00000000100001cc                isr_irq8
                0x00000000100001cc                isr_irq24
                0x00000000100001cc                isr_irq1
                0x00000000100001cc                isr_irq7
                0x00000000100001cc                isr_irq21
                0x00000000100001cc                isr_irq20
                0x00000000100001cc                isr_irq15
                0x00000000100001cc                isr_irq25
                0x00000000100001cc                isr_irq4
                0x00000000100001cc                isr_irq16
                0x00000000100001cc                isr_irq29
                0x00000000100001cc                isr_irq26
                0x00000000100001cc                __default_isrs_end
                0x00000000100001cc                isr_irq3
                0x00000000100001cc                isr_irq9
                0x00000000100001cc                __unhandled_user_irq
                0x00000000100001cc                isr_irq13
                0x00000000100001cc                isr_irq27
                0x00000000100001cc                isr_irq31
                0x00000000100001cc                isr_irq5
                0x00000000100001cc                isr_irq11
                0x00000000100001cc                isr_irq23
                0x00000000100001cc                isr_irq18
                0x00000000100001cc                isr_irq30
                0x00000000100001cc                isr_irq12
                0x00000000100001d2                unhandled_user_irq_num_in_r0
 *(.binary_info_header)
 .binary_info_header
                0x00000000100001d4       0x14 CMakeFiles/fft.dir/Users/anya/Pico/pico-sdk/src/rp2_common/pico_standard_link/crt0.S.obj
                0x00000000100001e8                __binary_info_header_end = .
 *(.reset)
 .reset         0x00000000100001e8       0xa8 CMakeFiles/fft.dir/Users/anya/Pico/pico-sdk/src/rp2_common/pico_standard_link/crt0.S.obj
                0x00000000100001e8                _entry_point
                0x0000000010000266                __get_current_exception
 .reset         0x0000000010000290       0x30 CMakeFiles/fft.dir/Users/anya/Pico/pico-sdk/src/rp2_common/pico_standard_link/binary_info.c.obj
 *(.init)
 .init          0x00000000100002c0        0x4 /usr/local/Cellar/arm-none-eabi-gcc/10.3-2021.07/gcc/bin/../lib/gcc/arm-none-eabi/10.3.1/thumb/v6-m/nofp/crti.o
                0x00000000100002c0                _init
 *(EXCLUDE_FILE(*libm.a: *libc.a:*lib_a-mem*.o *libgcc.a:) .text*)
 .text          0x00000000100002c4       0x48 /usr/local/Cellar/arm-none-eabi-gcc/10.3-2021.07/gcc/bin/../lib/gcc/arm-none-eabi/10.3.1/thumb/v6-m/nofp/crtbegin.o
 .text.protothread_blink
                0x000000001000030c       0x68 CMakeFiles/fft.dir/fft.c.obj
 .text.protothread_fft
                0x0000000010000374      0x470 CMakeFiles/fft.dir/fft.c.obj
 .text.protothread_sched.constprop.0.isra.0
                0x00000000100007e4       0x70 CMakeFiles/fft.dir/fft.c.obj
 .text.protothread_sched1.constprop.0.isra.0
                0x0000000010000854       0x70 CMakeFiles/fft.dir/fft.c.obj
 .text.core1_entry
                0x00000000100008c4       0x84 CMakeFiles/fft.dir/fft.c.obj
                0x00000000100008c4                core1_entry
 .text.startup.main
                0x0000000010000948      0x248 CMakeFiles/fft.dir/fft.c.obj
                0x0000000010000948                main
 .text.initVGA  0x0000000010000b90      0x200 CMakeFiles/fft.dir/vga_graphics.c.obj
                0x0000000010000b90                initVGA
 .text.drawVLine
                0x0000000010000d90       0x9c CMakeFiles/fft.dir/vga_graphics.c.obj
                0x0000000010000d90                drawVLine
 .text.fillRect
                0x0000000010000e2c       0xd0 CMakeFiles/fft.dir/vga_graphics.c.obj
                0x0000000010000e2c                fillRect
 .text.drawChar
                0x0000000010000efc      0x32c CMakeFiles/fft.dir/vga_graphics.c.obj
                0x0000000010000efc                drawChar
 .text.setCursor
                0x0000000010001228       0x14 CMakeFiles/fft.dir/vga_graphics.c.obj
                0x0000000010001228                setCursor
 .text.setTextSize
                0x000000001000123c       0x14 CMakeFiles/fft.dir/vga_graphics.c.obj
                0x000000001000123c                setTextSize
 .text.setTextColor
                0x0000000010001250       0x14 CMakeFiles/fft.dir/vga_graphics.c.obj
                0x0000000010001250                setTextColor
 .text.writeString
                0x0000000010001264       0xd4 CMakeFiles/fft.dir/vga_graphics.c.obj
                0x0000000010001264                writeString
 .text.gpio_set_function
                0x0000000010001338       0x30 CMakeFiles/fft.dir/Users/anya/Pico/pico-sdk/src/rp2_common/hardware_gpio/gpio.c.obj
                0x0000000010001338                gpio_set_function
 .text.gpio_set_pulls
                0x0000000010001368       0x30 CMakeFiles/fft.dir/Users/anya/Pico/pico-sdk/src/rp2_common/hardware_gpio/gpio.c.obj
                0x0000000010001368                gpio_set_pulls
 .text.gpio_set_input_enabled
                0x0000000010001398       0x28 CMakeFiles/fft.dir/Users/anya/Pico/pico-sdk/src/rp2_common/hardware_gpio/gpio.c.obj
                0x0000000010001398                gpio_set_input_enabled
 .text.gpio_init
                0x00000000100013c0       0x3c CMakeFiles/fft.dir/Users/anya/Pico/pico-sdk/src/rp2_common/hardware_gpio/gpio.c.obj
                0x00000000100013c0                gpio_init
 .text.hw_claim_lock
                0x00000000100013fc       0x18 CMakeFiles/fft.dir/Users/anya/Pico/pico-sdk/src/rp2_common/hardware_claim/claim.c.obj
                0x00000000100013fc                hw_claim_lock
 .text.hw_claim_unlock
                0x0000000010001414       0x14 CMakeFiles/fft.dir/Users/anya/Pico/pico-sdk/src/rp2_common/hardware_claim/claim.c.obj
                0x0000000010001414                hw_claim_unlock
 .text.hw_claim_or_assert
                0x0000000010001428       0x44 CMakeFiles/fft.dir/Users/anya/Pico/pico-sdk/src/rp2_common/hardware_claim/claim.c.obj
                0x0000000010001428                hw_claim_or_assert
 .text.running_on_fpga
                0x000000001000146c       0x10 CMakeFiles/fft.dir/Users/anya/Pico/pico-sdk/src/rp2_common/pico_platform/platform.c.obj
                0x000000001000146c                running_on_fpga
 .text.spin_locks_reset
                0x000000001000147c       0x1c CMakeFiles/fft.dir/Users/anya/Pico/pico-sdk/src/rp2_common/hardware_sync/sync.c.obj
                0x000000001000147c                spin_locks_reset
 .text.next_striped_spin_lock_num
                0x0000000010001498       0x18 CMakeFiles/fft.dir/Users/anya/Pico/pico-sdk/src/rp2_common/hardware_sync/sync.c.obj
                0x0000000010001498                next_striped_spin_lock_num
 .text.irq_set_enabled
                0x00000000100014b0       0x24 CMakeFiles/fft.dir/Users/anya/Pico/pico-sdk/src/rp2_common/hardware_irq/irq.c.obj
                0x00000000100014b0                irq_set_enabled
 .text.irq_is_enabled
                0x00000000100014d4       0x18 CMakeFiles/fft.dir/Users/anya/Pico/pico-sdk/src/rp2_common/hardware_irq/irq.c.obj
                0x00000000100014d4                irq_is_enabled
 .text.irq_get_vtable_handler
                0x00000000100014ec       0x10 CMakeFiles/fft.dir/Users/anya/Pico/pico-sdk/src/rp2_common/hardware_irq/irq.c.obj
                0x00000000100014ec                irq_get_vtable_handler
 .text.irq_set_exclusive_handler
                0x00000000100014fc       0x54 CMakeFiles/fft.dir/Users/anya/Pico/pico-sdk/src/rp2_common/hardware_irq/irq.c.obj
                0x00000000100014fc                irq_set_exclusive_handler
 .text.irq_remove_handler
                0x0000000010001550      0x1b4 CMakeFiles/fft.dir/Users/anya/Pico/pico-sdk/src/rp2_common/hardware_irq/irq.c.obj
                0x0000000010001550                irq_remove_handler
 .text.irq_add_tail_to_free_list
                0x0000000010001704       0xb4 CMakeFiles/fft.dir/Users/anya/Pico/pico-sdk/src/rp2_common/hardware_irq/irq.c.obj
                0x0000000010001704                irq_add_tail_to_free_list
 .text.irq_init_priorities
                0x00000000100017b8       0x24 CMakeFiles/fft.dir/Users/anya/Pico/pico-sdk/src/rp2_common/hardware_irq/irq.c.obj
                0x00000000100017b8                irq_init_priorities
 .text.lock_init
                0x00000000100017dc       0x10 CMakeFiles/fft.dir/Users/anya/Pico/pico-sdk/src/common/pico_sync/lock_core.c.obj
                0x00000000100017dc                lock_init
 .text.timer_pool_entry_comparator
                0x00000000100017ec       0x34 CMakeFiles/fft.dir/Users/anya/Pico/pico-sdk/src/common/pico_time/time.c.obj
                0x00000000100017ec                timer_pool_entry_comparator
 .text.add_alarm_under_lock.isra.0
                0x0000000010001820      0x100 CMakeFiles/fft.dir/Users/anya/Pico/pico-sdk/src/common/pico_time/time.c.obj
 .text.alarm_pool_alarm_callback
                0x0000000010001920      0x1c8 CMakeFiles/fft.dir/Users/anya/Pico/pico-sdk/src/common/pico_time/time.c.obj
 .text.alarm_pool_init_default
                0x0000000010001ae8       0x64 CMakeFiles/fft.dir/Users/anya/Pico/pico-sdk/src/common/pico_time/time.c.obj
                0x0000000010001ae8                alarm_pool_init_default
 .text.hardware_alarm_irq_handler
                0x0000000010001b4c       0xb8 CMakeFiles/fft.dir/Users/anya/Pico/pico-sdk/src/rp2_common/hardware_timer/timer.c.obj
 .text.hardware_alarm_claim
                0x0000000010001c04       0x18 CMakeFiles/fft.dir/Users/anya/Pico/pico-sdk/src/rp2_common/hardware_timer/timer.c.obj
                0x0000000010001c04                hardware_alarm_claim
 .text.time_us_64
                0x0000000010001c1c       0x14 CMakeFiles/fft.dir/Users/anya/Pico/pico-sdk/src/rp2_common/hardware_timer/timer.c.obj
                0x0000000010001c1c                time_us_64
 .text.busy_wait_us
                0x0000000010001c30       0x54 CMakeFiles/fft.dir/Users/anya/Pico/pico-sdk/src/rp2_common/hardware_timer/timer.c.obj
                0x0000000010001c30                busy_wait_us
 .text.hardware_alarm_set_callback
                0x0000000010001c84       0x8c CMakeFiles/fft.dir/Users/anya/Pico/pico-sdk/src/rp2_common/hardware_timer/timer.c.obj
                0x0000000010001c84                hardware_alarm_set_callback
 .text.hardware_alarm_set_target
                0x0000000010001d10       0xe0 CMakeFiles/fft.dir/Users/anya/Pico/pico-sdk/src/rp2_common/hardware_timer/timer.c.obj
                0x0000000010001d10                hardware_alarm_set_target
 .text.hardware_alarm_cancel
                0x0000000010001df0       0x3c CMakeFiles/fft.dir/Users/anya/Pico/pico-sdk/src/rp2_common/hardware_timer/timer.c.obj
                0x0000000010001df0                hardware_alarm_cancel
 .text.ph_merge_nodes
                0x0000000010001e2c       0x68 CMakeFiles/fft.dir/Users/anya/Pico/pico-sdk/src/common/pico_util/pheap.c.obj
 .text.ph_post_alloc_init
                0x0000000010001e94       0x3c CMakeFiles/fft.dir/Users/anya/Pico/pico-sdk/src/common/pico_util/pheap.c.obj
                0x0000000010001e94                ph_post_alloc_init
 .text.ph_merge_two_pass
                0x0000000010001ed0       0x90 CMakeFiles/fft.dir/Users/anya/Pico/pico-sdk/src/common/pico_util/pheap.c.obj
                0x0000000010001ed0                ph_merge_two_pass
 .text.ph_remove_any_head
                0x0000000010001f60       0xf8 CMakeFiles/fft.dir/Users/anya/Pico/pico-sdk/src/common/pico_util/pheap.c.obj
 .text.ph_remove_head
                0x0000000010002058       0xfc CMakeFiles/fft.dir/Users/anya/Pico/pico-sdk/src/common/pico_util/pheap.c.obj
                0x0000000010002058                ph_remove_head
 .text.ph_remove_and_free_node
                0x0000000010002154       0x7c CMakeFiles/fft.dir/Users/anya/Pico/pico-sdk/src/common/pico_util/pheap.c.obj
                0x0000000010002154                ph_remove_and_free_node
 .text.mutex_init
                0x00000000100021d0       0x1c CMakeFiles/fft.dir/Users/anya/Pico/pico-sdk/src/common/pico_sync/mutex.c.obj
                0x00000000100021d0                mutex_init
 .text.recursive_mutex_init
                0x00000000100021ec       0x1c CMakeFiles/fft.dir/Users/anya/Pico/pico-sdk/src/common/pico_sync/mutex.c.obj
                0x00000000100021ec                recursive_mutex_init
 .text.uart_init
                0x0000000010002208       0xe0 CMakeFiles/fft.dir/Users/anya/Pico/pico-sdk/src/rp2_common/hardware_uart/uart.c.obj
                0x0000000010002208                uart_init
 .text.runtime_init
                0x00000000100022e8       0xf0 CMakeFiles/fft.dir/Users/anya/Pico/pico-sdk/src/rp2_common/pico_runtime/runtime.c.obj
                0x00000000100022e8                runtime_init
 .text.exit     0x00000000100023d8        0x4 CMakeFiles/fft.dir/Users/anya/Pico/pico-sdk/src/rp2_common/pico_runtime/runtime.c.obj
                0x00000000100023d8                exit
 .text.panic    0x00000000100023dc       0x30 CMakeFiles/fft.dir/Users/anya/Pico/pico-sdk/src/rp2_common/pico_runtime/runtime.c.obj
                0x00000000100023dc                panic
 .text.hard_assertion_failure
                0x000000001000240c        0xc CMakeFiles/fft.dir/Users/anya/Pico/pico-sdk/src/rp2_common/pico_runtime/runtime.c.obj
                0x000000001000240c                hard_assertion_failure
 .text.clocks_init
                0x0000000010002418      0x2bc CMakeFiles/fft.dir/Users/anya/Pico/pico-sdk/src/rp2_common/hardware_clocks/clocks.c.obj
                0x0000000010002418                clocks_init
 .text.clock_get_hz
                0x00000000100026d4        0xc CMakeFiles/fft.dir/Users/anya/Pico/pico-sdk/src/rp2_common/hardware_clocks/clocks.c.obj
                0x00000000100026d4                clock_get_hz
 .text.pll_init
                0x00000000100026e0       0xb0 CMakeFiles/fft.dir/Users/anya/Pico/pico-sdk/src/rp2_common/hardware_pll/pll.c.obj
                0x00000000100026e0                pll_init
 .text.watchdog_start_tick
                0x0000000010002790       0x10 CMakeFiles/fft.dir/Users/anya/Pico/pico-sdk/src/rp2_common/hardware_watchdog/watchdog.c.obj
                0x0000000010002790                watchdog_start_tick
 .text.xosc_init
                0x00000000100027a0       0x28 CMakeFiles/fft.dir/Users/anya/Pico/pico-sdk/src/rp2_common/hardware_xosc/xosc.c.obj
                0x00000000100027a0                xosc_init
 .text._out_buffer
                0x00000000100027c8        0x8 CMakeFiles/fft.dir/Users/anya/Pico/pico-sdk/src/rp2_common/pico_printf/printf.c.obj
 .text._out_null
                0x00000000100027d0        0x4 CMakeFiles/fft.dir/Users/anya/Pico/pico-sdk/src/rp2_common/pico_printf/printf.c.obj
 .text._out_rev
                0x00000000100027d4       0x9c CMakeFiles/fft.dir/Users/anya/Pico/pico-sdk/src/rp2_common/pico_printf/printf.c.obj
 .text._ntoa_format
                0x0000000010002870      0x1cc CMakeFiles/fft.dir/Users/anya/Pico/pico-sdk/src/rp2_common/pico_printf/printf.c.obj
 .text._out_char
                0x0000000010002a3c       0x10 CMakeFiles/fft.dir/Users/anya/Pico/pico-sdk/src/rp2_common/pico_printf/printf.c.obj
 .text._etoa    0x0000000010002a4c      0x44c CMakeFiles/fft.dir/Users/anya/Pico/pico-sdk/src/rp2_common/pico_printf/printf.c.obj
 .text._ftoa    0x0000000010002e98      0x398 CMakeFiles/fft.dir/Users/anya/Pico/pico-sdk/src/rp2_common/pico_printf/printf.c.obj
 .text._vsnprintf
                0x0000000010003230      0xb04 CMakeFiles/fft.dir/Users/anya/Pico/pico-sdk/src/rp2_common/pico_printf/printf.c.obj
 .text.__wrap_sprintf
                0x0000000010003d34       0x28 CMakeFiles/fft.dir/Users/anya/Pico/pico-sdk/src/rp2_common/pico_printf/printf.c.obj
                0x0000000010003d34                __wrap_sprintf
 .text.weak_raw_vprintf
                0x0000000010003d5c       0x30 CMakeFiles/fft.dir/Users/anya/Pico/pico-sdk/src/rp2_common/pico_printf/printf.c.obj
                0x0000000010003d5c                weak_raw_vprintf
 .text          0x0000000010003d8c       0x10 CMakeFiles/fft.dir/Users/anya/Pico/pico-sdk/src/rp2_common/pico_bit_ops/bit_ops_aeabi.S.obj
 .text.rom_func_lookup
                0x0000000010003d9c       0x10 CMakeFiles/fft.dir/Users/anya/Pico/pico-sdk/src/rp2_common/pico_bootrom/bootrom.c.obj
                0x0000000010003d9c                rom_func_lookup
 .text.rom_data_lookup
                0x0000000010003dac       0x10 CMakeFiles/fft.dir/Users/anya/Pico/pico-sdk/src/rp2_common/pico_bootrom/bootrom.c.obj
                0x0000000010003dac                rom_data_lookup
 .text.rom_funcs_lookup
                0x0000000010003dbc       0x44 CMakeFiles/fft.dir/Users/anya/Pico/pico-sdk/src/rp2_common/pico_bootrom/bootrom.c.obj
                0x0000000010003dbc                rom_funcs_lookup
 .text.__wrap___aeabi_idiv
                0x0000000010003e00       0x50 CMakeFiles/fft.dir/Users/anya/Pico/pico-sdk/src/rp2_common/pico_divider/divider.S.obj
                0x0000000010003e00                __wrap___aeabi_idivmod
                0x0000000010003e00                divmod_s32s32
                0x0000000010003e00                div_s32s32
                0x0000000010003e00                __wrap___aeabi_idiv
                0x0000000010003e08                divmod_s32s32_unsafe
                0x0000000010003e34                divmod_s32s32_savestate
 .text.__wrap___aeabi_uidiv
                0x0000000010003e50       0x4c CMakeFiles/fft.dir/Users/anya/Pico/pico-sdk/src/rp2_common/pico_divider/divider.S.obj
                0x0000000010003e50                __wrap___aeabi_uidiv
                0x0000000010003e50                __wrap___aeabi_uidivmod
                0x0000000010003e50                div_u32u32
                0x0000000010003e50                divmod_u32u32
                0x0000000010003e58                divmod_u32u32_unsafe
                0x0000000010003e80                divmod_u32u32_savestate
 .text.__wrap___aeabi_ldiv
                0x0000000010003e9c      0x434 CMakeFiles/fft.dir/Users/anya/Pico/pico-sdk/src/rp2_common/pico_divider/divider.S.obj
                0x0000000010003e9c                __wrap___aeabi_ldivmod
                0x0000000010003e9c                div_s64s64
                0x0000000010003e9c                divmod_s64s64
                0x0000000010003ed4                divmod_u64u64
                0x0000000010003ed4                div_u64u64
                0x0000000010003ed4                __wrap___aeabi_uldivmod
                0x0000000010003ee4                divmod_u64u64_savestate
                0x0000000010003f0c                divmod_s64s64_unsafe
                0x0000000010003f94                divmod_u64u64_unsafe
 .text.push_r8_r11
                0x00000000100042d0        0xc CMakeFiles/fft.dir/Users/anya/Pico/pico-sdk/src/rp2_common/pico_double/double_aeabi.S.obj
                0x00000000100042d0                push_r8_r11
 .text.pop_r8_r11
                0x00000000100042dc        0xc CMakeFiles/fft.dir/Users/anya/Pico/pico-sdk/src/rp2_common/pico_double/double_aeabi.S.obj
                0x00000000100042dc                pop_r8_r11
 .text.__wrap___aeabi_darithmetic
                0x00000000100042e8       0x80 CMakeFiles/fft.dir/Users/anya/Pico/pico-sdk/src/rp2_common/pico_double/double_aeabi.S.obj
                0x00000000100042e8                __wrap___aeabi_drsub
                0x00000000100042ee                __wrap___aeabi_dsub
                0x0000000010004300                __wrap___aeabi_dadd
                0x0000000010004312                __wrap___aeabi_ddiv
                0x000000001000434e                __wrap___aeabi_dmul
 .text.__wrap___aeabi_cdcmple
                0x0000000010004368       0x6c CMakeFiles/fft.dir/Users/anya/Pico/pico-sdk/src/rp2_common/pico_double/double_aeabi.S.obj
                0x0000000010004368                __wrap___aeabi_cdrcmple
                0x0000000010004378                __wrap___aeabi_cdcmple
                0x0000000010004378                __wrap___aeabi_cdcmpeq
 .text.__wrap___aeabi_dcmplt
                0x00000000100043d4        0xc CMakeFiles/fft.dir/Users/anya/Pico/pico-sdk/src/rp2_common/pico_double/double_aeabi.S.obj
                0x00000000100043d4                __wrap___aeabi_dcmplt
 .text.__wrap___aeabi_dcmple
                0x00000000100043e0       0x10 CMakeFiles/fft.dir/Users/anya/Pico/pico-sdk/src/rp2_common/pico_double/double_aeabi.S.obj
                0x00000000100043e0                __wrap___aeabi_dcmple
 .text.__wrap___aeabi_dcmpge
                0x00000000100043f0       0x10 CMakeFiles/fft.dir/Users/anya/Pico/pico-sdk/src/rp2_common/pico_double/double_aeabi.S.obj
                0x00000000100043f0                __wrap___aeabi_dcmpge
 .text.__wrap___aeabi_dcmpgt
                0x0000000010004400        0xa CMakeFiles/fft.dir/Users/anya/Pico/pico-sdk/src/rp2_common/pico_double/double_aeabi.S.obj
                0x0000000010004400                __wrap___aeabi_dcmpgt
 .text.__wrap___aeabi_dcmpun
                0x000000001000440a       0x1c CMakeFiles/fft.dir/Users/anya/Pico/pico-sdk/src/rp2_common/pico_double/double_aeabi.S.obj
                0x000000001000440a                __wrap___aeabi_dcmpun
 *fill*         0x0000000010004426        0x2 
 .text.__wrap___aeabi_i2d
                0x0000000010004428       0x38 CMakeFiles/fft.dir/Users/anya/Pico/pico-sdk/src/rp2_common/pico_double/double_aeabi.S.obj
                0x0000000010004428                __wrap___aeabi_ui2d
                0x0000000010004430                __wrap___aeabi_i2d
 .text.__wrap___aeabi_d2iz
                0x0000000010004460       0x48 CMakeFiles/fft.dir/Users/anya/Pico/pico-sdk/src/rp2_common/pico_double/double_aeabi.S.obj
                0x0000000010004460                __wrap___aeabi_d2iz
                0x0000000010004460                double2int_z
 .text.__wrap___aeabi_d2uiz
                0x00000000100044a8       0x18 CMakeFiles/fft.dir/Users/anya/Pico/pico-sdk/src/rp2_common/pico_double/double_aeabi.S.obj
                0x00000000100044a8                double2uint
                0x00000000100044a8                __wrap___aeabi_d2uiz
 .text.fix642double
                0x00000000100044c0       0x18 CMakeFiles/fft.dir/Users/anya/Pico/pico-sdk/src/rp2_common/pico_double/double_aeabi.S.obj
                0x00000000100044c0                fix642double
 .text.__wrap___aeabi_d2f
                0x00000000100044d8       0x18 CMakeFiles/fft.dir/Users/anya/Pico/pico-sdk/src/rp2_common/pico_double/double_aeabi.S.obj
                0x00000000100044d8                __wrap___aeabi_d2f
 .text.__wrap_sincostan_remainder
                0x00000000100044f0       0x14 CMakeFiles/fft.dir/Users/anya/Pico/pico-sdk/src/rp2_common/pico_double/double_aeabi.S.obj
                0x00000000100044f0                sincostan_remainder
 .text.__wrap_cos
                0x0000000010004504       0x2c CMakeFiles/fft.dir/Users/anya/Pico/pico-sdk/src/rp2_common/pico_double/double_aeabi.S.obj
                0x0000000010004504                __wrap_cos
 .text.__wrap_sin
                0x0000000010004530       0x2c CMakeFiles/fft.dir/Users/anya/Pico/pico-sdk/src/rp2_common/pico_double/double_aeabi.S.obj
                0x0000000010004530                __wrap_sin
 .text.__aeabi_double_init
                0x000000001000455c       0x94 CMakeFiles/fft.dir/Users/anya/Pico/pico-sdk/src/rp2_common/pico_double/double_init_rom.c.obj
                0x000000001000455c                __aeabi_double_init
 .text.__wrap_remquo
                0x00000000100045f0      0x2a0 CMakeFiles/fft.dir/Users/anya/Pico/pico-sdk/src/rp2_common/pico_double/double_math.c.obj
                0x00000000100045f0                __wrap_remquo
 .text.__wrap_remainder
                0x0000000010004890       0x10 CMakeFiles/fft.dir/Users/anya/Pico/pico-sdk/src/rp2_common/pico_double/double_math.c.obj
                0x0000000010004890                __wrap_remainder
 .text.double_table_shim_on_use_helper
                0x00000000100048a0       0x2c CMakeFiles/fft.dir/Users/anya/Pico/pico-sdk/src/rp2_common/pico_double/double_v1_rom_shim.S.obj
                0x00000000100048a0                double_table_shim_on_use_helper
 .text.__wrap___aeabi_dsub
                0x00000000100048cc       0x10 CMakeFiles/fft.dir/Users/anya/Pico/pico-sdk/src/rp2_common/pico_double/double_v1_rom_shim.S.obj
                0x00000000100048cc                drsub_shim
                0x00000000100048d2                dsub_shim
 .text.dadd_shim
                0x00000000100048dc      0x15c CMakeFiles/fft.dir/Users/anya/Pico/pico-sdk/src/rp2_common/pico_double/double_v1_rom_shim.S.obj
                0x00000000100048dc                dadd_shim
 .text.dmul_shim
                0x0000000010004a38      0x15c CMakeFiles/fft.dir/Users/anya/Pico/pico-sdk/src/rp2_common/pico_double/double_v1_rom_shim.S.obj
                0x0000000010004a38                dmul_shim
 .text.ddiv_shim
                0x0000000010004b94      0x1b0 CMakeFiles/fft.dir/Users/anya/Pico/pico-sdk/src/rp2_common/pico_double/double_v1_rom_shim.S.obj
                0x0000000010004b94                ddiv_shim
 .text.dcordic_vec_step
                0x0000000010004d44        0xe CMakeFiles/fft.dir/Users/anya/Pico/pico-sdk/src/rp2_common/pico_double/double_v1_rom_shim.S.obj
                0x0000000010004d44                dcordic_vec_step
 .text.dcordic_rot_step
                0x0000000010004d52       0x76 CMakeFiles/fft.dir/Users/anya/Pico/pico-sdk/src/rp2_common/pico_double/double_v1_rom_shim.S.obj
                0x0000000010004d52                dcordic_rot_step
 .text.double2uint_shim
                0x0000000010004dc8        0xe CMakeFiles/fft.dir/Users/anya/Pico/pico-sdk/src/rp2_common/pico_double/double_v1_rom_shim.S.obj
                0x0000000010004dc8                double2uint_shim
                0x0000000010004dca                double2ufix_shim
 .text.double2int64_shim
                0x0000000010004dd6       0x1a CMakeFiles/fft.dir/Users/anya/Pico/pico-sdk/src/rp2_common/pico_double/double_v1_rom_shim.S.obj
                0x0000000010004dd6                double2int64_shim
                0x0000000010004dd8                double2fix64_shim
 .text.double2uint64_shim
                0x0000000010004df0       0x70 CMakeFiles/fft.dir/Users/anya/Pico/pico-sdk/src/rp2_common/pico_double/double_v1_rom_shim.S.obj
                0x0000000010004df0                double2uint64_shim
                0x0000000010004df2                double2ufix64_shim
                0x0000000010004e12                d2fix_a
 .text.double2float_shim
                0x0000000010004e60       0x5c CMakeFiles/fft.dir/Users/anya/Pico/pico-sdk/src/rp2_common/pico_double/double_v1_rom_shim.S.obj
                0x0000000010004e60                double2float_shim
 .text.x2double_shims
                0x0000000010004ebc       0x90 CMakeFiles/fft.dir/Users/anya/Pico/pico-sdk/src/rp2_common/pico_double/double_v1_rom_shim.S.obj
                0x0000000010004ebc                uint2double_shim
                0x0000000010004ebe                ufix2double_shim
                0x0000000010004ec4                int2double_shim
                0x0000000010004ec6                fix2double_shim
                0x0000000010004ecc                uint642double_shim
                0x0000000010004ece                ufix642double_shim
                0x0000000010004ed4                int642double_shim
                0x0000000010004ed6                fix642double_shim
 .text.dunpacks
                0x0000000010004f4c       0x3c CMakeFiles/fft.dir/Users/anya/Pico/pico-sdk/src/rp2_common/pico_double/double_v1_rom_shim.S.obj
                0x0000000010004f4c                dunpacks
 .text.dreduce  0x0000000010004f88       0x82 CMakeFiles/fft.dir/Users/anya/Pico/pico-sdk/src/rp2_common/pico_double/double_v1_rom_shim.S.obj
                0x0000000010004f88                dreduce
 .text.dcos_shim
                0x000000001000500a       0x10 CMakeFiles/fft.dir/Users/anya/Pico/pico-sdk/src/rp2_common/pico_double/double_v1_rom_shim.S.obj
                0x000000001000500a                dcos_shim
 .text.dsin_shim
                0x000000001000501a       0x14 CMakeFiles/fft.dir/Users/anya/Pico/pico-sdk/src/rp2_common/pico_double/double_v1_rom_shim.S.obj
                0x000000001000501a                dsin_shim
 *fill*         0x000000001000502e        0x2 
 .text.dtrig_guts
                0x0000000010005030      0x2ec CMakeFiles/fft.dir/Users/anya/Pico/pico-sdk/src/rp2_common/pico_double/double_v1_rom_shim.S.obj
                0x0000000010005108                datan2_shim
 .text.__aeabi_lmul
                0x000000001000531c       0x32 CMakeFiles/fft.dir/Users/anya/Pico/pico-sdk/src/rp2_common/pico_int64_ops/pico_int64_ops_aeabi.S.obj
                0x000000001000531c                __wrap___aeabi_lmul
 *fill*         0x000000001000534e        0x2 
 .text.__wrap___aeabi_i2f
                0x0000000010005350       0x44 CMakeFiles/fft.dir/Users/anya/Pico/pico-sdk/src/rp2_common/pico_float/float_aeabi.S.obj
                0x0000000010005350                __wrap___aeabi_i2f
 .text.__wrap___aeabi_f2iz
                0x0000000010005394       0x4e CMakeFiles/fft.dir/Users/anya/Pico/pico-sdk/src/rp2_common/pico_float/float_aeabi.S.obj
                0x0000000010005394                __wrap___aeabi_f2iz
                0x0000000010005394                float2int_z
 *fill*         0x00000000100053e2        0x2 
 .text.float2int
                0x00000000100053e4       0x14 CMakeFiles/fft.dir/Users/anya/Pico/pico-sdk/src/rp2_common/pico_float/float_aeabi.S.obj
                0x00000000100053e4                float2int
 .text.__wrap___aeabi_f2uiz
                0x00000000100053f8        0xc CMakeFiles/fft.dir/Users/anya/Pico/pico-sdk/src/rp2_common/pico_float/float_aeabi.S.obj
                0x00000000100053f8                __wrap___aeabi_f2uiz
 .text.__wrap___aeabi_f2d
                0x0000000010005404       0x14 CMakeFiles/fft.dir/Users/anya/Pico/pico-sdk/src/rp2_common/pico_float/float_aeabi.S.obj
                0x0000000010005404                __wrap___aeabi_f2d
 .text.__aeabi_float_init
                0x0000000010005418       0x64 CMakeFiles/fft.dir/Users/anya/Pico/pico-sdk/src/rp2_common/pico_float/float_init_rom.c.obj
                0x0000000010005418                __aeabi_float_init
 .text.float_table_shim_on_use_helper
                0x000000001000547c       0x2c CMakeFiles/fft.dir/Users/anya/Pico/pico-sdk/src/rp2_common/pico_float/float_v1_rom_shim.S.obj
                0x000000001000547c                float_table_shim_on_use_helper
 .text.float232_shims
                0x00000000100054a8       0x18 CMakeFiles/fft.dir/Users/anya/Pico/pico-sdk/src/rp2_common/pico_float/float_v1_rom_shim.S.obj
                0x00000000100054a8                float2int_shim
                0x00000000100054aa                float2fix_shim
 .text.float2double_shim
                0x00000000100054c0       0x30 CMakeFiles/fft.dir/Users/anya/Pico/pico-sdk/src/rp2_common/pico_float/float_v1_rom_shim.S.obj
                0x00000000100054c0                float2double_shim
 .text          0x00000000100054f0       0x10 CMakeFiles/fft.dir/Users/anya/Pico/pico-sdk/src/rp2_common/pico_mem_ops/mem_ops_aeabi.S.obj
                0x00000000100054f0                __aeabi_mem_init
 .text.memset   0x0000000010005500        0xc CMakeFiles/fft.dir/Users/anya/Pico/pico-sdk/src/rp2_common/pico_mem_ops/mem_ops_aeabi.S.obj
                0x0000000010005500                __wrap_memset
 .text.memcpy   0x000000001000550c        0xc CMakeFiles/fft.dir/Users/anya/Pico/pico-sdk/src/rp2_common/pico_mem_ops/mem_ops_aeabi.S.obj
                0x000000001000550c                __wrap___aeabi_memcpy
                0x000000001000550c                __wrap_memcpy
 .text.stdio_out_chars_no_crlf
                0x0000000010005518       0x10 CMakeFiles/fft.dir/Users/anya/Pico/pico-sdk/src/rp2_common/pico_stdio/stdio.c.obj
 .text.stdio_out_chars_crlf
                0x0000000010005528       0xb4 CMakeFiles/fft.dir/Users/anya/Pico/pico-sdk/src/rp2_common/pico_stdio/stdio.c.obj
 .text.stdio_put_string.isra.0
                0x00000000100055dc       0xfc CMakeFiles/fft.dir/Users/anya/Pico/pico-sdk/src/rp2_common/pico_stdio/stdio.c.obj
 .text.__wrap_putchar
                0x00000000100056d8       0xa0 CMakeFiles/fft.dir/Users/anya/Pico/pico-sdk/src/rp2_common/pico_stdio/stdio.c.obj
                0x00000000100056d8                __wrap_putchar
 .text.__wrap_puts
                0x0000000010005778       0x3c CMakeFiles/fft.dir/Users/anya/Pico/pico-sdk/src/rp2_common/pico_stdio/stdio.c.obj
                0x0000000010005778                __wrap_puts
 .text.stdio_set_driver_enabled
                0x00000000100057b4       0x30 CMakeFiles/fft.dir/Users/anya/Pico/pico-sdk/src/rp2_common/pico_stdio/stdio.c.obj
                0x00000000100057b4                stdio_set_driver_enabled
 .text.stdio_init_all
                0x00000000100057e4        0x8 CMakeFiles/fft.dir/Users/anya/Pico/pico-sdk/src/rp2_common/pico_stdio/stdio.c.obj
                0x00000000100057e4                stdio_init_all
 .text.stdio_uart_out_chars
                0x00000000100057ec       0x4c CMakeFiles/fft.dir/Users/anya/Pico/pico-sdk/src/rp2_common/pico_stdio_uart/stdio_uart.c.obj
 .text.stdio_uart_in_chars
                0x0000000010005838       0x38 CMakeFiles/fft.dir/Users/anya/Pico/pico-sdk/src/rp2_common/pico_stdio_uart/stdio_uart.c.obj
                0x0000000010005838                stdio_uart_in_chars
 .text.stdio_uart_init
                0x0000000010005870       0x48 CMakeFiles/fft.dir/Users/anya/Pico/pico-sdk/src/rp2_common/pico_stdio_uart/stdio_uart.c.obj
                0x0000000010005870                stdio_uart_init
 .text.core1_trampoline
                0x00000000100058b8        0x4 CMakeFiles/fft.dir/Users/anya/Pico/pico-sdk/src/rp2_common/pico_multicore/multicore.c.obj
 .text.core1_wrapper
                0x00000000100058bc        0xc CMakeFiles/fft.dir/Users/anya/Pico/pico-sdk/src/rp2_common/pico_multicore/multicore.c.obj
                0x00000000100058bc                core1_wrapper
 .text.multicore_launch_core1_raw
                0x00000000100058c8       0x84 CMakeFiles/fft.dir/Users/anya/Pico/pico-sdk/src/rp2_common/pico_multicore/multicore.c.obj
                0x00000000100058c8                multicore_launch_core1_raw
 .text.multicore_launch_core1
                0x000000001000594c       0x4c CMakeFiles/fft.dir/Users/anya/Pico/pico-sdk/src/rp2_common/pico_multicore/multicore.c.obj
                0x000000001000594c                multicore_launch_core1
 .text.startup.boot_double_tap_check
                0x0000000010005998       0x60 CMakeFiles/fft.dir/Users/anya/Pico/pico-sdk/src/rp2_common/pico_bootsel_via_double_reset/pico_bootsel_via_double_reset.c.obj
 .text.pio_add_program
                0x00000000100059f8       0xc8 CMakeFiles/fft.dir/Users/anya/Pico/pico-sdk/src/rp2_common/hardware_pio/pio.c.obj
                0x00000000100059f8                pio_add_program
 .text.pio_sm_set_consecutive_pindirs
                0x0000000010005ac0       0x84 CMakeFiles/fft.dir/Users/anya/Pico/pico-sdk/src/rp2_common/hardware_pio/pio.c.obj
                0x0000000010005ac0                pio_sm_set_consecutive_pindirs
 .text.pio_sm_init
                0x0000000010005b44       0x90 CMakeFiles/fft.dir/Users/anya/Pico/pico-sdk/src/rp2_common/hardware_pio/pio.c.obj
                0x0000000010005b44                pio_sm_init
 .text.adc_init
                0x0000000010005bd4       0x38 CMakeFiles/fft.dir/Users/anya/Pico/pico-sdk/src/rp2_common/hardware_adc/adc.c.obj
                0x0000000010005bd4                adc_init
 .text.strlen   0x0000000010005c0c       0x5c /usr/local/Cellar/arm-none-eabi-gcc/10.3-2021.07/gcc/bin/../lib/gcc/arm-none-eabi/10.3.1/../../../../arm-none-eabi/lib/thumb/v6-m/nofp/libc.a(lib_a-strlen-stub.o)
                0x0000000010005c0c                strlen
 *(.fini)
 .fini          0x0000000010005c68        0x4 /usr/local/Cellar/arm-none-eabi-gcc/10.3-2021.07/gcc/bin/../lib/gcc/arm-none-eabi/10.3.1/thumb/v6-m/nofp/crti.o
                0x0000000010005c68                _fini
 *fill*         0x0000000010005c6c        0x4 
 .fini.__stub   0x0000000010005c70       0x50 linker stubs
 *crtbegin.o(.ctors)
 *crtbegin?.o(.ctors)
 *(EXCLUDE_FILE(*crtend.o *crtend?.o) .ctors)
 *(SORT_BY_NAME(.ctors.*))
 *(.ctors)
 *crtbegin.o(.dtors)
 *crtbegin?.o(.dtors)
 *(EXCLUDE_FILE(*crtend.o *crtend?.o) .dtors)
 *(SORT_BY_NAME(.dtors.*))
 *(.dtors)
 *(.eh_frame*)
 .eh_frame      0x0000000010005cc0        0x0 /usr/local/Cellar/arm-none-eabi-gcc/10.3-2021.07/gcc/bin/../lib/gcc/arm-none-eabi/10.3.1/thumb/v6-m/nofp/crtbegin.o
                0x0000000010005cc0                . = ALIGN (0x4)

.glue_7         0x0000000010005cc0        0x0
 .glue_7        0x0000000010005cc0        0x0 linker stubs

.glue_7t        0x0000000010005cc0        0x0
 .glue_7t       0x0000000010005cc0        0x0 linker stubs

.vfp11_veneer   0x0000000010005cc0        0x0
 .vfp11_veneer  0x0000000010005cc0        0x0 linker stubs

.v4_bx          0x0000000010005cc0        0x0
 .v4_bx         0x0000000010005cc0        0x0 linker stubs

.iplt           0x0000000010005cc0        0x0
 .iplt          0x0000000010005cc0        0x0 /usr/local/Cellar/arm-none-eabi-gcc/10.3-2021.07/gcc/bin/../lib/gcc/arm-none-eabi/10.3.1/thumb/v6-m/nofp/crtbegin.o

.rodata         0x0000000010005cc0      0x928
 *(EXCLUDE_FILE(*libm.a: *libc.a:*lib_a-mem*.o *libgcc.a:) .rodata*)
 .rodata.protothread_fft.str1.4
                0x0000000010005cc0       0x6b CMakeFiles/fft.dir/fft.c.obj
 *fill*         0x0000000010005d2b        0x1 
 .rodata.font   0x0000000010005d2c      0x4fb CMakeFiles/fft.dir/vga_graphics.c.obj
 *fill*         0x0000000010006227        0x1 
 .rodata.hsync_program
                0x0000000010006228        0x6 CMakeFiles/fft.dir/vga_graphics.c.obj
 *fill*         0x000000001000622e        0x2 
 .rodata.hsync_program_instructions
                0x0000000010006230       0x12 CMakeFiles/fft.dir/vga_graphics.c.obj
 *fill*         0x0000000010006242        0x2 
 .rodata.rgb_program
                0x0000000010006244        0x6 CMakeFiles/fft.dir/vga_graphics.c.obj
 *fill*         0x000000001000624a        0x2 
 .rodata.rgb_program_instructions
                0x000000001000624c       0x12 CMakeFiles/fft.dir/vga_graphics.c.obj
 *fill*         0x000000001000625e        0x2 
 .rodata.vsync_program
                0x0000000010006260        0x6 CMakeFiles/fft.dir/vga_graphics.c.obj
 *fill*         0x0000000010006266        0x2 
 .rodata.vsync_program_instructions
                0x0000000010006268       0x1c CMakeFiles/fft.dir/vga_graphics.c.obj
 .rodata.hardware_alarm_claim.str1.4
                0x0000000010006284       0x22 CMakeFiles/fft.dir/Users/anya/Pico/pico-sdk/src/rp2_common/hardware_timer/timer.c.obj
 *fill*         0x00000000100062a6        0x2 
 .rodata.panic.str1.4
                0x00000000100062a8       0x12 CMakeFiles/fft.dir/Users/anya/Pico/pico-sdk/src/rp2_common/pico_runtime/runtime.c.obj
 *fill*         0x00000000100062ba        0x2 
 .rodata.hard_assertion_failure.str1.4
                0x00000000100062bc        0xc CMakeFiles/fft.dir/Users/anya/Pico/pico-sdk/src/rp2_common/pico_runtime/runtime.c.obj
 .rodata._ftoa.str1.4
                0x00000000100062c8       0x15 CMakeFiles/fft.dir/Users/anya/Pico/pico-sdk/src/rp2_common/pico_printf/printf.c.obj
 *fill*         0x00000000100062dd        0x3 
 .rodata._vsnprintf
                0x00000000100062e0      0x1e0 CMakeFiles/fft.dir/Users/anya/Pico/pico-sdk/src/rp2_common/pico_printf/printf.c.obj
 .rodata.pow10.0
                0x00000000100064c0       0x50 CMakeFiles/fft.dir/Users/anya/Pico/pico-sdk/src/rp2_common/pico_printf/printf.c.obj
 .rodata.str1.4
                0x0000000010006510       0x38 CMakeFiles/fft.dir/Users/anya/Pico/pico-sdk/src/rp2_common/pico_standard_link/binary_info.c.obj
 .rodata.__bi_44
                0x0000000010006548        0xc CMakeFiles/fft.dir/Users/anya/Pico/pico-sdk/src/rp2_common/pico_standard_link/binary_info.c.obj
 .rodata.__bi_75
                0x0000000010006554        0xc CMakeFiles/fft.dir/Users/anya/Pico/pico-sdk/src/rp2_common/pico_standard_link/binary_info.c.obj
 .rodata.__bi_81
                0x0000000010006560        0xc CMakeFiles/fft.dir/Users/anya/Pico/pico-sdk/src/rp2_common/pico_standard_link/binary_info.c.obj
 .rodata.crlf_str.0
                0x000000001000656c        0x2 CMakeFiles/fft.dir/Users/anya/Pico/pico-sdk/src/rp2_common/pico_stdio/stdio.c.obj
 *fill*         0x000000001000656e        0x2 
 .rodata.str1.4
                0x0000000010006570       0x2c CMakeFiles/fft.dir/Users/anya/Pico/pico-sdk/src/rp2_common/pico_stdio_uart/stdio_uart.c.obj
 .rodata.__bi_28.4
                0x000000001000659c        0xc CMakeFiles/fft.dir/Users/anya/Pico/pico-sdk/src/rp2_common/pico_stdio_uart/stdio_uart.c.obj
 .rodata.__bi_29.5
                0x00000000100065a8        0x8 CMakeFiles/fft.dir/Users/anya/Pico/pico-sdk/src/rp2_common/pico_stdio_uart/stdio_uart.c.obj
 .rodata.str1.4
                0x00000000100065b0       0x18 CMakeFiles/fft.dir/Users/anya/Pico/pico-sdk/src/rp2_common/pico_bootsel_via_double_reset/pico_bootsel_via_double_reset.c.obj
 .rodata.__bi_35
                0x00000000100065c8        0xc CMakeFiles/fft.dir/Users/anya/Pico/pico-sdk/src/rp2_common/pico_bootsel_via_double_reset/pico_bootsel_via_double_reset.c.obj
 .rodata.pio_add_program.str1.4
                0x00000000100065d4       0x11 CMakeFiles/fft.dir/Users/anya/Pico/pico-sdk/src/rp2_common/hardware_pio/pio.c.obj
                0x00000000100065e8                . = ALIGN (0x4)
 *fill*         0x00000000100065e5        0x3 
 *(SORT_BY_ALIGNMENT(SORT_BY_NAME(.flashdata*)))
                0x00000000100065e8                . = ALIGN (0x4)

.rel.dyn        0x00000000100065e8        0x0
 .rel.iplt      0x00000000100065e8        0x0 /usr/local/Cellar/arm-none-eabi-gcc/10.3-2021.07/gcc/bin/../lib/gcc/arm-none-eabi/10.3.1/thumb/v6-m/nofp/crtbegin.o

.ARM.extab
 *(.ARM.extab* .gnu.linkonce.armextab.*)
                0x00000000100065e8                __exidx_start = .

.ARM.exidx
 *(.ARM.exidx* .gnu.linkonce.armexidx.*)
                0x00000000100065e8                __exidx_end = .
                0x00000000100065e8                . = ALIGN (0x4)
                0x00000000100065e8                __binary_info_start = .

.binary_info    0x00000000100065e8       0x28
 *(.binary_info.keep.*)
 .binary_info.keep.__bi_ptr22
                0x00000000100065e8        0x4 CMakeFiles/fft.dir/Users/anya/Pico/pico-sdk/src/rp2_common/pico_standard_link/binary_info.c.obj
 .binary_info.keep.__bi_ptr30
                0x00000000100065ec        0x4 CMakeFiles/fft.dir/Users/anya/Pico/pico-sdk/src/rp2_common/pico_standard_link/binary_info.c.obj
 .binary_info.keep.__bi_ptr38
                0x00000000100065f0        0x4 CMakeFiles/fft.dir/Users/anya/Pico/pico-sdk/src/rp2_common/pico_standard_link/binary_info.c.obj
 .binary_info.keep.__bi_ptr44
                0x00000000100065f4        0x4 CMakeFiles/fft.dir/Users/anya/Pico/pico-sdk/src/rp2_common/pico_standard_link/binary_info.c.obj
 .binary_info.keep.__bi_ptr50
                0x00000000100065f8        0x4 CMakeFiles/fft.dir/Users/anya/Pico/pico-sdk/src/rp2_common/pico_standard_link/binary_info.c.obj
 .binary_info.keep.__bi_ptr75
                0x00000000100065fc        0x4 CMakeFiles/fft.dir/Users/anya/Pico/pico-sdk/src/rp2_common/pico_standard_link/binary_info.c.obj
 .binary_info.keep.__bi_ptr81
                0x0000000010006600        0x4 CMakeFiles/fft.dir/Users/anya/Pico/pico-sdk/src/rp2_common/pico_standard_link/binary_info.c.obj
 .binary_info.keep.__bi_ptr35
                0x0000000010006604        0x4 CMakeFiles/fft.dir/Users/anya/Pico/pico-sdk/src/rp2_common/pico_bootsel_via_double_reset/pico_bootsel_via_double_reset.c.obj
 *(.binary_info.*)
 .binary_info.__bi_ptr28
                0x0000000010006608        0x4 CMakeFiles/fft.dir/Users/anya/Pico/pico-sdk/src/rp2_common/pico_stdio_uart/stdio_uart.c.obj
 .binary_info.__bi_ptr29
                0x000000001000660c        0x4 CMakeFiles/fft.dir/Users/anya/Pico/pico-sdk/src/rp2_common/pico_stdio_uart/stdio_uart.c.obj
                0x0000000010006610                __binary_info_end = .
                0x0000000010006610                . = ALIGN (0x4)
                0x0000000010006610                __etext = .

.ram_vector_table
                0x0000000020000000       0xc0
 *(.ram_vector_table)
 .ram_vector_table
                0x0000000020000000       0xc0 CMakeFiles/fft.dir/Users/anya/Pico/pico-sdk/src/rp2_common/pico_runtime/runtime.c.obj
                0x0000000020000000                ram_vector_table

.data           0x00000000200000c0      0x19c load address 0x0000000010006610
                0x00000000200000c0                __data_start__ = .
 *(vtable)
 *(.time_critical*)
 .time_critical.mutex_enter_blocking
                0x00000000200000c0       0x48 CMakeFiles/fft.dir/Users/anya/Pico/pico-sdk/src/common/pico_sync/mutex.c.obj
                0x00000000200000c0                mutex_enter_blocking
 .time_critical.mutex_try_enter
                0x0000000020000108       0x44 CMakeFiles/fft.dir/Users/anya/Pico/pico-sdk/src/common/pico_sync/mutex.c.obj
                0x0000000020000108                mutex_try_enter
 .time_critical.mutex_exit
                0x000000002000014c       0x28 CMakeFiles/fft.dir/Users/anya/Pico/pico-sdk/src/common/pico_sync/mutex.c.obj
                0x000000002000014c                mutex_exit
 *(.text*)
 .text          0x0000000020000174        0x4 /usr/local/Cellar/arm-none-eabi-gcc/10.3-2021.07/gcc/bin/../lib/gcc/arm-none-eabi/10.3.1/thumb/v6-m/nofp/libgcc.a(_dvmd_tls.o)
                0x0000000020000174                __aeabi_ldiv0
                0x0000000020000174                __aeabi_idiv0
                0x0000000020000178                . = ALIGN (0x4)
 *(.rodata*)
                0x0000000020000178                . = ALIGN (0x4)
 *(.data*)
 .data.control_chan
                0x0000000020000178        0x4 CMakeFiles/fft.dir/fft.c.obj
                0x0000000020000178                control_chan
 .data.sample_address_pointer
                0x000000002000017c        0x4 CMakeFiles/fft.dir/fft.c.obj
                0x000000002000017c                sample_address_pointer
 .data.sample_chan
                0x0000000020000180        0x4 CMakeFiles/fft.dir/fft.c.obj
                0x0000000020000180                sample_chan
 .data.zero_point_4
                0x0000000020000184        0x4 CMakeFiles/fft.dir/fft.c.obj
                0x0000000020000184                zero_point_4
 .data.address_pointer
                0x0000000020000188        0x4 CMakeFiles/fft.dir/vga_graphics.c.obj
                0x0000000020000188                address_pointer
 .data.striped_spin_lock_num
                0x000000002000018c        0x1 CMakeFiles/fft.dir/Users/anya/Pico/pico-sdk/src/rp2_common/hardware_sync/sync.c.obj
 *fill*         0x000000002000018d        0x3 
 .data          0x0000000020000190       0x48 CMakeFiles/fft.dir/Users/anya/Pico/pico-sdk/src/rp2_common/hardware_irq/irq_handler_chain.S.obj
                0x0000000020000190                irq_handler_chain_slots
                0x00000000200001c0                irq_handler_chain_first_slot
                0x00000000200001ca                irq_handler_chain_remove_tail
 .data.default_alarm_pool
                0x00000000200001d8       0x18 CMakeFiles/fft.dir/Users/anya/Pico/pico-sdk/src/common/pico_time/time.c.obj
 .data.default_alarm_pool_heap
                0x00000000200001f0       0x10 CMakeFiles/fft.dir/Users/anya/Pico/pico-sdk/src/common/pico_time/time.c.obj
 .data.aeabi_bits_funcs
                0x0000000020000200       0x10 CMakeFiles/fft.dir/Users/anya/Pico/pico-sdk/src/rp2_common/pico_bit_ops/bit_ops_aeabi.S.obj
                0x0000000020000200                aeabi_bits_funcs
                0x0000000020000210                aeabi_bits_funcs_end
 .data.aeabi_mem_funcs
                0x0000000020000210       0x10 CMakeFiles/fft.dir/Users/anya/Pico/pico-sdk/src/rp2_common/pico_mem_ops/mem_ops_aeabi.S.obj
                0x0000000020000210                aeabi_mem_funcs
                0x0000000020000220                aeabi_mem_funcs_end
 .data.stdio_uart
                0x0000000020000220       0x14 CMakeFiles/fft.dir/Users/anya/Pico/pico-sdk/src/rp2_common/pico_stdio_uart/stdio_uart.c.obj
                0x0000000020000220                stdio_uart
                0x0000000020000234                . = ALIGN (0x4)
 *(.after_data.*)
                0x0000000020000234                . = ALIGN (0x4)
                0x0000000020000234                PROVIDE (__mutex_array_start = .)
 *(SORT_BY_NAME(.mutex_array.*))
 *(.mutex_array)
 .mutex_array   0x0000000020000234        0x8 CMakeFiles/fft.dir/Users/anya/Pico/pico-sdk/src/rp2_common/pico_malloc/pico_malloc.c.obj
 .mutex_array   0x000000002000023c        0x8 CMakeFiles/fft.dir/Users/anya/Pico/pico-sdk/src/rp2_common/pico_stdio/stdio.c.obj
                0x0000000020000244                PROVIDE (__mutex_array_end = .)
                0x0000000020000244                . = ALIGN (0x4)
                0x0000000020000244                PROVIDE (__preinit_array_start = .)
 *(SORT_BY_NAME(.preinit_array.*))
 .preinit_array.00001
                0x0000000020000244        0x4 CMakeFiles/fft.dir/Users/anya/Pico/pico-sdk/src/rp2_common/pico_mem_ops/mem_ops_aeabi.S.obj
 .preinit_array.00010
                0x0000000020000248        0x4 CMakeFiles/fft.dir/Users/anya/Pico/pico-sdk/src/rp2_common/pico_bit_ops/bit_ops_aeabi.S.obj
 .preinit_array.00020
                0x000000002000024c        0x4 CMakeFiles/fft.dir/Users/anya/Pico/pico-sdk/src/rp2_common/pico_double/double_aeabi.S.obj
 .preinit_array.00020
                0x0000000020000250        0x4 CMakeFiles/fft.dir/Users/anya/Pico/pico-sdk/src/rp2_common/pico_float/float_aeabi.S.obj
 *(.preinit_array)
                0x0000000020000254                PROVIDE (__preinit_array_end = .)
                0x0000000020000254                . = ALIGN (0x4)
                0x0000000020000254                PROVIDE (__init_array_start = .)
 *(SORT_BY_NAME(.init_array.*))
 *(.init_array)
 .init_array    0x0000000020000254        0x4 /usr/local/Cellar/arm-none-eabi-gcc/10.3-2021.07/gcc/bin/../lib/gcc/arm-none-eabi/10.3.1/thumb/v6-m/nofp/crtbegin.o
 .init_array    0x0000000020000258        0x4 CMakeFiles/fft.dir/Users/anya/Pico/pico-sdk/src/rp2_common/pico_bootsel_via_double_reset/pico_bootsel_via_double_reset.c.obj
                0x000000002000025c                PROVIDE (__init_array_end = .)
                0x000000002000025c                . = ALIGN (0x4)
                [!provide]                        PROVIDE (__fini_array_start = .)
 *(SORT_BY_NAME(.fini_array.*))
 *(.fini_array)
                [!provide]                        PROVIDE (__fini_array_end = .)
 *(.jcr)
                0x000000002000025c                . = ALIGN (0x4)
                0x000000002000025c                __data_end__ = .

.igot.plt       0x000000002000025c        0x0 load address 0x00000000100067ac
 .igot.plt      0x000000002000025c        0x0 /usr/local/Cellar/arm-none-eabi-gcc/10.3-2021.07/gcc/bin/../lib/gcc/arm-none-eabi/10.3.1/thumb/v6-m/nofp/crtbegin.o

.uninitialized_ram.magic_location
                0x000000002000025c        0xc load address 0x00000000100067ac
 .uninitialized_ram.magic_location
                0x000000002000025c        0xc CMakeFiles/fft.dir/Users/anya/Pico/pico-sdk/src/rp2_common/pico_bootsel_via_double_reset/pico_bootsel_via_double_reset.c.obj

.uninitialized_data
                0x0000000020000268        0x0 load address 0x00000000100067b8
                0x0000000020000268                . = ALIGN (0x4)
 *(.uninitialized_data*)

.scratch_x      0x0000000020040000        0x0 load address 0x00000000100067b8
                0x0000000020040000                __scratch_x_start__ = .
 *(.scratch_x.*)
                0x0000000020040000                . = ALIGN (0x4)
                0x0000000020040000                __scratch_x_end__ = .
                0x00000000100067b8                __scratch_x_source__ = LOADADDR (.scratch_x)

.scratch_y      0x0000000020041000        0x0 load address 0x00000000100067b8
                0x0000000020041000                __scratch_y_start__ = .
 *(.scratch_y.*)
                0x0000000020041000                . = ALIGN (0x4)
                0x0000000020041000                __scratch_y_end__ = .
                0x00000000100067b8                __scratch_y_source__ = LOADADDR (.scratch_y)

.bss            0x0000000020000268    0x2a12c
                0x0000000020000268                . = ALIGN (0x4)
                0x0000000020000268                __bss_start__ = .
 *(SORT_BY_ALIGNMENT(SORT_BY_NAME(.bss*)))
 .bss.default_alarm_pool_entries
                0x0000000020000268      0x100 CMakeFiles/fft.dir/Users/anya/Pico/pico-sdk/src/common/pico_time/time.c.obj
 .bss.sd_table  0x0000000020000368      0x100 CMakeFiles/fft.dir/Users/anya/Pico/pico-sdk/src/rp2_common/pico_double/double_init_rom.c.obj
                0x0000000020000368                sd_table
 .bss.sf_table  0x0000000020000468      0x100 CMakeFiles/fft.dir/Users/anya/Pico/pico-sdk/src/rp2_common/pico_float/float_init_rom.c.obj
                0x0000000020000468                sf_table
 .bss           0x0000000020000568       0x1c /usr/local/Cellar/arm-none-eabi-gcc/10.3-2021.07/gcc/bin/../lib/gcc/arm-none-eabi/10.3.1/thumb/v6-m/nofp/crtbegin.o
 .bss.Sinewave  0x0000000020000584     0x1000 CMakeFiles/fft.dir/fft.c.obj
                0x0000000020000584                Sinewave
 .bss._used_instruction_space
                0x0000000020001584        0x8 CMakeFiles/fft.dir/Users/anya/Pico/pico-sdk/src/rp2_common/hardware_pio/pio.c.obj
 .bss.alarm_callbacks
                0x000000002000158c       0x10 CMakeFiles/fft.dir/Users/anya/Pico/pico-sdk/src/rp2_common/hardware_timer/timer.c.obj
 .bss.configured_freq
                0x000000002000159c       0x28 CMakeFiles/fft.dir/Users/anya/Pico/pico-sdk/src/rp2_common/hardware_clocks/clocks.c.obj
 .bss.default_alarm_pool_entry_ids_high
                0x00000000200015c4       0x10 CMakeFiles/fft.dir/Users/anya/Pico/pico-sdk/src/common/pico_time/time.c.obj
 .bss.default_alarm_pool_heap_nodes
                0x00000000200015d4       0x30 CMakeFiles/fft.dir/Users/anya/Pico/pico-sdk/src/common/pico_time/time.c.obj
 .bss.drivers   0x0000000020001604        0x4 CMakeFiles/fft.dir/Users/anya/Pico/pico-sdk/src/rp2_common/pico_stdio/stdio.c.obj
 .bss.fi        0x0000000020001608     0x1000 CMakeFiles/fft.dir/fft.c.obj
                0x0000000020001608                fi
 .bss.filter    0x0000000020002608        0x4 CMakeFiles/fft.dir/Users/anya/Pico/pico-sdk/src/rp2_common/pico_stdio/stdio.c.obj
 .bss.fr        0x000000002000260c     0x1000 CMakeFiles/fft.dir/fft.c.obj
                0x000000002000260c                fr
 .bss.freqtext.1
                0x000000002000360c       0x28 CMakeFiles/fft.dir/fft.c.obj
 .bss.i.5       0x0000000020003634        0x4 CMakeFiles/fft.dir/fft.c.obj
 .bss.i.6       0x0000000020003638        0x4 CMakeFiles/fft.dir/fft.c.obj
 .bss.i.7       0x000000002000363c        0x4 CMakeFiles/fft.dir/fft.c.obj
 .bss.lazy_vsnprintf
                0x0000000020003640        0x4 CMakeFiles/fft.dir/Users/anya/Pico/pico-sdk/src/rp2_common/pico_printf/printf.c.obj
 .bss.max_fr.4  0x0000000020003644        0x4 CMakeFiles/fft.dir/fft.c.obj
 .bss.max_fr_dex.3
                0x0000000020003648        0x4 CMakeFiles/fft.dir/fft.c.obj
 .bss.max_freqency.2
                0x000000002000364c        0x4 CMakeFiles/fft.dir/fft.c.obj
 .bss.pools     0x0000000020003650       0x10 CMakeFiles/fft.dir/Users/anya/Pico/pico-sdk/src/common/pico_time/time.c.obj
 .bss.pt_sched  0x0000000020003660        0x4 CMakeFiles/fft.dir/fft.c.obj
 .bss.pt_sched1
                0x0000000020003664        0x4 CMakeFiles/fft.dir/fft.c.obj
 .bss.pt_sched_method
                0x0000000020003668        0x4 CMakeFiles/fft.dir/fft.c.obj
                0x0000000020003668                pt_sched_method
 .bss.pt_task_count
                0x000000002000366c        0x4 CMakeFiles/fft.dir/fft.c.obj
                0x000000002000366c                pt_task_count
 .bss.pt_task_count1
                0x0000000020003670        0x4 CMakeFiles/fft.dir/fft.c.obj
                0x0000000020003670                pt_task_count1
 .bss.pt_thread_list
                0x0000000020003674       0x78 CMakeFiles/fft.dir/fft.c.obj
 .bss.pt_thread_list1
                0x00000000200036ec       0x78 CMakeFiles/fft.dir/fft.c.obj
 .bss.sample_array
                0x0000000020003764      0x400 CMakeFiles/fft.dir/fft.c.obj
                0x0000000020003764                sample_array
 .bss.sf_clz_func
                0x0000000020003b64        0x4 CMakeFiles/fft.dir/Users/anya/Pico/pico-sdk/src/rp2_common/pico_double/double_init_rom.c.obj
                0x0000000020003b64                sf_clz_func
 .bss.sleep_notifier
                0x0000000020003b68        0x4 CMakeFiles/fft.dir/Users/anya/Pico/pico-sdk/src/common/pico_time/time.c.obj
 .bss.target_hi
                0x0000000020003b6c       0x10 CMakeFiles/fft.dir/Users/anya/Pico/pico-sdk/src/rp2_common/hardware_timer/timer.c.obj
 .bss.time_thread.8
                0x0000000020003b7c        0x4 CMakeFiles/fft.dir/fft.c.obj
 .bss.uart_char_to_line_feed
                0x0000000020003b80        0x4 CMakeFiles/fft.dir/Users/anya/Pico/pico-sdk/src/rp2_common/hardware_uart/uart.c.obj
                0x0000000020003b80                uart_char_to_line_feed
 .bss.uart_instance
                0x0000000020003b84        0x4 CMakeFiles/fft.dir/Users/anya/Pico/pico-sdk/src/rp2_common/pico_stdio_uart/stdio_uart.c.obj
 .bss.vga_data_array
                0x0000000020003b88    0x25800 CMakeFiles/fft.dir/vga_graphics.c.obj
                0x0000000020003b88                vga_data_array
 .bss.window    0x0000000020029388     0x1000 CMakeFiles/fft.dir/fft.c.obj
                0x0000000020029388                window
 .bss.cursor_x  0x000000002002a388        0x2 CMakeFiles/fft.dir/vga_graphics.c.obj
                0x000000002002a388                cursor_x
 .bss.cursor_y  0x000000002002a38a        0x2 CMakeFiles/fft.dir/vga_graphics.c.obj
                0x000000002002a38a                cursor_y
 .bss.textsize  0x000000002002a38c        0x2 CMakeFiles/fft.dir/vga_graphics.c.obj
                0x000000002002a38c                textsize
 .bss.claimed   0x000000002002a38e        0x1 CMakeFiles/fft.dir/Users/anya/Pico/pico-sdk/src/rp2_common/hardware_timer/timer.c.obj
 .bss.irq_hander_chain_free_slot_head
                0x000000002002a38f        0x1 CMakeFiles/fft.dir/Users/anya/Pico/pico-sdk/src/rp2_common/hardware_irq/irq.c.obj
 .bss.textbgcolor
                0x000000002002a390        0x1 CMakeFiles/fft.dir/vga_graphics.c.obj
                0x000000002002a390                textbgcolor
 .bss.textcolor
                0x000000002002a391        0x1 CMakeFiles/fft.dir/vga_graphics.c.obj
                0x000000002002a391                textcolor
 .bss.timer_callbacks_pending
                0x000000002002a392        0x1 CMakeFiles/fft.dir/Users/anya/Pico/pico-sdk/src/rp2_common/hardware_timer/timer.c.obj
 .bss.wrap      0x000000002002a393        0x1 CMakeFiles/fft.dir/vga_graphics.c.obj
                0x000000002002a393                wrap
 *(COMMON)
                0x000000002002a394                . = ALIGN (0x4)
                0x000000002002a394                __bss_end__ = .

.heap           0x000000002002a394      0x800
                0x000000002002a394                __end__ = .
                0x000000002002a394                end = __end__
 *(.heap*)
 .heap          0x000000002002a394      0x800 CMakeFiles/fft.dir/Users/anya/Pico/pico-sdk/src/rp2_common/pico_standard_link/crt0.S.obj
                0x000000002002ab94                __HeapLimit = .

.stack1_dummy   0x0000000020040000      0x800
 *(.stack1*)
 .stack1        0x0000000020040000      0x800 CMakeFiles/fft.dir/Users/anya/Pico/pico-sdk/src/rp2_common/pico_multicore/multicore.c.obj

.stack_dummy    0x0000000020041000      0x800
 *(.stack*)
 .stack         0x0000000020041000      0x800 CMakeFiles/fft.dir/Users/anya/Pico/pico-sdk/src/rp2_common/pico_standard_link/crt0.S.obj

.flash_end      0x00000000100067b8        0x0
                0x00000000100067b8                __flash_binary_end = .
                0x0000000020040000                __StackLimit = (ORIGIN (RAM) + LENGTH (RAM))
                0x0000000020041000                __StackOneTop = (ORIGIN (SCRATCH_X) + LENGTH (SCRATCH_X))
                0x0000000020042000                __StackTop = (ORIGIN (SCRATCH_Y) + LENGTH (SCRATCH_Y))
                0x0000000020040800                __StackOneBottom = (__StackOneTop - SIZEOF (.stack1_dummy))
                0x0000000020041800                __StackBottom = (__StackTop - SIZEOF (.stack_dummy))
                0x0000000020042000                PROVIDE (__stack = __StackTop)
                0x0000000000000001                ASSERT ((__StackLimit >= __HeapLimit), region RAM overflowed)
                0x0000000000000001                ASSERT (((__binary_info_header_end - __logical_binary_start) <= 0x100), Binary info must be in first 256 bytes of the binary)
LOAD CMakeFiles/fft.dir/fft.c.obj
LOAD CMakeFiles/fft.dir/vga_graphics.c.obj
LOAD CMakeFiles/fft.dir/Users/anya/Pico/pico-sdk/src/rp2_common/pico_stdlib/stdlib.c.obj
LOAD CMakeFiles/fft.dir/Users/anya/Pico/pico-sdk/src/rp2_common/hardware_gpio/gpio.c.obj
LOAD CMakeFiles/fft.dir/Users/anya/Pico/pico-sdk/src/rp2_common/hardware_claim/claim.c.obj
LOAD CMakeFiles/fft.dir/Users/anya/Pico/pico-sdk/src/rp2_common/pico_platform/platform.c.obj
LOAD CMakeFiles/fft.dir/Users/anya/Pico/pico-sdk/src/rp2_common/hardware_sync/sync.c.obj
LOAD CMakeFiles/fft.dir/Users/anya/Pico/pico-sdk/src/rp2_common/hardware_irq/irq.c.obj
LOAD CMakeFiles/fft.dir/Users/anya/Pico/pico-sdk/src/rp2_common/hardware_irq/irq_handler_chain.S.obj
LOAD CMakeFiles/fft.dir/Users/anya/Pico/pico-sdk/src/common/pico_sync/sem.c.obj
LOAD CMakeFiles/fft.dir/Users/anya/Pico/pico-sdk/src/common/pico_sync/lock_core.c.obj
LOAD CMakeFiles/fft.dir/Users/anya/Pico/pico-sdk/src/common/pico_time/time.c.obj
LOAD CMakeFiles/fft.dir/Users/anya/Pico/pico-sdk/src/common/pico_time/timeout_helper.c.obj
LOAD CMakeFiles/fft.dir/Users/anya/Pico/pico-sdk/src/rp2_common/hardware_timer/timer.c.obj
LOAD CMakeFiles/fft.dir/Users/anya/Pico/pico-sdk/src/common/pico_util/datetime.c.obj
LOAD CMakeFiles/fft.dir/Users/anya/Pico/pico-sdk/src/common/pico_util/pheap.c.obj
LOAD CMakeFiles/fft.dir/Users/anya/Pico/pico-sdk/src/common/pico_util/queue.c.obj
LOAD CMakeFiles/fft.dir/Users/anya/Pico/pico-sdk/src/common/pico_sync/mutex.c.obj
LOAD CMakeFiles/fft.dir/Users/anya/Pico/pico-sdk/src/common/pico_sync/critical_section.c.obj
LOAD CMakeFiles/fft.dir/Users/anya/Pico/pico-sdk/src/rp2_common/hardware_uart/uart.c.obj
LOAD CMakeFiles/fft.dir/Users/anya/Pico/pico-sdk/src/rp2_common/hardware_divider/divider.S.obj
LOAD CMakeFiles/fft.dir/Users/anya/Pico/pico-sdk/src/rp2_common/pico_runtime/runtime.c.obj
LOAD CMakeFiles/fft.dir/Users/anya/Pico/pico-sdk/src/rp2_common/hardware_clocks/clocks.c.obj
LOAD CMakeFiles/fft.dir/Users/anya/Pico/pico-sdk/src/rp2_common/hardware_pll/pll.c.obj
LOAD CMakeFiles/fft.dir/Users/anya/Pico/pico-sdk/src/rp2_common/hardware_vreg/vreg.c.obj
LOAD CMakeFiles/fft.dir/Users/anya/Pico/pico-sdk/src/rp2_common/hardware_watchdog/watchdog.c.obj
LOAD CMakeFiles/fft.dir/Users/anya/Pico/pico-sdk/src/rp2_common/hardware_xosc/xosc.c.obj
LOAD CMakeFiles/fft.dir/Users/anya/Pico/pico-sdk/src/rp2_common/pico_printf/printf.c.obj
LOAD CMakeFiles/fft.dir/Users/anya/Pico/pico-sdk/src/rp2_common/pico_bit_ops/bit_ops_aeabi.S.obj
LOAD CMakeFiles/fft.dir/Users/anya/Pico/pico-sdk/src/rp2_common/pico_bootrom/bootrom.c.obj
LOAD CMakeFiles/fft.dir/Users/anya/Pico/pico-sdk/src/rp2_common/pico_divider/divider.S.obj
LOAD CMakeFiles/fft.dir/Users/anya/Pico/pico-sdk/src/rp2_common/pico_double/double_aeabi.S.obj
LOAD CMakeFiles/fft.dir/Users/anya/Pico/pico-sdk/src/rp2_common/pico_double/double_init_rom.c.obj
LOAD CMakeFiles/fft.dir/Users/anya/Pico/pico-sdk/src/rp2_common/pico_double/double_math.c.obj
LOAD CMakeFiles/fft.dir/Users/anya/Pico/pico-sdk/src/rp2_common/pico_double/double_v1_rom_shim.S.obj
LOAD CMakeFiles/fft.dir/Users/anya/Pico/pico-sdk/src/rp2_common/pico_int64_ops/pico_int64_ops_aeabi.S.obj
LOAD CMakeFiles/fft.dir/Users/anya/Pico/pico-sdk/src/rp2_common/pico_float/float_aeabi.S.obj
LOAD CMakeFiles/fft.dir/Users/anya/Pico/pico-sdk/src/rp2_common/pico_float/float_init_rom.c.obj
LOAD CMakeFiles/fft.dir/Users/anya/Pico/pico-sdk/src/rp2_common/pico_float/float_math.c.obj
LOAD CMakeFiles/fft.dir/Users/anya/Pico/pico-sdk/src/rp2_common/pico_float/float_v1_rom_shim.S.obj
LOAD CMakeFiles/fft.dir/Users/anya/Pico/pico-sdk/src/rp2_common/pico_malloc/pico_malloc.c.obj
LOAD CMakeFiles/fft.dir/Users/anya/Pico/pico-sdk/src/rp2_common/pico_mem_ops/mem_ops_aeabi.S.obj
LOAD CMakeFiles/fft.dir/Users/anya/Pico/pico-sdk/src/rp2_common/pico_standard_link/crt0.S.obj
LOAD CMakeFiles/fft.dir/Users/anya/Pico/pico-sdk/src/rp2_common/pico_standard_link/new_delete.cpp.obj
LOAD CMakeFiles/fft.dir/Users/anya/Pico/pico-sdk/src/rp2_common/pico_standard_link/binary_info.c.obj
LOAD CMakeFiles/fft.dir/Users/anya/Pico/pico-sdk/src/rp2_common/pico_stdio/stdio.c.obj
LOAD CMakeFiles/fft.dir/Users/anya/Pico/pico-sdk/src/rp2_common/pico_stdio_uart/stdio_uart.c.obj
LOAD CMakeFiles/fft.dir/Users/anya/Pico/pico-sdk/src/rp2_common/pico_multicore/multicore.c.obj
LOAD CMakeFiles/fft.dir/Users/anya/Pico/pico-sdk/src/rp2_common/pico_bootsel_via_double_reset/pico_bootsel_via_double_reset.c.obj
LOAD CMakeFiles/fft.dir/Users/anya/Pico/pico-sdk/src/rp2_common/hardware_pio/pio.c.obj
LOAD CMakeFiles/fft.dir/Users/anya/Pico/pico-sdk/src/rp2_common/hardware_dma/dma.c.obj
LOAD CMakeFiles/fft.dir/Users/anya/Pico/pico-sdk/src/rp2_common/hardware_adc/adc.c.obj
LOAD /var/folders/vj/1ccy040s0s7gvx3fz1rr0qc40000gn/T//ccHIVfAz.o
LOAD /usr/local/Cellar/arm-none-eabi-gcc/10.3-2021.07/gcc/bin/../lib/gcc/arm-none-eabi/10.3.1/../../../../arm-none-eabi/lib/thumb/v6-m/nofp/libstdc++.a
LOAD /usr/local/Cellar/arm-none-eabi-gcc/10.3-2021.07/gcc/bin/../lib/gcc/arm-none-eabi/10.3.1/../../../../arm-none-eabi/lib/thumb/v6-m/nofp/libm.a
START GROUP
LOAD /usr/local/Cellar/arm-none-eabi-gcc/10.3-2021.07/gcc/bin/../lib/gcc/arm-none-eabi/10.3.1/thumb/v6-m/nofp/libgcc.a
LOAD /usr/local/Cellar/arm-none-eabi-gcc/10.3-2021.07/gcc/bin/../lib/gcc/arm-none-eabi/10.3.1/../../../../arm-none-eabi/lib/thumb/v6-m/nofp/libc.a
END GROUP
START GROUP
LOAD /usr/local/Cellar/arm-none-eabi-gcc/10.3-2021.07/gcc/bin/../lib/gcc/arm-none-eabi/10.3.1/thumb/v6-m/nofp/libgcc.a
LOAD /usr/local/Cellar/arm-none-eabi-gcc/10.3-2021.07/gcc/bin/../lib/gcc/arm-none-eabi/10.3.1/../../../../arm-none-eabi/lib/thumb/v6-m/nofp/libc.a
LOAD /usr/local/Cellar/arm-none-eabi-gcc/10.3-2021.07/gcc/bin/../lib/gcc/arm-none-eabi/10.3.1/../../../../arm-none-eabi/lib/thumb/v6-m/nofp/libnosys.a
END GROUP
LOAD /usr/local/Cellar/arm-none-eabi-gcc/10.3-2021.07/gcc/bin/../lib/gcc/arm-none-eabi/10.3.1/thumb/v6-m/nofp/crtend.o
LOAD /usr/local/Cellar/arm-none-eabi-gcc/10.3-2021.07/gcc/bin/../lib/gcc/arm-none-eabi/10.3.1/thumb/v6-m/nofp/crtn.o
OUTPUT(fft.elf elf32-littlearm)
LOAD linker stubs

.ARM.attributes
                0x0000000000000000       0x28
 .ARM.attributes
                0x0000000000000000       0x1e /usr/local/Cellar/arm-none-eabi-gcc/10.3-2021.07/gcc/bin/../lib/gcc/arm-none-eabi/10.3.1/thumb/v6-m/nofp/crti.o
 .ARM.attributes
                0x000000000000001e       0x2c /usr/local/Cellar/arm-none-eabi-gcc/10.3-2021.07/gcc/bin/../lib/gcc/arm-none-eabi/10.3.1/thumb/v6-m/nofp/crtbegin.o
 .ARM.attributes
                0x000000000000004a       0x2c CMakeFiles/fft.dir/fft.c.obj
 .ARM.attributes
                0x0000000000000076       0x2c CMakeFiles/fft.dir/vga_graphics.c.obj
 .ARM.attributes
                0x00000000000000a2       0x2c CMakeFiles/fft.dir/Users/anya/Pico/pico-sdk/src/rp2_common/hardware_gpio/gpio.c.obj
 .ARM.attributes
                0x00000000000000ce       0x2c CMakeFiles/fft.dir/Users/anya/Pico/pico-sdk/src/rp2_common/hardware_claim/claim.c.obj
 .ARM.attributes
                0x00000000000000fa       0x2c CMakeFiles/fft.dir/Users/anya/Pico/pico-sdk/src/rp2_common/pico_platform/platform.c.obj
 .ARM.attributes
                0x0000000000000126       0x2c CMakeFiles/fft.dir/Users/anya/Pico/pico-sdk/src/rp2_common/hardware_sync/sync.c.obj
 .ARM.attributes
                0x0000000000000152       0x2c CMakeFiles/fft.dir/Users/anya/Pico/pico-sdk/src/rp2_common/hardware_irq/irq.c.obj
 .ARM.attributes
                0x000000000000017e       0x22 CMakeFiles/fft.dir/Users/anya/Pico/pico-sdk/src/rp2_common/hardware_irq/irq_handler_chain.S.obj
 .ARM.attributes
                0x00000000000001a0       0x2c CMakeFiles/fft.dir/Users/anya/Pico/pico-sdk/src/common/pico_sync/lock_core.c.obj
 .ARM.attributes
                0x00000000000001cc       0x2c CMakeFiles/fft.dir/Users/anya/Pico/pico-sdk/src/common/pico_time/time.c.obj
 .ARM.attributes
                0x00000000000001f8       0x2c CMakeFiles/fft.dir/Users/anya/Pico/pico-sdk/src/rp2_common/hardware_timer/timer.c.obj
 .ARM.attributes
                0x0000000000000224       0x2c CMakeFiles/fft.dir/Users/anya/Pico/pico-sdk/src/common/pico_util/pheap.c.obj
 .ARM.attributes
                0x0000000000000250       0x2c CMakeFiles/fft.dir/Users/anya/Pico/pico-sdk/src/common/pico_sync/mutex.c.obj
 .ARM.attributes
                0x000000000000027c       0x2c CMakeFiles/fft.dir/Users/anya/Pico/pico-sdk/src/rp2_common/hardware_uart/uart.c.obj
 .ARM.attributes
                0x00000000000002a8       0x2c CMakeFiles/fft.dir/Users/anya/Pico/pico-sdk/src/rp2_common/pico_runtime/runtime.c.obj
 .ARM.attributes
                0x00000000000002d4       0x2c CMakeFiles/fft.dir/Users/anya/Pico/pico-sdk/src/rp2_common/hardware_clocks/clocks.c.obj
 .ARM.attributes
                0x0000000000000300       0x2c CMakeFiles/fft.dir/Users/anya/Pico/pico-sdk/src/rp2_common/hardware_pll/pll.c.obj
 .ARM.attributes
                0x000000000000032c       0x2c CMakeFiles/fft.dir/Users/anya/Pico/pico-sdk/src/rp2_common/hardware_watchdog/watchdog.c.obj
 .ARM.attributes
                0x0000000000000358       0x2c CMakeFiles/fft.dir/Users/anya/Pico/pico-sdk/src/rp2_common/hardware_xosc/xosc.c.obj
 .ARM.attributes
                0x0000000000000384       0x2c CMakeFiles/fft.dir/Users/anya/Pico/pico-sdk/src/rp2_common/pico_printf/printf.c.obj
 .ARM.attributes
                0x00000000000003b0       0x22 CMakeFiles/fft.dir/Users/anya/Pico/pico-sdk/src/rp2_common/pico_bit_ops/bit_ops_aeabi.S.obj
 .ARM.attributes
                0x00000000000003d2       0x2c CMakeFiles/fft.dir/Users/anya/Pico/pico-sdk/src/rp2_common/pico_bootrom/bootrom.c.obj
 .ARM.attributes
                0x00000000000003fe       0x22 CMakeFiles/fft.dir/Users/anya/Pico/pico-sdk/src/rp2_common/pico_divider/divider.S.obj
 .ARM.attributes
                0x0000000000000420       0x22 CMakeFiles/fft.dir/Users/anya/Pico/pico-sdk/src/rp2_common/pico_double/double_aeabi.S.obj
 .ARM.attributes
                0x0000000000000442       0x2c CMakeFiles/fft.dir/Users/anya/Pico/pico-sdk/src/rp2_common/pico_double/double_init_rom.c.obj
 .ARM.attributes
                0x000000000000046e       0x2c CMakeFiles/fft.dir/Users/anya/Pico/pico-sdk/src/rp2_common/pico_double/double_math.c.obj
 .ARM.attributes
                0x000000000000049a       0x22 CMakeFiles/fft.dir/Users/anya/Pico/pico-sdk/src/rp2_common/pico_double/double_v1_rom_shim.S.obj
 .ARM.attributes
                0x00000000000004bc       0x22 CMakeFiles/fft.dir/Users/anya/Pico/pico-sdk/src/rp2_common/pico_int64_ops/pico_int64_ops_aeabi.S.obj
 .ARM.attributes
                0x00000000000004de       0x22 CMakeFiles/fft.dir/Users/anya/Pico/pico-sdk/src/rp2_common/pico_float/float_aeabi.S.obj
 .ARM.attributes
                0x0000000000000500       0x2c CMakeFiles/fft.dir/Users/anya/Pico/pico-sdk/src/rp2_common/pico_float/float_init_rom.c.obj
 .ARM.attributes
                0x000000000000052c       0x22 CMakeFiles/fft.dir/Users/anya/Pico/pico-sdk/src/rp2_common/pico_float/float_v1_rom_shim.S.obj
 .ARM.attributes
                0x000000000000054e       0x2c CMakeFiles/fft.dir/Users/anya/Pico/pico-sdk/src/rp2_common/pico_malloc/pico_malloc.c.obj
 .ARM.attributes
                0x000000000000057a       0x22 CMakeFiles/fft.dir/Users/anya/Pico/pico-sdk/src/rp2_common/pico_mem_ops/mem_ops_aeabi.S.obj
 .ARM.attributes
                0x000000000000059c       0x22 CMakeFiles/fft.dir/Users/anya/Pico/pico-sdk/src/rp2_common/pico_standard_link/crt0.S.obj
 .ARM.attributes
                0x00000000000005be       0x32 CMakeFiles/fft.dir/Users/anya/Pico/pico-sdk/src/rp2_common/pico_standard_link/binary_info.c.obj
 .ARM.attributes
                0x00000000000005f0       0x2c CMakeFiles/fft.dir/Users/anya/Pico/pico-sdk/src/rp2_common/pico_stdio/stdio.c.obj
 .ARM.attributes
                0x000000000000061c       0x2c CMakeFiles/fft.dir/Users/anya/Pico/pico-sdk/src/rp2_common/pico_stdio_uart/stdio_uart.c.obj
 .ARM.attributes
                0x0000000000000648       0x2c CMakeFiles/fft.dir/Users/anya/Pico/pico-sdk/src/rp2_common/pico_multicore/multicore.c.obj
 .ARM.attributes
                0x0000000000000674       0x2c CMakeFiles/fft.dir/Users/anya/Pico/pico-sdk/src/rp2_common/pico_bootsel_via_double_reset/pico_bootsel_via_double_reset.c.obj
 .ARM.attributes
                0x00000000000006a0       0x2c CMakeFiles/fft.dir/Users/anya/Pico/pico-sdk/src/rp2_common/hardware_pio/pio.c.obj
 .ARM.attributes
                0x00000000000006cc       0x2c CMakeFiles/fft.dir/Users/anya/Pico/pico-sdk/src/rp2_common/hardware_adc/adc.c.obj
 .ARM.attributes
                0x00000000000006f8       0x22 /var/folders/vj/1ccy040s0s7gvx3fz1rr0qc40000gn/T//ccHIVfAz.o
 .ARM.attributes
                0x000000000000071a       0x1e /usr/local/Cellar/arm-none-eabi-gcc/10.3-2021.07/gcc/bin/../lib/gcc/arm-none-eabi/10.3.1/thumb/v6-m/nofp/libgcc.a(_dvmd_tls.o)
 .ARM.attributes
                0x0000000000000738       0x2c /usr/local/Cellar/arm-none-eabi-gcc/10.3-2021.07/gcc/bin/../lib/gcc/arm-none-eabi/10.3.1/../../../../arm-none-eabi/lib/thumb/v6-m/nofp/libc.a(lib_a-strlen-stub.o)

.comment        0x0000000000000000       0x49
 .comment       0x0000000000000000       0x49 CMakeFiles/fft.dir/fft.c.obj
                                         0x4a (size before relaxing)
 .comment       0x0000000000000049       0x4a CMakeFiles/fft.dir/vga_graphics.c.obj
 .comment       0x0000000000000049       0x4a CMakeFiles/fft.dir/Users/anya/Pico/pico-sdk/src/rp2_common/hardware_gpio/gpio.c.obj
 .comment       0x0000000000000049       0x4a CMakeFiles/fft.dir/Users/anya/Pico/pico-sdk/src/rp2_common/hardware_claim/claim.c.obj
 .comment       0x0000000000000049       0x4a CMakeFiles/fft.dir/Users/anya/Pico/pico-sdk/src/rp2_common/pico_platform/platform.c.obj
 .comment       0x0000000000000049       0x4a CMakeFiles/fft.dir/Users/anya/Pico/pico-sdk/src/rp2_common/hardware_sync/sync.c.obj
 .comment       0x0000000000000049       0x4a CMakeFiles/fft.dir/Users/anya/Pico/pico-sdk/src/rp2_common/hardware_irq/irq.c.obj
 .comment       0x0000000000000049       0x4a CMakeFiles/fft.dir/Users/anya/Pico/pico-sdk/src/common/pico_sync/lock_core.c.obj
 .comment       0x0000000000000049       0x4a CMakeFiles/fft.dir/Users/anya/Pico/pico-sdk/src/common/pico_time/time.c.obj
 .comment       0x0000000000000049       0x4a CMakeFiles/fft.dir/Users/anya/Pico/pico-sdk/src/rp2_common/hardware_timer/timer.c.obj
 .comment       0x0000000000000049       0x4a CMakeFiles/fft.dir/Users/anya/Pico/pico-sdk/src/common/pico_util/pheap.c.obj
 .comment       0x0000000000000049       0x4a CMakeFiles/fft.dir/Users/anya/Pico/pico-sdk/src/common/pico_sync/mutex.c.obj
 .comment       0x0000000000000049       0x4a CMakeFiles/fft.dir/Users/anya/Pico/pico-sdk/src/rp2_common/hardware_uart/uart.c.obj
 .comment       0x0000000000000049       0x4a CMakeFiles/fft.dir/Users/anya/Pico/pico-sdk/src/rp2_common/pico_runtime/runtime.c.obj
 .comment       0x0000000000000049       0x4a CMakeFiles/fft.dir/Users/anya/Pico/pico-sdk/src/rp2_common/hardware_clocks/clocks.c.obj
 .comment       0x0000000000000049       0x4a CMakeFiles/fft.dir/Users/anya/Pico/pico-sdk/src/rp2_common/hardware_pll/pll.c.obj
 .comment       0x0000000000000049       0x4a CMakeFiles/fft.dir/Users/anya/Pico/pico-sdk/src/rp2_common/hardware_watchdog/watchdog.c.obj
 .comment       0x0000000000000049       0x4a CMakeFiles/fft.dir/Users/anya/Pico/pico-sdk/src/rp2_common/hardware_xosc/xosc.c.obj
 .comment       0x0000000000000049       0x4a CMakeFiles/fft.dir/Users/anya/Pico/pico-sdk/src/rp2_common/pico_printf/printf.c.obj
 .comment       0x0000000000000049       0x4a CMakeFiles/fft.dir/Users/anya/Pico/pico-sdk/src/rp2_common/pico_bootrom/bootrom.c.obj
 .comment       0x0000000000000049       0x4a CMakeFiles/fft.dir/Users/anya/Pico/pico-sdk/src/rp2_common/pico_double/double_init_rom.c.obj
 .comment       0x0000000000000049       0x4a CMakeFiles/fft.dir/Users/anya/Pico/pico-sdk/src/rp2_common/pico_double/double_math.c.obj
 .comment       0x0000000000000049       0x4a CMakeFiles/fft.dir/Users/anya/Pico/pico-sdk/src/rp2_common/pico_float/float_init_rom.c.obj
 .comment       0x0000000000000049       0x4a CMakeFiles/fft.dir/Users/anya/Pico/pico-sdk/src/rp2_common/pico_malloc/pico_malloc.c.obj
 .comment       0x0000000000000049       0x4a CMakeFiles/fft.dir/Users/anya/Pico/pico-sdk/src/rp2_common/pico_standard_link/binary_info.c.obj
 .comment       0x0000000000000049       0x4a CMakeFiles/fft.dir/Users/anya/Pico/pico-sdk/src/rp2_common/pico_stdio/stdio.c.obj
 .comment       0x0000000000000049       0x4a CMakeFiles/fft.dir/Users/anya/Pico/pico-sdk/src/rp2_common/pico_stdio_uart/stdio_uart.c.obj
 .comment       0x0000000000000049       0x4a CMakeFiles/fft.dir/Users/anya/Pico/pico-sdk/src/rp2_common/pico_multicore/multicore.c.obj
 .comment       0x0000000000000049       0x4a CMakeFiles/fft.dir/Users/anya/Pico/pico-sdk/src/rp2_common/pico_bootsel_via_double_reset/pico_bootsel_via_double_reset.c.obj
 .comment       0x0000000000000049       0x4a CMakeFiles/fft.dir/Users/anya/Pico/pico-sdk/src/rp2_common/hardware_pio/pio.c.obj
 .comment       0x0000000000000049       0x4a CMakeFiles/fft.dir/Users/anya/Pico/pico-sdk/src/rp2_common/hardware_adc/adc.c.obj

.debug_frame    0x0000000000000000       0x28
 .debug_frame   0x0000000000000000       0x28 /usr/local/Cellar/arm-none-eabi-gcc/10.3-2021.07/gcc/bin/../lib/gcc/arm-none-eabi/10.3.1/../../../../arm-none-eabi/lib/thumb/v6-m/nofp/libc.a(lib_a-strlen-stub.o)
