Archive member included to satisfy reference by file (symbol)

/usr/local/Cellar/arm-none-eabi-gcc/10.3-2021.07/gcc/bin/../lib/gcc/arm-none-eabi/10.3.1/thumb/v6-m/nofp/libgcc.a(_dvmd_tls.o)
                              CMakeFiles/digitrec.dir/Users/anya/Pico/pico-sdk/src/rp2_common/pico_divider/divider.S.obj (__aeabi_idiv0)
/usr/local/Cellar/arm-none-eabi-gcc/10.3-2021.07/gcc/bin/../lib/gcc/arm-none-eabi/10.3.1/../../../../arm-none-eabi/lib/thumb/v6-m/nofp/libc.a(lib_a-calloc.o)
                              CMakeFiles/digitrec.dir/Users/anya/Pico/pico-sdk/src/rp2_common/pico_malloc/pico_malloc.c.obj (calloc)
/usr/local/Cellar/arm-none-eabi-gcc/10.3-2021.07/gcc/bin/../lib/gcc/arm-none-eabi/10.3.1/../../../../arm-none-eabi/lib/thumb/v6-m/nofp/libc.a(lib_a-callocr.o)
                              /usr/local/Cellar/arm-none-eabi-gcc/10.3-2021.07/gcc/bin/../lib/gcc/arm-none-eabi/10.3.1/../../../../arm-none-eabi/lib/thumb/v6-m/nofp/libc.a(lib_a-calloc.o) (_calloc_r)
/usr/local/Cellar/arm-none-eabi-gcc/10.3-2021.07/gcc/bin/../lib/gcc/arm-none-eabi/10.3.1/../../../../arm-none-eabi/lib/thumb/v6-m/nofp/libc.a(lib_a-errno.o)
                              /usr/local/Cellar/arm-none-eabi-gcc/10.3-2021.07/gcc/bin/../lib/gcc/arm-none-eabi/10.3.1/../../../../arm-none-eabi/lib/thumb/v6-m/nofp/libc.a(lib_a-callocr.o) (__errno)
/usr/local/Cellar/arm-none-eabi-gcc/10.3-2021.07/gcc/bin/../lib/gcc/arm-none-eabi/10.3.1/../../../../arm-none-eabi/lib/thumb/v6-m/nofp/libc.a(lib_a-impure.o)
                              /usr/local/Cellar/arm-none-eabi-gcc/10.3-2021.07/gcc/bin/../lib/gcc/arm-none-eabi/10.3.1/../../../../arm-none-eabi/lib/thumb/v6-m/nofp/libc.a(lib_a-calloc.o) (_impure_ptr)
/usr/local/Cellar/arm-none-eabi-gcc/10.3-2021.07/gcc/bin/../lib/gcc/arm-none-eabi/10.3.1/../../../../arm-none-eabi/lib/thumb/v6-m/nofp/libc.a(lib_a-init.o)
                              /usr/local/Cellar/arm-none-eabi-gcc/10.3-2021.07/gcc/bin/../lib/gcc/arm-none-eabi/10.3.1/../../../../arm-none-eabi/lib/thumb/v6-m/nofp/crt0.o (__libc_init_array)
/usr/local/Cellar/arm-none-eabi-gcc/10.3-2021.07/gcc/bin/../lib/gcc/arm-none-eabi/10.3.1/../../../../arm-none-eabi/lib/thumb/v6-m/nofp/libc.a(lib_a-malloc.o)
                              CMakeFiles/digitrec.dir/Users/anya/Pico/pico-sdk/src/rp2_common/pico_malloc/pico_malloc.c.obj (malloc)
/usr/local/Cellar/arm-none-eabi-gcc/10.3-2021.07/gcc/bin/../lib/gcc/arm-none-eabi/10.3.1/../../../../arm-none-eabi/lib/thumb/v6-m/nofp/libc.a(lib_a-mallocr.o)
                              /usr/local/Cellar/arm-none-eabi-gcc/10.3-2021.07/gcc/bin/../lib/gcc/arm-none-eabi/10.3.1/../../../../arm-none-eabi/lib/thumb/v6-m/nofp/libc.a(lib_a-callocr.o) (_malloc_r)
/usr/local/Cellar/arm-none-eabi-gcc/10.3-2021.07/gcc/bin/../lib/gcc/arm-none-eabi/10.3.1/../../../../arm-none-eabi/lib/thumb/v6-m/nofp/libc.a(lib_a-mlock.o)
                              /usr/local/Cellar/arm-none-eabi-gcc/10.3-2021.07/gcc/bin/../lib/gcc/arm-none-eabi/10.3.1/../../../../arm-none-eabi/lib/thumb/v6-m/nofp/libc.a(lib_a-mallocr.o) (__malloc_lock)
/usr/local/Cellar/arm-none-eabi-gcc/10.3-2021.07/gcc/bin/../lib/gcc/arm-none-eabi/10.3.1/../../../../arm-none-eabi/lib/thumb/v6-m/nofp/libc.a(lib_a-realloc.o)
                              CMakeFiles/digitrec.dir/Users/anya/Pico/pico-sdk/src/rp2_common/pico_malloc/pico_malloc.c.obj (realloc)
/usr/local/Cellar/arm-none-eabi-gcc/10.3-2021.07/gcc/bin/../lib/gcc/arm-none-eabi/10.3.1/../../../../arm-none-eabi/lib/thumb/v6-m/nofp/libc.a(lib_a-reallocr.o)
                              /usr/local/Cellar/arm-none-eabi-gcc/10.3-2021.07/gcc/bin/../lib/gcc/arm-none-eabi/10.3.1/../../../../arm-none-eabi/lib/thumb/v6-m/nofp/libc.a(lib_a-realloc.o) (_realloc_r)
/usr/local/Cellar/arm-none-eabi-gcc/10.3-2021.07/gcc/bin/../lib/gcc/arm-none-eabi/10.3.1/../../../../arm-none-eabi/lib/thumb/v6-m/nofp/libc.a(lib_a-sbrkr.o)
                              /usr/local/Cellar/arm-none-eabi-gcc/10.3-2021.07/gcc/bin/../lib/gcc/arm-none-eabi/10.3.1/../../../../arm-none-eabi/lib/thumb/v6-m/nofp/libc.a(lib_a-mallocr.o) (_sbrk_r)
/usr/local/Cellar/arm-none-eabi-gcc/10.3-2021.07/gcc/bin/../lib/gcc/arm-none-eabi/10.3.1/../../../../arm-none-eabi/lib/thumb/v6-m/nofp/libc.a(lib_a-strlen-stub.o)
                              CMakeFiles/digitrec.dir/Users/anya/Pico/pico-sdk/src/rp2_common/pico_stdio/stdio.c.obj (strlen)
/usr/local/Cellar/arm-none-eabi-gcc/10.3-2021.07/gcc/bin/../lib/gcc/arm-none-eabi/10.3.1/../../../../arm-none-eabi/lib/thumb/v6-m/nofp/libc.a(lib_a-freer.o)
                              /usr/local/Cellar/arm-none-eabi-gcc/10.3-2021.07/gcc/bin/../lib/gcc/arm-none-eabi/10.3.1/../../../../arm-none-eabi/lib/thumb/v6-m/nofp/libc.a(lib_a-malloc.o) (_free_r)
/usr/local/Cellar/arm-none-eabi-gcc/10.3-2021.07/gcc/bin/../lib/gcc/arm-none-eabi/10.3.1/../../../../arm-none-eabi/lib/thumb/v6-m/nofp/libc.a(lib_a-lock.o)
[...]
Memory Configuration

Name             Origin             Length             Attributes
FLASH            0x0000000010000000 0x0000000000200000 xr
RAM              0x0000000020000000 0x0000000000040000 xrw
SCRATCH_X        0x0000000020040000 0x0000000000001000 xrw
SCRATCH_Y        0x0000000020041000 0x0000000000001000 xrw
*default*        0x0000000000000000 0xffffffffffffffff

Linker script and memory map

LOAD /usr/local/Cellar/arm-none-eabi-gcc/10.3-2021.07/gcc/bin/../lib/gcc/arm-none-eabi/10.3.1/thumb/v6-m/nofp/crti.o
LOAD /usr/local/Cellar/arm-none-eabi-gcc/10.3-2021.07/gcc/bin/../lib/gcc/arm-none-eabi/10.3.1/thumb/v6-m/nofp/crtbegin.o
LOAD /usr/local/Cellar/arm-none-eabi-gcc/10.3-2021.07/gcc/bin/../lib/gcc/arm-none-eabi/10.3.1/../../../../arm-none-eabi/lib/thumb/v6-m/nofp/crt0.o

.flash_begin    0x0000000010000000        0x0
                0x0000000010000000                __flash_binary_start = .

.boot2          0x0000000010000000      0x100
                0x0000000010000000                __boot2_start__ = .
 *(.boot2)
 .boot2         0x0000000010000000      0x100 /var/folders/vj/1ccy040s0s7gvx3fz1rr0qc40000gn/T//cc1F81kL.o
                0x0000000010000100                __boot2_end__ = .
                0x0000000000000001                ASSERT (((__boot2_end__ - __boot2_start__) == 0x100), ERROR: Pico second stage bootloader must be 256 bytes in size)

.text           0x0000000010000100     0x2308
                0x0000000010000100                __logical_binary_start = .
 *(.vectors)
 .vectors       0x0000000010000100       0xd4 CMakeFiles/digitrec.dir/Users/anya/Pico/pico-sdk/src/rp2_common/pico_standard_link/crt0.S.obj
                0x0000000010000100                __VECTOR_TABLE
                0x0000000010000100                __vectors
                0x00000000100001c0                __default_isrs_start
                0x00000000100001c0                isr_invalid
                0x00000000100001c2                isr_nmi
                0x00000000100001c4                isr_hardfault
                0x00000000100001c6                isr_svcall
                0x00000000100001c8                isr_pendsv
                0x00000000100001ca                isr_systick
                0x00000000100001cc                isr_irq28
                0x00000000100001cc                isr_irq19
                0x00000000100001cc                isr_irq0
                0x00000000100001cc                isr_irq6
                0x00000000100001cc                isr_irq22
                0x00000000100001cc                isr_irq17
                0x00000000100001cc                isr_irq14
                0x00000000100001cc                isr_irq2
                0x00000000100001cc                isr_irq10
                0x00000000100001cc                isr_irq8
                0x00000000100001cc                isr_irq24
                0x00000000100001cc                isr_irq1
                0x00000000100001cc                isr_irq7
                0x00000000100001cc                isr_irq21
                0x00000000100001cc                isr_irq20
                0x00000000100001cc                isr_irq15
                0x00000000100001cc                isr_irq25
                0x00000000100001cc                isr_irq4
                0x00000000100001cc                isr_irq16
                0x00000000100001cc                isr_irq29
                0x00000000100001cc                isr_irq26
                0x00000000100001cc                __default_isrs_end
                0x00000000100001cc                isr_irq3
                0x00000000100001cc                isr_irq9
                0x00000000100001cc                __unhandled_user_irq
                0x00000000100001cc                isr_irq13
                0x00000000100001cc                isr_irq27
                0x00000000100001cc                isr_irq31
                0x00000000100001cc                isr_irq5
                0x00000000100001cc                isr_irq11
                0x00000000100001cc                isr_irq23
                0x00000000100001cc                isr_irq18
                0x00000000100001cc                isr_irq30
                0x00000000100001cc                isr_irq12
                0x00000000100001d2                unhandled_user_irq_num_in_r0
 *(.binary_info_header)
 .binary_info_header
                0x00000000100001d4       0x14 CMakeFiles/digitrec.dir/Users/anya/Pico/pico-sdk/src/rp2_common/pico_standard_link/crt0.S.obj
                0x00000000100001e8                __binary_info_header_end = .
 *(.reset)
 .reset         0x00000000100001e8       0xa8 CMakeFiles/digitrec.dir/Users/anya/Pico/pico-sdk/src/rp2_common/pico_standard_link/crt0.S.obj
                0x00000000100001e8                _entry_point
                0x0000000010000266                __get_current_exception
 .reset         0x0000000010000290       0x30 CMakeFiles/digitrec.dir/Users/anya/Pico/pico-sdk/src/rp2_common/pico_standard_link/binary_info.c.obj
 *(.init)
 .init          0x00000000100002c0        0x4 /usr/local/Cellar/arm-none-eabi-gcc/10.3-2021.07/gcc/bin/../lib/gcc/arm-none-eabi/10.3.1/thumb/v6-m/nofp/crti.o
                0x00000000100002c0                _init
 *(EXCLUDE_FILE(*libm.a: *libc.a:*lib_a-mem*.o *libgcc.a:) .text*)
 .text          0x00000000100002c4       0x48 /usr/local/Cellar/arm-none-eabi-gcc/10.3-2021.07/gcc/bin/../lib/gcc/arm-none-eabi/10.3.1/thumb/v6-m/nofp/crtbegin.o
 .text.protothread_sched.constprop.0.isra.0
                0x000000001000030c       0x70 CMakeFiles/digitrec.dir/digitrec.c.obj
 .text.protothread_sched1.constprop.0.isra.0
                0x000000001000037c       0x70 CMakeFiles/digitrec.dir/digitrec.c.obj
 .text.core1_main
                0x00000000100003ec       0x84 CMakeFiles/digitrec.dir/digitrec.c.obj
                0x00000000100003ec                core1_main
 .text.protothread_uart1
                0x0000000010000470      0x164 CMakeFiles/digitrec.dir/digitrec.c.obj
 .text.protothread_uart0
                0x00000000100005d4      0x170 CMakeFiles/digitrec.dir/digitrec.c.obj
 .text.startup.main
                0x0000000010000744       0xe0 CMakeFiles/digitrec.dir/digitrec.c.obj
                0x0000000010000744                main
 .text.gpio_set_function
                0x0000000010000824       0x30 CMakeFiles/digitrec.dir/Users/anya/Pico/pico-sdk/src/rp2_common/hardware_gpio/gpio.c.obj
                0x0000000010000824                gpio_set_function
 .text.hw_claim_or_assert
                0x0000000010000854       0x44 CMakeFiles/digitrec.dir/Users/anya/Pico/pico-sdk/src/rp2_common/hardware_claim/claim.c.obj
                0x0000000010000854                hw_claim_or_assert
 .text.running_on_fpga
                0x0000000010000898       0x10 CMakeFiles/digitrec.dir/Users/anya/Pico/pico-sdk/src/rp2_common/pico_platform/platform.c.obj
                0x0000000010000898                running_on_fpga
 .text.spin_locks_reset
                0x00000000100008a8       0x1c CMakeFiles/digitrec.dir/Users/anya/Pico/pico-sdk/src/rp2_common/hardware_sync/sync.c.obj
                0x00000000100008a8                spin_locks_reset
 .text.next_striped_spin_lock_num
                0x00000000100008c4       0x18 CMakeFiles/digitrec.dir/Users/anya/Pico/pico-sdk/src/rp2_common/hardware_sync/sync.c.obj
                0x00000000100008c4                next_striped_spin_lock_num
 .text.irq_set_enabled
                0x00000000100008dc       0x24 CMakeFiles/digitrec.dir/Users/anya/Pico/pico-sdk/src/rp2_common/hardware_irq/irq.c.obj
                0x00000000100008dc                irq_set_enabled
 .text.irq_is_enabled
                0x0000000010000900       0x18 CMakeFiles/digitrec.dir/Users/anya/Pico/pico-sdk/src/rp2_common/hardware_irq/irq.c.obj
                0x0000000010000900                irq_is_enabled
 .text.irq_get_vtable_handler
                0x0000000010000918       0x10 CMakeFiles/digitrec.dir/Users/anya/Pico/pico-sdk/src/rp2_common/hardware_irq/irq.c.obj
                0x0000000010000918                irq_get_vtable_handler
 .text.irq_set_exclusive_handler
                0x0000000010000928       0x54 CMakeFiles/digitrec.dir/Users/anya/Pico/pico-sdk/src/rp2_common/hardware_irq/irq.c.obj
                0x0000000010000928                irq_set_exclusive_handler
 .text.irq_remove_handler
                0x000000001000097c      0x1b4 CMakeFiles/digitrec.dir/Users/anya/Pico/pico-sdk/src/rp2_common/hardware_irq/irq.c.obj
                0x000000001000097c                irq_remove_handler
 .text.irq_add_tail_to_free_list
                0x0000000010000b30       0xb4 CMakeFiles/digitrec.dir/Users/anya/Pico/pico-sdk/src/rp2_common/hardware_irq/irq.c.obj
                0x0000000010000b30                irq_add_tail_to_free_list
 .text.irq_init_priorities
                0x0000000010000be4       0x24 CMakeFiles/digitrec.dir/Users/anya/Pico/pico-sdk/src/rp2_common/hardware_irq/irq.c.obj
                0x0000000010000be4                irq_init_priorities
 .text.lock_init
                0x0000000010000c08       0x10 CMakeFiles/digitrec.dir/Users/anya/Pico/pico-sdk/src/common/pico_sync/lock_core.c.obj
                0x0000000010000c08                lock_init
 .text.timer_pool_entry_comparator
                0x0000000010000c18       0x34 CMakeFiles/digitrec.dir/Users/anya/Pico/pico-sdk/src/common/pico_time/time.c.obj
                0x0000000010000c18                timer_pool_entry_comparator
 .text.add_alarm_under_lock.isra.0
                0x0000000010000c4c      0x100 CMakeFiles/digitrec.dir/Users/anya/Pico/pico-sdk/src/common/pico_time/time.c.obj
 .text.alarm_pool_alarm_callback
                0x0000000010000d4c      0x1c8 CMakeFiles/digitrec.dir/Users/anya/Pico/pico-sdk/src/common/pico_time/time.c.obj
 .text.alarm_pool_init_default
                0x0000000010000f14       0x64 CMakeFiles/digitrec.dir/Users/anya/Pico/pico-sdk/src/common/pico_time/time.c.obj
                0x0000000010000f14                alarm_pool_init_default
 .text.hardware_alarm_irq_handler
                0x0000000010000f78       0xb8 CMakeFiles/digitrec.dir/Users/anya/Pico/pico-sdk/src/rp2_common/hardware_timer/timer.c.obj
 .text.hardware_alarm_claim
                0x0000000010001030       0x18 CMakeFiles/digitrec.dir/Users/anya/Pico/pico-sdk/src/rp2_common/hardware_timer/timer.c.obj
                0x0000000010001030                hardware_alarm_claim
 .text.time_us_64
                0x0000000010001048       0x14 CMakeFiles/digitrec.dir/Users/anya/Pico/pico-sdk/src/rp2_common/hardware_timer/timer.c.obj
                0x0000000010001048                time_us_64
 .text.busy_wait_us
                0x000000001000105c       0x54 CMakeFiles/digitrec.dir/Users/anya/Pico/pico-sdk/src/rp2_common/hardware_timer/timer.c.obj
                0x000000001000105c                busy_wait_us
 .text.hardware_alarm_set_callback
                0x00000000100010b0       0x8c CMakeFiles/digitrec.dir/Users/anya/Pico/pico-sdk/src/rp2_common/hardware_timer/timer.c.obj
                0x00000000100010b0                hardware_alarm_set_callback
 .text.hardware_alarm_set_target
                0x000000001000113c       0xe0 CMakeFiles/digitrec.dir/Users/anya/Pico/pico-sdk/src/rp2_common/hardware_timer/timer.c.obj
                0x000000001000113c                hardware_alarm_set_target
 .text.hardware_alarm_cancel
                0x000000001000121c       0x3c CMakeFiles/digitrec.dir/Users/anya/Pico/pico-sdk/src/rp2_common/hardware_timer/timer.c.obj
                0x000000001000121c                hardware_alarm_cancel
 .text.ph_merge_nodes
                0x0000000010001258       0x68 CMakeFiles/digitrec.dir/Users/anya/Pico/pico-sdk/src/common/pico_util/pheap.c.obj
 .text.ph_post_alloc_init
                0x00000000100012c0       0x3c CMakeFiles/digitrec.dir/Users/anya/Pico/pico-sdk/src/common/pico_util/pheap.c.obj
                0x00000000100012c0                ph_post_alloc_init
 .text.ph_merge_two_pass
                0x00000000100012fc       0x90 CMakeFiles/digitrec.dir/Users/anya/Pico/pico-sdk/src/common/pico_util/pheap.c.obj
                0x00000000100012fc                ph_merge_two_pass
 .text.ph_remove_any_head
                0x000000001000138c       0xf8 CMakeFiles/digitrec.dir/Users/anya/Pico/pico-sdk/src/common/pico_util/pheap.c.obj
 .text.ph_remove_head
                0x0000000010001484       0xfc CMakeFiles/digitrec.dir/Users/anya/Pico/pico-sdk/src/common/pico_util/pheap.c.obj
                0x0000000010001484                ph_remove_head
 .text.ph_remove_and_free_node
                0x0000000010001580       0x7c CMakeFiles/digitrec.dir/Users/anya/Pico/pico-sdk/src/common/pico_util/pheap.c.obj
                0x0000000010001580                ph_remove_and_free_node
 .text.mutex_init
                0x00000000100015fc       0x1c CMakeFiles/digitrec.dir/Users/anya/Pico/pico-sdk/src/common/pico_sync/mutex.c.obj
                0x00000000100015fc                mutex_init
 .text.recursive_mutex_init
                0x0000000010001618       0x1c CMakeFiles/digitrec.dir/Users/anya/Pico/pico-sdk/src/common/pico_sync/mutex.c.obj
                0x0000000010001618                recursive_mutex_init
 .text.uart_init
                0x0000000010001634       0xe0 CMakeFiles/digitrec.dir/Users/anya/Pico/pico-sdk/src/rp2_common/hardware_uart/uart.c.obj
                0x0000000010001634                uart_init
 .text.runtime_init
                0x0000000010001714       0xf0 CMakeFiles/digitrec.dir/Users/anya/Pico/pico-sdk/src/rp2_common/pico_runtime/runtime.c.obj
                0x0000000010001714                runtime_init
 .text.exit     0x0000000010001804        0x4 CMakeFiles/digitrec.dir/Users/anya/Pico/pico-sdk/src/rp2_common/pico_runtime/runtime.c.obj
                0x0000000010001804                exit
 .text.panic    0x0000000010001808       0x30 CMakeFiles/digitrec.dir/Users/anya/Pico/pico-sdk/src/rp2_common/pico_runtime/runtime.c.obj
                0x0000000010001808                panic
 .text.hard_assertion_failure
                0x0000000010001838        0xc CMakeFiles/digitrec.dir/Users/anya/Pico/pico-sdk/src/rp2_common/pico_runtime/runtime.c.obj
                0x0000000010001838                hard_assertion_failure
 .text.clocks_init
                0x0000000010001844      0x2bc CMakeFiles/digitrec.dir/Users/anya/Pico/pico-sdk/src/rp2_common/hardware_clocks/clocks.c.obj
                0x0000000010001844                clocks_init
 .text.clock_get_hz
                0x0000000010001b00        0xc CMakeFiles/digitrec.dir/Users/anya/Pico/pico-sdk/src/rp2_common/hardware_clocks/clocks.c.obj
                0x0000000010001b00                clock_get_hz
 .text.pll_init
                0x0000000010001b0c       0xb0 CMakeFiles/digitrec.dir/Users/anya/Pico/pico-sdk/src/rp2_common/hardware_pll/pll.c.obj
                0x0000000010001b0c                pll_init
 .text.watchdog_start_tick
                0x0000000010001bbc       0x10 CMakeFiles/digitrec.dir/Users/anya/Pico/pico-sdk/src/rp2_common/hardware_watchdog/watchdog.c.obj
                0x0000000010001bbc                watchdog_start_tick
 .text.xosc_init
                0x0000000010001bcc       0x28 CMakeFiles/digitrec.dir/Users/anya/Pico/pico-sdk/src/rp2_common/hardware_xosc/xosc.c.obj
                0x0000000010001bcc                xosc_init
 .text._out_char
                0x0000000010001bf4       0x10 CMakeFiles/digitrec.dir/Users/anya/Pico/pico-sdk/src/rp2_common/pico_printf/printf.c.obj
 .text.weak_raw_vprintf
                0x0000000010001c04       0x30 CMakeFiles/digitrec.dir/Users/anya/Pico/pico-sdk/src/rp2_common/pico_printf/printf.c.obj
                0x0000000010001c04                weak_raw_vprintf
 .text          0x0000000010001c34       0x10 CMakeFiles/digitrec.dir/Users/anya/Pico/pico-sdk/src/rp2_common/pico_bit_ops/bit_ops_aeabi.S.obj
 .text.rom_func_lookup
                0x0000000010001c44       0x10 CMakeFiles/digitrec.dir/Users/anya/Pico/pico-sdk/src/rp2_common/pico_bootrom/bootrom.c.obj
                0x0000000010001c44                rom_func_lookup
 .text.rom_data_lookup
                0x0000000010001c54       0x10 CMakeFiles/digitrec.dir/Users/anya/Pico/pico-sdk/src/rp2_common/pico_bootrom/bootrom.c.obj
                0x0000000010001c54                rom_data_lookup
 .text.rom_funcs_lookup
                0x0000000010001c64       0x44 CMakeFiles/digitrec.dir/Users/anya/Pico/pico-sdk/src/rp2_common/pico_bootrom/bootrom.c.obj
                0x0000000010001c64                rom_funcs_lookup
 .text.__wrap___aeabi_uidiv
                0x0000000010001ca8       0x4c CMakeFiles/digitrec.dir/Users/anya/Pico/pico-sdk/src/rp2_common/pico_divider/divider.S.obj
                0x0000000010001ca8                __wrap___aeabi_uidiv
                0x0000000010001ca8                __wrap___aeabi_uidivmod
                0x0000000010001ca8                div_u32u32
                0x0000000010001ca8                divmod_u32u32
                0x0000000010001cb0                divmod_u32u32_unsafe
                0x0000000010001cd8                divmod_u32u32_savestate
 .text.__aeabi_double_init
                0x0000000010001cf4       0x94 CMakeFiles/digitrec.dir/Users/anya/Pico/pico-sdk/src/rp2_common/pico_double/double_init_rom.c.obj
                0x0000000010001cf4                __aeabi_double_init
 .text.double_table_shim_on_use_helper
                0x0000000010001d88       0x2c CMakeFiles/digitrec.dir/Users/anya/Pico/pico-sdk/src/rp2_common/pico_double/double_v1_rom_shim.S.obj
                0x0000000010001d88                double_table_shim_on_use_helper
 .text.__aeabi_float_init
                0x0000000010001db4       0x64 CMakeFiles/digitrec.dir/Users/anya/Pico/pico-sdk/src/rp2_common/pico_float/float_init_rom.c.obj
                0x0000000010001db4                __aeabi_float_init
 .text.float_table_shim_on_use_helper
                0x0000000010001e18       0x2c CMakeFiles/digitrec.dir/Users/anya/Pico/pico-sdk/src/rp2_common/pico_float/float_v1_rom_shim.S.obj
                0x0000000010001e18                float_table_shim_on_use_helper
 .text          0x0000000010001e44       0x10 CMakeFiles/digitrec.dir/Users/anya/Pico/pico-sdk/src/rp2_common/pico_mem_ops/mem_ops_aeabi.S.obj
                0x0000000010001e44                __aeabi_mem_init
 .text.memcpy   0x0000000010001e54        0xc CMakeFiles/digitrec.dir/Users/anya/Pico/pico-sdk/src/rp2_common/pico_mem_ops/mem_ops_aeabi.S.obj
                0x0000000010001e54                __wrap___aeabi_memcpy
                0x0000000010001e54                __wrap_memcpy
 .text.stdio_out_chars_no_crlf
                0x0000000010001e60       0x10 CMakeFiles/digitrec.dir/Users/anya/Pico/pico-sdk/src/rp2_common/pico_stdio/stdio.c.obj
 .text.stdio_out_chars_crlf
                0x0000000010001e70       0xb4 CMakeFiles/digitrec.dir/Users/anya/Pico/pico-sdk/src/rp2_common/pico_stdio/stdio.c.obj
 .text.stdio_put_string.isra.0
                0x0000000010001f24       0xfc CMakeFiles/digitrec.dir/Users/anya/Pico/pico-sdk/src/rp2_common/pico_stdio/stdio.c.obj
 .text.__wrap_putchar
                0x0000000010002020       0xa0 CMakeFiles/digitrec.dir/Users/anya/Pico/pico-sdk/src/rp2_common/pico_stdio/stdio.c.obj
                0x0000000010002020                __wrap_putchar
 .text.__wrap_puts
                0x00000000100020c0       0x3c CMakeFiles/digitrec.dir/Users/anya/Pico/pico-sdk/src/rp2_common/pico_stdio/stdio.c.obj
                0x00000000100020c0                __wrap_puts
 .text.stdio_set_driver_enabled
                0x00000000100020fc       0x30 CMakeFiles/digitrec.dir/Users/anya/Pico/pico-sdk/src/rp2_common/pico_stdio/stdio.c.obj
                0x00000000100020fc                stdio_set_driver_enabled
 .text.stdio_init_all
                0x000000001000212c        0x8 CMakeFiles/digitrec.dir/Users/anya/Pico/pico-sdk/src/rp2_common/pico_stdio/stdio.c.obj
                0x000000001000212c                stdio_init_all
 .text.stdio_uart_out_chars
                0x0000000010002134       0x4c CMakeFiles/digitrec.dir/Users/anya/Pico/pico-sdk/src/rp2_common/pico_stdio_uart/stdio_uart.c.obj
 .text.stdio_uart_in_chars
                0x0000000010002180       0x38 CMakeFiles/digitrec.dir/Users/anya/Pico/pico-sdk/src/rp2_common/pico_stdio_uart/stdio_uart.c.obj
                0x0000000010002180                stdio_uart_in_chars
 .text.stdio_uart_init
                0x00000000100021b8       0x48 CMakeFiles/digitrec.dir/Users/anya/Pico/pico-sdk/src/rp2_common/pico_stdio_uart/stdio_uart.c.obj
                0x00000000100021b8                stdio_uart_init
 .text.core1_trampoline
                0x0000000010002200        0x4 CMakeFiles/digitrec.dir/Users/anya/Pico/pico-sdk/src/rp2_common/pico_multicore/multicore.c.obj
 .text.core1_wrapper
                0x0000000010002204        0xc CMakeFiles/digitrec.dir/Users/anya/Pico/pico-sdk/src/rp2_common/pico_multicore/multicore.c.obj
                0x0000000010002204                core1_wrapper
 .text.multicore_reset_core1
                0x0000000010002210       0x24 CMakeFiles/digitrec.dir/Users/anya/Pico/pico-sdk/src/rp2_common/pico_multicore/multicore.c.obj
                0x0000000010002210                multicore_reset_core1
 .text.multicore_launch_core1_raw
                0x0000000010002234       0x84 CMakeFiles/digitrec.dir/Users/anya/Pico/pico-sdk/src/rp2_common/pico_multicore/multicore.c.obj
                0x0000000010002234                multicore_launch_core1_raw
 .text.multicore_launch_core1
                0x00000000100022b8       0x4c CMakeFiles/digitrec.dir/Users/anya/Pico/pico-sdk/src/rp2_common/pico_multicore/multicore.c.obj
                0x00000000100022b8                multicore_launch_core1
 .text.startup.boot_double_tap_check
                0x0000000010002304       0x60 CMakeFiles/digitrec.dir/Users/anya/Pico/pico-sdk/src/rp2_common/pico_bootsel_via_double_reset/pico_bootsel_via_double_reset.c.obj
 .text.strlen   0x0000000010002364       0x5c /usr/local/Cellar/arm-none-eabi-gcc/10.3-2021.07/gcc/bin/../lib/gcc/arm-none-eabi/10.3.1/../../../../arm-none-eabi/lib/thumb/v6-m/nofp/libc.a(lib_a-strlen-stub.o)
                0x0000000010002364                strlen
 *(.fini)
 .fini          0x00000000100023c0        0x4 /usr/local/Cellar/arm-none-eabi-gcc/10.3-2021.07/gcc/bin/../lib/gcc/arm-none-eabi/10.3.1/thumb/v6-m/nofp/crti.o
                0x00000000100023c0                _fini
 *fill*         0x00000000100023c4        0x4 
 .fini.__stub   0x00000000100023c8       0x40 linker stubs
 *crtbegin.o(.ctors)
 *crtbegin?.o(.ctors)
 *(EXCLUDE_FILE(*crtend.o *crtend?.o) .ctors)
 *(SORT_BY_NAME(.ctors.*))
 *(.ctors)
 *crtbegin.o(.dtors)
 *crtbegin?.o(.dtors)
 *(EXCLUDE_FILE(*crtend.o *crtend?.o) .dtors)
 *(SORT_BY_NAME(.dtors.*))
 *(.dtors)
 *(.eh_frame*)
 .eh_frame      0x0000000010002408        0x0 /usr/local/Cellar/arm-none-eabi-gcc/10.3-2021.07/gcc/bin/../lib/gcc/arm-none-eabi/10.3.1/thumb/v6-m/nofp/crtbegin.o
                0x0000000010002408                . = ALIGN (0x4)

.glue_7         0x0000000010002408        0x0
 .glue_7        0x0000000010002408        0x0 linker stubs

.glue_7t        0x0000000010002408        0x0
 .glue_7t       0x0000000010002408        0x0 linker stubs

.vfp11_veneer   0x0000000010002408        0x0
 .vfp11_veneer  0x0000000010002408        0x0 linker stubs

.v4_bx          0x0000000010002408        0x0
 .v4_bx         0x0000000010002408        0x0 linker stubs

.iplt           0x0000000010002408        0x0
 .iplt          0x0000000010002408        0x0 /usr/local/Cellar/arm-none-eabi-gcc/10.3-2021.07/gcc/bin/../lib/gcc/arm-none-eabi/10.3.1/thumb/v6-m/nofp/crtbegin.o

.rodata         0x0000000010002408      0x140
 *(EXCLUDE_FILE(*libm.a: *libc.a:*lib_a-mem*.o *libgcc.a:) .rodata*)
 .rodata.protothread_uart1.str1.4
                0x0000000010002408       0x24 CMakeFiles/digitrec.dir/digitrec.c.obj
 .rodata.protothread_uart0.str1.4
                0x000000001000242c        0xb CMakeFiles/digitrec.dir/digitrec.c.obj
 *fill*         0x0000000010002437        0x1 
 .rodata.hardware_alarm_claim.str1.4
                0x0000000010002438       0x22 CMakeFiles/digitrec.dir/Users/anya/Pico/pico-sdk/src/rp2_common/hardware_timer/timer.c.obj
 *fill*         0x000000001000245a        0x2 
 .rodata.panic.str1.4
                0x000000001000245c       0x12 CMakeFiles/digitrec.dir/Users/anya/Pico/pico-sdk/src/rp2_common/pico_runtime/runtime.c.obj
 *fill*         0x000000001000246e        0x2 
 .rodata.hard_assertion_failure.str1.4
                0x0000000010002470        0xc CMakeFiles/digitrec.dir/Users/anya/Pico/pico-sdk/src/rp2_common/pico_runtime/runtime.c.obj
 .rodata.str1.4
                0x000000001000247c       0x40 CMakeFiles/digitrec.dir/Users/anya/Pico/pico-sdk/src/rp2_common/pico_standard_link/binary_info.c.obj
 .rodata.__bi_44
                0x00000000100024bc        0xc CMakeFiles/digitrec.dir/Users/anya/Pico/pico-sdk/src/rp2_common/pico_standard_link/binary_info.c.obj
 .rodata.__bi_75
                0x00000000100024c8        0xc CMakeFiles/digitrec.dir/Users/anya/Pico/pico-sdk/src/rp2_common/pico_standard_link/binary_info.c.obj
 .rodata.__bi_81
                0x00000000100024d4        0xc CMakeFiles/digitrec.dir/Users/anya/Pico/pico-sdk/src/rp2_common/pico_standard_link/binary_info.c.obj
 .rodata.crlf_str.0
                0x00000000100024e0        0x2 CMakeFiles/digitrec.dir/Users/anya/Pico/pico-sdk/src/rp2_common/pico_stdio/stdio.c.obj
 *fill*         0x00000000100024e2        0x2 
 .rodata.str1.4
                0x00000000100024e4       0x2c CMakeFiles/digitrec.dir/Users/anya/Pico/pico-sdk/src/rp2_common/pico_stdio_uart/stdio_uart.c.obj
 .rodata.__bi_28.4
                0x0000000010002510        0xc CMakeFiles/digitrec.dir/Users/anya/Pico/pico-sdk/src/rp2_common/pico_stdio_uart/stdio_uart.c.obj
 .rodata.__bi_29.5
                0x000000001000251c        0x8 CMakeFiles/digitrec.dir/Users/anya/Pico/pico-sdk/src/rp2_common/pico_stdio_uart/stdio_uart.c.obj
 .rodata.str1.4
                0x0000000010002524       0x18 CMakeFiles/digitrec.dir/Users/anya/Pico/pico-sdk/src/rp2_common/pico_bootsel_via_double_reset/pico_bootsel_via_double_reset.c.obj
 .rodata.__bi_35
                0x000000001000253c        0xc CMakeFiles/digitrec.dir/Users/anya/Pico/pico-sdk/src/rp2_common/pico_bootsel_via_double_reset/pico_bootsel_via_double_reset.c.obj
                0x0000000010002548                . = ALIGN (0x4)
 *(SORT_BY_ALIGNMENT(SORT_BY_NAME(.flashdata*)))
                0x0000000010002548                . = ALIGN (0x4)

.rel.dyn        0x0000000010002548        0x0
 .rel.iplt      0x0000000010002548        0x0 /usr/local/Cellar/arm-none-eabi-gcc/10.3-2021.07/gcc/bin/../lib/gcc/arm-none-eabi/10.3.1/thumb/v6-m/nofp/crtbegin.o

.ARM.extab
 *(.ARM.extab* .gnu.linkonce.armextab.*)
                0x0000000010002548                __exidx_start = .

.ARM.exidx
 *(.ARM.exidx* .gnu.linkonce.armexidx.*)
                0x0000000010002548                __exidx_end = .
                0x0000000010002548                . = ALIGN (0x4)
                0x0000000010002548                __binary_info_start = .

.binary_info    0x0000000010002548       0x28
 *(.binary_info.keep.*)
 .binary_info.keep.__bi_ptr22
                0x0000000010002548        0x4 CMakeFiles/digitrec.dir/Users/anya/Pico/pico-sdk/src/rp2_common/pico_standard_link/binary_info.c.obj
 .binary_info.keep.__bi_ptr30
                0x000000001000254c        0x4 CMakeFiles/digitrec.dir/Users/anya/Pico/pico-sdk/src/rp2_common/pico_standard_link/binary_info.c.obj
 .binary_info.keep.__bi_ptr38
                0x0000000010002550        0x4 CMakeFiles/digitrec.dir/Users/anya/Pico/pico-sdk/src/rp2_common/pico_standard_link/binary_info.c.obj
 .binary_info.keep.__bi_ptr44
                0x0000000010002554        0x4 CMakeFiles/digitrec.dir/Users/anya/Pico/pico-sdk/src/rp2_common/pico_standard_link/binary_info.c.obj
 .binary_info.keep.__bi_ptr50
                0x0000000010002558        0x4 CMakeFiles/digitrec.dir/Users/anya/Pico/pico-sdk/src/rp2_common/pico_standard_link/binary_info.c.obj
 .binary_info.keep.__bi_ptr75
                0x000000001000255c        0x4 CMakeFiles/digitrec.dir/Users/anya/Pico/pico-sdk/src/rp2_common/pico_standard_link/binary_info.c.obj
 .binary_info.keep.__bi_ptr81
                0x0000000010002560        0x4 CMakeFiles/digitrec.dir/Users/anya/Pico/pico-sdk/src/rp2_common/pico_standard_link/binary_info.c.obj
 .binary_info.keep.__bi_ptr35
                0x0000000010002564        0x4 CMakeFiles/digitrec.dir/Users/anya/Pico/pico-sdk/src/rp2_common/pico_bootsel_via_double_reset/pico_bootsel_via_double_reset.c.obj
 *(.binary_info.*)
 .binary_info.__bi_ptr28
                0x0000000010002568        0x4 CMakeFiles/digitrec.dir/Users/anya/Pico/pico-sdk/src/rp2_common/pico_stdio_uart/stdio_uart.c.obj
 .binary_info.__bi_ptr29
                0x000000001000256c        0x4 CMakeFiles/digitrec.dir/Users/anya/Pico/pico-sdk/src/rp2_common/pico_stdio_uart/stdio_uart.c.obj
                0x0000000010002570                __binary_info_end = .
                0x0000000010002570                . = ALIGN (0x4)
                0x0000000010002570                __etext = .

.ram_vector_table
                0x0000000020000000       0xc0
 *(.ram_vector_table)
 .ram_vector_table
                0x0000000020000000       0xc0 CMakeFiles/digitrec.dir/Users/anya/Pico/pico-sdk/src/rp2_common/pico_runtime/runtime.c.obj
                0x0000000020000000                ram_vector_table

.data           0x00000000200000c0      0x18c load address 0x0000000010002570
                0x00000000200000c0                __data_start__ = .
 *(vtable)
 *(.time_critical*)
 .time_critical.mutex_enter_blocking
                0x00000000200000c0       0x48 CMakeFiles/digitrec.dir/Users/anya/Pico/pico-sdk/src/common/pico_sync/mutex.c.obj
                0x00000000200000c0                mutex_enter_blocking
 .time_critical.mutex_try_enter
                0x0000000020000108       0x44 CMakeFiles/digitrec.dir/Users/anya/Pico/pico-sdk/src/common/pico_sync/mutex.c.obj
                0x0000000020000108                mutex_try_enter
 .time_critical.mutex_exit
                0x000000002000014c       0x28 CMakeFiles/digitrec.dir/Users/anya/Pico/pico-sdk/src/common/pico_sync/mutex.c.obj
                0x000000002000014c                mutex_exit
 *(.text*)
 .text          0x0000000020000174        0x4 /usr/local/Cellar/arm-none-eabi-gcc/10.3-2021.07/gcc/bin/../lib/gcc/arm-none-eabi/10.3.1/thumb/v6-m/nofp/libgcc.a(_dvmd_tls.o)
                0x0000000020000174                __aeabi_ldiv0
                0x0000000020000174                __aeabi_idiv0
                0x0000000020000178                . = ALIGN (0x4)
 *(.rodata*)
                0x0000000020000178                . = ALIGN (0x4)
 *(.data*)
 .data.striped_spin_lock_num
                0x0000000020000178        0x1 CMakeFiles/digitrec.dir/Users/anya/Pico/pico-sdk/src/rp2_common/hardware_sync/sync.c.obj
 *fill*         0x0000000020000179        0x3 
 .data          0x000000002000017c       0x48 CMakeFiles/digitrec.dir/Users/anya/Pico/pico-sdk/src/rp2_common/hardware_irq/irq_handler_chain.S.obj
                0x000000002000017c                irq_handler_chain_slots
                0x00000000200001ac                irq_handler_chain_first_slot
                0x00000000200001b6                irq_handler_chain_remove_tail
 .data.default_alarm_pool
                0x00000000200001c4       0x18 CMakeFiles/digitrec.dir/Users/anya/Pico/pico-sdk/src/common/pico_time/time.c.obj
 .data.default_alarm_pool_heap
                0x00000000200001dc       0x10 CMakeFiles/digitrec.dir/Users/anya/Pico/pico-sdk/src/common/pico_time/time.c.obj
 *fill*         0x00000000200001ec        0x4 
 .data.aeabi_bits_funcs
                0x00000000200001f0       0x10 CMakeFiles/digitrec.dir/Users/anya/Pico/pico-sdk/src/rp2_common/pico_bit_ops/bit_ops_aeabi.S.obj
                0x00000000200001f0                aeabi_bits_funcs
                0x0000000020000200                aeabi_bits_funcs_end
 .data.aeabi_mem_funcs
                0x0000000020000200       0x10 CMakeFiles/digitrec.dir/Users/anya/Pico/pico-sdk/src/rp2_common/pico_mem_ops/mem_ops_aeabi.S.obj
                0x0000000020000200                aeabi_mem_funcs
                0x0000000020000210                aeabi_mem_funcs_end
 .data.stdio_uart
                0x0000000020000210       0x14 CMakeFiles/digitrec.dir/Users/anya/Pico/pico-sdk/src/rp2_common/pico_stdio_uart/stdio_uart.c.obj
                0x0000000020000210                stdio_uart
                0x0000000020000224                . = ALIGN (0x4)
 *(.after_data.*)
                0x0000000020000224                . = ALIGN (0x4)
                0x0000000020000224                PROVIDE (__mutex_array_start = .)
 *(SORT_BY_NAME(.mutex_array.*))
 *(.mutex_array)
 .mutex_array   0x0000000020000224        0x8 CMakeFiles/digitrec.dir/Users/anya/Pico/pico-sdk/src/rp2_common/pico_malloc/pico_malloc.c.obj
 .mutex_array   0x000000002000022c        0x8 CMakeFiles/digitrec.dir/Users/anya/Pico/pico-sdk/src/rp2_common/pico_stdio/stdio.c.obj
                0x0000000020000234                PROVIDE (__mutex_array_end = .)
                0x0000000020000234                . = ALIGN (0x4)
                0x0000000020000234                PROVIDE (__preinit_array_start = .)
 *(SORT_BY_NAME(.preinit_array.*))
 .preinit_array.00001
                0x0000000020000234        0x4 CMakeFiles/digitrec.dir/Users/anya/Pico/pico-sdk/src/rp2_common/pico_mem_ops/mem_ops_aeabi.S.obj
 .preinit_array.00010
                0x0000000020000238        0x4 CMakeFiles/digitrec.dir/Users/anya/Pico/pico-sdk/src/rp2_common/pico_bit_ops/bit_ops_aeabi.S.obj
 .preinit_array.00020
                0x000000002000023c        0x4 CMakeFiles/digitrec.dir/Users/anya/Pico/pico-sdk/src/rp2_common/pico_double/double_aeabi.S.obj
 .preinit_array.00020
                0x0000000020000240        0x4 CMakeFiles/digitrec.dir/Users/anya/Pico/pico-sdk/src/rp2_common/pico_float/float_aeabi.S.obj
 *(.preinit_array)
                0x0000000020000244                PROVIDE (__preinit_array_end = .)
                0x0000000020000244                . = ALIGN (0x4)
                0x0000000020000244                PROVIDE (__init_array_start = .)
 *(SORT_BY_NAME(.init_array.*))
 *(.init_array)
 .init_array    0x0000000020000244        0x4 /usr/local/Cellar/arm-none-eabi-gcc/10.3-2021.07/gcc/bin/../lib/gcc/arm-none-eabi/10.3.1/thumb/v6-m/nofp/crtbegin.o
 .init_array    0x0000000020000248        0x4 CMakeFiles/digitrec.dir/Users/anya/Pico/pico-sdk/src/rp2_common/pico_bootsel_via_double_reset/pico_bootsel_via_double_reset.c.obj
                0x000000002000024c                PROVIDE (__init_array_end = .)
                0x000000002000024c                . = ALIGN (0x4)
                [!provide]                        PROVIDE (__fini_array_start = .)
 *(SORT_BY_NAME(.fini_array.*))
 *(.fini_array)
                [!provide]                        PROVIDE (__fini_array_end = .)
 *(.jcr)
                0x000000002000024c                . = ALIGN (0x4)
                0x000000002000024c                __data_end__ = .

.igot.plt       0x000000002000024c        0x0 load address 0x00000000100026fc
 .igot.plt      0x000000002000024c        0x0 /usr/local/Cellar/arm-none-eabi-gcc/10.3-2021.07/gcc/bin/../lib/gcc/arm-none-eabi/10.3.1/thumb/v6-m/nofp/crtbegin.o

.uninitialized_ram.magic_location
                0x000000002000024c        0xc load address 0x00000000100026fc
 .uninitialized_ram.magic_location
                0x000000002000024c        0xc CMakeFiles/digitrec.dir/Users/anya/Pico/pico-sdk/src/rp2_common/pico_bootsel_via_double_reset/pico_bootsel_via_double_reset.c.obj

.uninitialized_data
                0x0000000020000258        0x0 load address 0x0000000010002708
                0x0000000020000258                . = ALIGN (0x4)
 *(.uninitialized_data*)

.scratch_x      0x0000000020040000        0x0 load address 0x0000000010002708
                0x0000000020040000                __scratch_x_start__ = .
 *(.scratch_x.*)
                0x0000000020040000                . = ALIGN (0x4)
                0x0000000020040000                __scratch_x_end__ = .
                0x0000000010002708                __scratch_x_source__ = LOADADDR (.scratch_x)

.scratch_y      0x0000000020041000        0x0 load address 0x0000000010002708
                0x0000000020041000                __scratch_y_start__ = .
 *(.scratch_y.*)
                0x0000000020041000                . = ALIGN (0x4)
                0x0000000020041000                __scratch_y_end__ = .
                0x0000000010002708                __scratch_y_source__ = LOADADDR (.scratch_y)

.bss            0x0000000020000258      0x4f4
                0x0000000020000258                . = ALIGN (0x4)
                0x0000000020000258                __bss_start__ = .
 *(SORT_BY_ALIGNMENT(SORT_BY_NAME(.bss*)))
 .bss.default_alarm_pool_entries
                0x0000000020000258      0x100 CMakeFiles/digitrec.dir/Users/anya/Pico/pico-sdk/src/common/pico_time/time.c.obj
 .bss.sd_table  0x0000000020000358      0x100 CMakeFiles/digitrec.dir/Users/anya/Pico/pico-sdk/src/rp2_common/pico_double/double_init_rom.c.obj
                0x0000000020000358                sd_table
 .bss.sf_table  0x0000000020000458      0x100 CMakeFiles/digitrec.dir/Users/anya/Pico/pico-sdk/src/rp2_common/pico_float/float_init_rom.c.obj
                0x0000000020000458                sf_table
 .bss           0x0000000020000558       0x1c /usr/local/Cellar/arm-none-eabi-gcc/10.3-2021.07/gcc/bin/../lib/gcc/arm-none-eabi/10.3.1/thumb/v6-m/nofp/crtbegin.o
 .bss.alarm_callbacks
                0x0000000020000574       0x10 CMakeFiles/digitrec.dir/Users/anya/Pico/pico-sdk/src/rp2_common/hardware_timer/timer.c.obj
 .bss.configured_freq
                0x0000000020000584       0x28 CMakeFiles/digitrec.dir/Users/anya/Pico/pico-sdk/src/rp2_common/hardware_clocks/clocks.c.obj
 .bss.default_alarm_pool_entry_ids_high
                0x00000000200005ac       0x10 CMakeFiles/digitrec.dir/Users/anya/Pico/pico-sdk/src/common/pico_time/time.c.obj
 .bss.default_alarm_pool_heap_nodes
                0x00000000200005bc       0x30 CMakeFiles/digitrec.dir/Users/anya/Pico/pico-sdk/src/common/pico_time/time.c.obj
 .bss.drivers   0x00000000200005ec        0x4 CMakeFiles/digitrec.dir/Users/anya/Pico/pico-sdk/src/rp2_common/pico_stdio/stdio.c.obj
 .bss.filter    0x00000000200005f0        0x4 CMakeFiles/digitrec.dir/Users/anya/Pico/pico-sdk/src/rp2_common/pico_stdio/stdio.c.obj
 .bss.i.1       0x00000000200005f4        0x4 CMakeFiles/digitrec.dir/digitrec.c.obj
 .bss.i.2       0x00000000200005f8        0x4 CMakeFiles/digitrec.dir/digitrec.c.obj
 .bss.lazy_vsnprintf
                0x00000000200005fc        0x4 CMakeFiles/digitrec.dir/Users/anya/Pico/pico-sdk/src/rp2_common/pico_printf/printf.c.obj
 .bss.num       0x0000000020000600        0x5 CMakeFiles/digitrec.dir/digitrec.c.obj
                0x0000000020000600                num
 *fill*         0x0000000020000605        0x3 
 .bss.pools     0x0000000020000608       0x10 CMakeFiles/digitrec.dir/Users/anya/Pico/pico-sdk/src/common/pico_time/time.c.obj
 .bss.pt_sched  0x0000000020000618        0x4 CMakeFiles/digitrec.dir/digitrec.c.obj
 .bss.pt_sched1
                0x000000002000061c        0x4 CMakeFiles/digitrec.dir/digitrec.c.obj
 .bss.pt_sched_method
                0x0000000020000620        0x4 CMakeFiles/digitrec.dir/digitrec.c.obj
                0x0000000020000620                pt_sched_method
 .bss.pt_task_count
                0x0000000020000624        0x4 CMakeFiles/digitrec.dir/digitrec.c.obj
                0x0000000020000624                pt_task_count
 .bss.pt_task_count1
                0x0000000020000628        0x4 CMakeFiles/digitrec.dir/digitrec.c.obj
                0x0000000020000628                pt_task_count1
 .bss.pt_thread_list
                0x000000002000062c       0x78 CMakeFiles/digitrec.dir/digitrec.c.obj
 .bss.pt_thread_list1
                0x00000000200006a4       0x78 CMakeFiles/digitrec.dir/digitrec.c.obj
 .bss.sf_clz_func
                0x000000002000071c        0x4 CMakeFiles/digitrec.dir/Users/anya/Pico/pico-sdk/src/rp2_common/pico_double/double_init_rom.c.obj
                0x000000002000071c                sf_clz_func
 .bss.sleep_notifier
                0x0000000020000720        0x4 CMakeFiles/digitrec.dir/Users/anya/Pico/pico-sdk/src/common/pico_time/time.c.obj
 .bss.target_hi
                0x0000000020000724       0x10 CMakeFiles/digitrec.dir/Users/anya/Pico/pico-sdk/src/rp2_common/hardware_timer/timer.c.obj
 .bss.time_thread.0
                0x0000000020000734        0x4 CMakeFiles/digitrec.dir/digitrec.c.obj
 .bss.time_thread.3
                0x0000000020000738        0x4 CMakeFiles/digitrec.dir/digitrec.c.obj
 .bss.uart_char_to_line_feed
                0x000000002000073c        0x4 CMakeFiles/digitrec.dir/Users/anya/Pico/pico-sdk/src/rp2_common/hardware_uart/uart.c.obj
                0x000000002000073c                uart_char_to_line_feed
 .bss.uart_instance
                0x0000000020000740        0x4 CMakeFiles/digitrec.dir/Users/anya/Pico/pico-sdk/src/rp2_common/pico_stdio_uart/stdio_uart.c.obj
 .bss.val       0x0000000020000744        0x4 CMakeFiles/digitrec.dir/digitrec.c.obj
                0x0000000020000744                val
 .bss.claimed   0x0000000020000748        0x1 CMakeFiles/digitrec.dir/Users/anya/Pico/pico-sdk/src/rp2_common/hardware_timer/timer.c.obj
 .bss.irq_hander_chain_free_slot_head
                0x0000000020000749        0x1 CMakeFiles/digitrec.dir/Users/anya/Pico/pico-sdk/src/rp2_common/hardware_irq/irq.c.obj
 .bss.timer_callbacks_pending
                0x000000002000074a        0x1 CMakeFiles/digitrec.dir/Users/anya/Pico/pico-sdk/src/rp2_common/hardware_timer/timer.c.obj
 *(COMMON)
                0x000000002000074c                . = ALIGN (0x4)
 *fill*         0x000000002000074b        0x1 
                0x000000002000074c                __bss_end__ = .

.heap           0x000000002000074c      0x800
                0x000000002000074c                __end__ = .
                0x000000002000074c                end = __end__
 *(.heap*)
 .heap          0x000000002000074c      0x800 CMakeFiles/digitrec.dir/Users/anya/Pico/pico-sdk/src/rp2_common/pico_standard_link/crt0.S.obj
                0x0000000020000f4c                __HeapLimit = .

.stack1_dummy   0x0000000020040000      0x800
 *(.stack1*)
 .stack1        0x0000000020040000      0x800 CMakeFiles/digitrec.dir/Users/anya/Pico/pico-sdk/src/rp2_common/pico_multicore/multicore.c.obj

.stack_dummy    0x0000000020041000      0x800
 *(.stack*)
 .stack         0x0000000020041000      0x800 CMakeFiles/digitrec.dir/Users/anya/Pico/pico-sdk/src/rp2_common/pico_standard_link/crt0.S.obj

.flash_end      0x0000000010002708        0x0
                0x0000000010002708                __flash_binary_end = .
                0x0000000020040000                __StackLimit = (ORIGIN (RAM) + LENGTH (RAM))
                0x0000000020041000                __StackOneTop = (ORIGIN (SCRATCH_X) + LENGTH (SCRATCH_X))
                0x0000000020042000                __StackTop = (ORIGIN (SCRATCH_Y) + LENGTH (SCRATCH_Y))
                0x0000000020040800                __StackOneBottom = (__StackOneTop - SIZEOF (.stack1_dummy))
                0x0000000020041800                __StackBottom = (__StackTop - SIZEOF (.stack_dummy))
                0x0000000020042000                PROVIDE (__stack = __StackTop)
                0x0000000000000001                ASSERT ((__StackLimit >= __HeapLimit), region RAM overflowed)
                0x0000000000000001                ASSERT (((__binary_info_header_end - __logical_binary_start) <= 0x100), Binary info must be in first 256 bytes of the binary)
LOAD CMakeFiles/digitrec.dir/digitrec.c.obj
LOAD CMakeFiles/digitrec.dir/vga_graphics.c.obj
LOAD CMakeFiles/digitrec.dir/Users/anya/Pico/pico-sdk/src/rp2_common/pico_stdlib/stdlib.c.obj
LOAD CMakeFiles/digitrec.dir/Users/anya/Pico/pico-sdk/src/rp2_common/hardware_gpio/gpio.c.obj
LOAD CMakeFiles/digitrec.dir/Users/anya/Pico/pico-sdk/src/rp2_common/hardware_claim/claim.c.obj
LOAD CMakeFiles/digitrec.dir/Users/anya/Pico/pico-sdk/src/rp2_common/pico_platform/platform.c.obj
LOAD CMakeFiles/digitrec.dir/Users/anya/Pico/pico-sdk/src/rp2_common/hardware_sync/sync.c.obj
LOAD CMakeFiles/digitrec.dir/Users/anya/Pico/pico-sdk/src/rp2_common/hardware_irq/irq.c.obj
LOAD CMakeFiles/digitrec.dir/Users/anya/Pico/pico-sdk/src/rp2_common/hardware_irq/irq_handler_chain.S.obj
LOAD CMakeFiles/digitrec.dir/Users/anya/Pico/pico-sdk/src/common/pico_sync/sem.c.obj
LOAD CMakeFiles/digitrec.dir/Users/anya/Pico/pico-sdk/src/common/pico_sync/lock_core.c.obj
LOAD CMakeFiles/digitrec.dir/Users/anya/Pico/pico-sdk/src/common/pico_time/time.c.obj
LOAD CMakeFiles/digitrec.dir/Users/anya/Pico/pico-sdk/src/common/pico_time/timeout_helper.c.obj
LOAD CMakeFiles/digitrec.dir/Users/anya/Pico/pico-sdk/src/rp2_common/hardware_timer/timer.c.obj
LOAD CMakeFiles/digitrec.dir/Users/anya/Pico/pico-sdk/src/common/pico_util/datetime.c.obj
LOAD CMakeFiles/digitrec.dir/Users/anya/Pico/pico-sdk/src/common/pico_util/pheap.c.obj
LOAD CMakeFiles/digitrec.dir/Users/anya/Pico/pico-sdk/src/common/pico_util/queue.c.obj
LOAD CMakeFiles/digitrec.dir/Users/anya/Pico/pico-sdk/src/common/pico_sync/mutex.c.obj
LOAD CMakeFiles/digitrec.dir/Users/anya/Pico/pico-sdk/src/common/pico_sync/critical_section.c.obj
LOAD CMakeFiles/digitrec.dir/Users/anya/Pico/pico-sdk/src/rp2_common/hardware_uart/uart.c.obj
LOAD CMakeFiles/digitrec.dir/Users/anya/Pico/pico-sdk/src/rp2_common/hardware_divider/divider.S.obj
LOAD CMakeFiles/digitrec.dir/Users/anya/Pico/pico-sdk/src/rp2_common/pico_runtime/runtime.c.obj
LOAD CMakeFiles/digitrec.dir/Users/anya/Pico/pico-sdk/src/rp2_common/hardware_clocks/clocks.c.obj
LOAD CMakeFiles/digitrec.dir/Users/anya/Pico/pico-sdk/src/rp2_common/hardware_pll/pll.c.obj
LOAD CMakeFiles/digitrec.dir/Users/anya/Pico/pico-sdk/src/rp2_common/hardware_vreg/vreg.c.obj
LOAD CMakeFiles/digitrec.dir/Users/anya/Pico/pico-sdk/src/rp2_common/hardware_watchdog/watchdog.c.obj
LOAD CMakeFiles/digitrec.dir/Users/anya/Pico/pico-sdk/src/rp2_common/hardware_xosc/xosc.c.obj
LOAD CMakeFiles/digitrec.dir/Users/anya/Pico/pico-sdk/src/rp2_common/pico_printf/printf.c.obj
LOAD CMakeFiles/digitrec.dir/Users/anya/Pico/pico-sdk/src/rp2_common/pico_bit_ops/bit_ops_aeabi.S.obj
LOAD CMakeFiles/digitrec.dir/Users/anya/Pico/pico-sdk/src/rp2_common/pico_bootrom/bootrom.c.obj
LOAD CMakeFiles/digitrec.dir/Users/anya/Pico/pico-sdk/src/rp2_common/pico_divider/divider.S.obj
LOAD CMakeFiles/digitrec.dir/Users/anya/Pico/pico-sdk/src/rp2_common/pico_double/double_aeabi.S.obj
LOAD CMakeFiles/digitrec.dir/Users/anya/Pico/pico-sdk/src/rp2_common/pico_double/double_init_rom.c.obj
LOAD CMakeFiles/digitrec.dir/Users/anya/Pico/pico-sdk/src/rp2_common/pico_double/double_math.c.obj
LOAD CMakeFiles/digitrec.dir/Users/anya/Pico/pico-sdk/src/rp2_common/pico_double/double_v1_rom_shim.S.obj
LOAD CMakeFiles/digitrec.dir/Users/anya/Pico/pico-sdk/src/rp2_common/pico_int64_ops/pico_int64_ops_aeabi.S.obj
LOAD CMakeFiles/digitrec.dir/Users/anya/Pico/pico-sdk/src/rp2_common/pico_float/float_aeabi.S.obj
LOAD CMakeFiles/digitrec.dir/Users/anya/Pico/pico-sdk/src/rp2_common/pico_float/float_init_rom.c.obj
LOAD CMakeFiles/digitrec.dir/Users/anya/Pico/pico-sdk/src/rp2_common/pico_float/float_math.c.obj
LOAD CMakeFiles/digitrec.dir/Users/anya/Pico/pico-sdk/src/rp2_common/pico_float/float_v1_rom_shim.S.obj
LOAD CMakeFiles/digitrec.dir/Users/anya/Pico/pico-sdk/src/rp2_common/pico_malloc/pico_malloc.c.obj
LOAD CMakeFiles/digitrec.dir/Users/anya/Pico/pico-sdk/src/rp2_common/pico_mem_ops/mem_ops_aeabi.S.obj
LOAD CMakeFiles/digitrec.dir/Users/anya/Pico/pico-sdk/src/rp2_common/pico_standard_link/crt0.S.obj
LOAD CMakeFiles/digitrec.dir/Users/anya/Pico/pico-sdk/src/rp2_common/pico_standard_link/new_delete.cpp.obj
LOAD CMakeFiles/digitrec.dir/Users/anya/Pico/pico-sdk/src/rp2_common/pico_standard_link/binary_info.c.obj
LOAD CMakeFiles/digitrec.dir/Users/anya/Pico/pico-sdk/src/rp2_common/pico_stdio/stdio.c.obj
LOAD CMakeFiles/digitrec.dir/Users/anya/Pico/pico-sdk/src/rp2_common/pico_stdio_uart/stdio_uart.c.obj
LOAD CMakeFiles/digitrec.dir/Users/anya/Pico/pico-sdk/src/rp2_common/pico_multicore/multicore.c.obj
LOAD CMakeFiles/digitrec.dir/Users/anya/Pico/pico-sdk/src/rp2_common/pico_bootsel_via_double_reset/pico_bootsel_via_double_reset.c.obj
LOAD CMakeFiles/digitrec.dir/Users/anya/Pico/pico-sdk/src/rp2_common/hardware_pio/pio.c.obj
LOAD CMakeFiles/digitrec.dir/Users/anya/Pico/pico-sdk/src/rp2_common/hardware_dma/dma.c.obj
LOAD CMakeFiles/digitrec.dir/Users/anya/Pico/pico-sdk/src/rp2_common/hardware_adc/adc.c.obj
LOAD CMakeFiles/digitrec.dir/Users/anya/Pico/pico-sdk/src/rp2_common/hardware_spi/spi.c.obj
LOAD /var/folders/vj/1ccy040s0s7gvx3fz1rr0qc40000gn/T//cc1F81kL.o
LOAD /usr/local/Cellar/arm-none-eabi-gcc/10.3-2021.07/gcc/bin/../lib/gcc/arm-none-eabi/10.3.1/../../../../arm-none-eabi/lib/thumb/v6-m/nofp/libstdc++.a
LOAD /usr/local/Cellar/arm-none-eabi-gcc/10.3-2021.07/gcc/bin/../lib/gcc/arm-none-eabi/10.3.1/../../../../arm-none-eabi/lib/thumb/v6-m/nofp/libm.a
START GROUP
LOAD /usr/local/Cellar/arm-none-eabi-gcc/10.3-2021.07/gcc/bin/../lib/gcc/arm-none-eabi/10.3.1/thumb/v6-m/nofp/libgcc.a
LOAD /usr/local/Cellar/arm-none-eabi-gcc/10.3-2021.07/gcc/bin/../lib/gcc/arm-none-eabi/10.3.1/../../../../arm-none-eabi/lib/thumb/v6-m/nofp/libc.a
END GROUP
START GROUP
LOAD /usr/local/Cellar/arm-none-eabi-gcc/10.3-2021.07/gcc/bin/../lib/gcc/arm-none-eabi/10.3.1/thumb/v6-m/nofp/libgcc.a
LOAD /usr/local/Cellar/arm-none-eabi-gcc/10.3-2021.07/gcc/bin/../lib/gcc/arm-none-eabi/10.3.1/../../../../arm-none-eabi/lib/thumb/v6-m/nofp/libc.a
LOAD /usr/local/Cellar/arm-none-eabi-gcc/10.3-2021.07/gcc/bin/../lib/gcc/arm-none-eabi/10.3.1/../../../../arm-none-eabi/lib/thumb/v6-m/nofp/libnosys.a
END GROUP
LOAD /usr/local/Cellar/arm-none-eabi-gcc/10.3-2021.07/gcc/bin/../lib/gcc/arm-none-eabi/10.3.1/thumb/v6-m/nofp/crtend.o
LOAD /usr/local/Cellar/arm-none-eabi-gcc/10.3-2021.07/gcc/bin/../lib/gcc/arm-none-eabi/10.3.1/thumb/v6-m/nofp/crtn.o
OUTPUT(digitrec.elf elf32-littlearm)
LOAD linker stubs

.ARM.attributes
                0x0000000000000000       0x28
 .ARM.attributes
                0x0000000000000000       0x1e /usr/local/Cellar/arm-none-eabi-gcc/10.3-2021.07/gcc/bin/../lib/gcc/arm-none-eabi/10.3.1/thumb/v6-m/nofp/crti.o
 .ARM.attributes
                0x000000000000001e       0x2c /usr/local/Cellar/arm-none-eabi-gcc/10.3-2021.07/gcc/bin/../lib/gcc/arm-none-eabi/10.3.1/thumb/v6-m/nofp/crtbegin.o
 .ARM.attributes
                0x000000000000004a       0x2c CMakeFiles/digitrec.dir/digitrec.c.obj
 .ARM.attributes
                0x0000000000000076       0x2c CMakeFiles/digitrec.dir/Users/anya/Pico/pico-sdk/src/rp2_common/hardware_gpio/gpio.c.obj
 .ARM.attributes
                0x00000000000000a2       0x2c CMakeFiles/digitrec.dir/Users/anya/Pico/pico-sdk/src/rp2_common/hardware_claim/claim.c.obj
 .ARM.attributes
                0x00000000000000ce       0x2c CMakeFiles/digitrec.dir/Users/anya/Pico/pico-sdk/src/rp2_common/pico_platform/platform.c.obj
 .ARM.attributes
                0x00000000000000fa       0x2c CMakeFiles/digitrec.dir/Users/anya/Pico/pico-sdk/src/rp2_common/hardware_sync/sync.c.obj
 .ARM.attributes
                0x0000000000000126       0x2c CMakeFiles/digitrec.dir/Users/anya/Pico/pico-sdk/src/rp2_common/hardware_irq/irq.c.obj
 .ARM.attributes
                0x0000000000000152       0x22 CMakeFiles/digitrec.dir/Users/anya/Pico/pico-sdk/src/rp2_common/hardware_irq/irq_handler_chain.S.obj
 .ARM.attributes
                0x0000000000000174       0x2c CMakeFiles/digitrec.dir/Users/anya/Pico/pico-sdk/src/common/pico_sync/lock_core.c.obj
 .ARM.attributes
                0x00000000000001a0       0x2c CMakeFiles/digitrec.dir/Users/anya/Pico/pico-sdk/src/common/pico_time/time.c.obj
 .ARM.attributes
                0x00000000000001cc       0x2c CMakeFiles/digitrec.dir/Users/anya/Pico/pico-sdk/src/rp2_common/hardware_timer/timer.c.obj
 .ARM.attributes
                0x00000000000001f8       0x2c CMakeFiles/digitrec.dir/Users/anya/Pico/pico-sdk/src/common/pico_util/pheap.c.obj
 .ARM.attributes
                0x0000000000000224       0x2c CMakeFiles/digitrec.dir/Users/anya/Pico/pico-sdk/src/common/pico_sync/mutex.c.obj
 .ARM.attributes
                0x0000000000000250       0x2c CMakeFiles/digitrec.dir/Users/anya/Pico/pico-sdk/src/rp2_common/hardware_uart/uart.c.obj
 .ARM.attributes
                0x000000000000027c       0x2c CMakeFiles/digitrec.dir/Users/anya/Pico/pico-sdk/src/rp2_common/pico_runtime/runtime.c.obj
 .ARM.attributes
                0x00000000000002a8       0x2c CMakeFiles/digitrec.dir/Users/anya/Pico/pico-sdk/src/rp2_common/hardware_clocks/clocks.c.obj
 .ARM.attributes
                0x00000000000002d4       0x2c CMakeFiles/digitrec.dir/Users/anya/Pico/pico-sdk/src/rp2_common/hardware_pll/pll.c.obj
 .ARM.attributes
                0x0000000000000300       0x2c CMakeFiles/digitrec.dir/Users/anya/Pico/pico-sdk/src/rp2_common/hardware_watchdog/watchdog.c.obj
 .ARM.attributes
                0x000000000000032c       0x2c CMakeFiles/digitrec.dir/Users/anya/Pico/pico-sdk/src/rp2_common/hardware_xosc/xosc.c.obj
 .ARM.attributes
                0x0000000000000358       0x2c CMakeFiles/digitrec.dir/Users/anya/Pico/pico-sdk/src/rp2_common/pico_printf/printf.c.obj
 .ARM.attributes
                0x0000000000000384       0x22 CMakeFiles/digitrec.dir/Users/anya/Pico/pico-sdk/src/rp2_common/pico_bit_ops/bit_ops_aeabi.S.obj
 .ARM.attributes
                0x00000000000003a6       0x2c CMakeFiles/digitrec.dir/Users/anya/Pico/pico-sdk/src/rp2_common/pico_bootrom/bootrom.c.obj
 .ARM.attributes
                0x00000000000003d2       0x22 CMakeFiles/digitrec.dir/Users/anya/Pico/pico-sdk/src/rp2_common/pico_divider/divider.S.obj
 .ARM.attributes
                0x00000000000003f4       0x22 CMakeFiles/digitrec.dir/Users/anya/Pico/pico-sdk/src/rp2_common/pico_double/double_aeabi.S.obj
 .ARM.attributes
                0x0000000000000416       0x2c CMakeFiles/digitrec.dir/Users/anya/Pico/pico-sdk/src/rp2_common/pico_double/double_init_rom.c.obj
 .ARM.attributes
                0x0000000000000442       0x22 CMakeFiles/digitrec.dir/Users/anya/Pico/pico-sdk/src/rp2_common/pico_double/double_v1_rom_shim.S.obj
 .ARM.attributes
                0x0000000000000464       0x22 CMakeFiles/digitrec.dir/Users/anya/Pico/pico-sdk/src/rp2_common/pico_float/float_aeabi.S.obj
 .ARM.attributes
                0x0000000000000486       0x2c CMakeFiles/digitrec.dir/Users/anya/Pico/pico-sdk/src/rp2_common/pico_float/float_init_rom.c.obj
 .ARM.attributes
                0x00000000000004b2       0x22 CMakeFiles/digitrec.dir/Users/anya/Pico/pico-sdk/src/rp2_common/pico_float/float_v1_rom_shim.S.obj
 .ARM.attributes
                0x00000000000004d4       0x2c CMakeFiles/digitrec.dir/Users/anya/Pico/pico-sdk/src/rp2_common/pico_malloc/pico_malloc.c.obj
 .ARM.attributes
                0x0000000000000500       0x22 CMakeFiles/digitrec.dir/Users/anya/Pico/pico-sdk/src/rp2_common/pico_mem_ops/mem_ops_aeabi.S.obj
 .ARM.attributes
                0x0000000000000522       0x22 CMakeFiles/digitrec.dir/Users/anya/Pico/pico-sdk/src/rp2_common/pico_standard_link/crt0.S.obj
 .ARM.attributes
                0x0000000000000544       0x32 CMakeFiles/digitrec.dir/Users/anya/Pico/pico-sdk/src/rp2_common/pico_standard_link/binary_info.c.obj
 .ARM.attributes
                0x0000000000000576       0x2c CMakeFiles/digitrec.dir/Users/anya/Pico/pico-sdk/src/rp2_common/pico_stdio/stdio.c.obj
 .ARM.attributes
                0x00000000000005a2       0x2c CMakeFiles/digitrec.dir/Users/anya/Pico/pico-sdk/src/rp2_common/pico_stdio_uart/stdio_uart.c.obj
 .ARM.attributes
                0x00000000000005ce       0x2c CMakeFiles/digitrec.dir/Users/anya/Pico/pico-sdk/src/rp2_common/pico_multicore/multicore.c.obj
 .ARM.attributes
                0x00000000000005fa       0x2c CMakeFiles/digitrec.dir/Users/anya/Pico/pico-sdk/src/rp2_common/pico_bootsel_via_double_reset/pico_bootsel_via_double_reset.c.obj
 .ARM.attributes
                0x0000000000000626       0x22 /var/folders/vj/1ccy040s0s7gvx3fz1rr0qc40000gn/T//cc1F81kL.o
 .ARM.attributes
                0x0000000000000648       0x1e /usr/local/Cellar/arm-none-eabi-gcc/10.3-2021.07/gcc/bin/../lib/gcc/arm-none-eabi/10.3.1/thumb/v6-m/nofp/libgcc.a(_dvmd_tls.o)
 .ARM.attributes
                0x0000000000000666       0x2c /usr/local/Cellar/arm-none-eabi-gcc/10.3-2021.07/gcc/bin/../lib/gcc/arm-none-eabi/10.3.1/../../../../arm-none-eabi/lib/thumb/v6-m/nofp/libc.a(lib_a-strlen-stub.o)

.comment        0x0000000000000000       0x49
 .comment       0x0000000000000000       0x49 CMakeFiles/digitrec.dir/digitrec.c.obj
                                         0x4a (size before relaxing)
 .comment       0x0000000000000049       0x4a CMakeFiles/digitrec.dir/Users/anya/Pico/pico-sdk/src/rp2_common/hardware_gpio/gpio.c.obj
 .comment       0x0000000000000049       0x4a CMakeFiles/digitrec.dir/Users/anya/Pico/pico-sdk/src/rp2_common/hardware_claim/claim.c.obj
 .comment       0x0000000000000049       0x4a CMakeFiles/digitrec.dir/Users/anya/Pico/pico-sdk/src/rp2_common/pico_platform/platform.c.obj
 .comment       0x0000000000000049       0x4a CMakeFiles/digitrec.dir/Users/anya/Pico/pico-sdk/src/rp2_common/hardware_sync/sync.c.obj
 .comment       0x0000000000000049       0x4a CMakeFiles/digitrec.dir/Users/anya/Pico/pico-sdk/src/rp2_common/hardware_irq/irq.c.obj
 .comment       0x0000000000000049       0x4a CMakeFiles/digitrec.dir/Users/anya/Pico/pico-sdk/src/common/pico_sync/lock_core.c.obj
 .comment       0x0000000000000049       0x4a CMakeFiles/digitrec.dir/Users/anya/Pico/pico-sdk/src/common/pico_time/time.c.obj
 .comment       0x0000000000000049       0x4a CMakeFiles/digitrec.dir/Users/anya/Pico/pico-sdk/src/rp2_common/hardware_timer/timer.c.obj
 .comment       0x0000000000000049       0x4a CMakeFiles/digitrec.dir/Users/anya/Pico/pico-sdk/src/common/pico_util/pheap.c.obj
 .comment       0x0000000000000049       0x4a CMakeFiles/digitrec.dir/Users/anya/Pico/pico-sdk/src/common/pico_sync/mutex.c.obj
 .comment       0x0000000000000049       0x4a CMakeFiles/digitrec.dir/Users/anya/Pico/pico-sdk/src/rp2_common/hardware_uart/uart.c.obj
 .comment       0x0000000000000049       0x4a CMakeFiles/digitrec.dir/Users/anya/Pico/pico-sdk/src/rp2_common/pico_runtime/runtime.c.obj
 .comment       0x0000000000000049       0x4a CMakeFiles/digitrec.dir/Users/anya/Pico/pico-sdk/src/rp2_common/hardware_clocks/clocks.c.obj
 .comment       0x0000000000000049       0x4a CMakeFiles/digitrec.dir/Users/anya/Pico/pico-sdk/src/rp2_common/hardware_pll/pll.c.obj
 .comment       0x0000000000000049       0x4a CMakeFiles/digitrec.dir/Users/anya/Pico/pico-sdk/src/rp2_common/hardware_watchdog/watchdog.c.obj
 .comment       0x0000000000000049       0x4a CMakeFiles/digitrec.dir/Users/anya/Pico/pico-sdk/src/rp2_common/hardware_xosc/xosc.c.obj
 .comment       0x0000000000000049       0x4a CMakeFiles/digitrec.dir/Users/anya/Pico/pico-sdk/src/rp2_common/pico_printf/printf.c.obj
 .comment       0x0000000000000049       0x4a CMakeFiles/digitrec.dir/Users/anya/Pico/pico-sdk/src/rp2_common/pico_bootrom/bootrom.c.obj
 .comment       0x0000000000000049       0x4a CMakeFiles/digitrec.dir/Users/anya/Pico/pico-sdk/src/rp2_common/pico_double/double_init_rom.c.obj
 .comment       0x0000000000000049       0x4a CMakeFiles/digitrec.dir/Users/anya/Pico/pico-sdk/src/rp2_common/pico_float/float_init_rom.c.obj
 .comment       0x0000000000000049       0x4a CMakeFiles/digitrec.dir/Users/anya/Pico/pico-sdk/src/rp2_common/pico_malloc/pico_malloc.c.obj
 .comment       0x0000000000000049       0x4a CMakeFiles/digitrec.dir/Users/anya/Pico/pico-sdk/src/rp2_common/pico_standard_link/binary_info.c.obj
 .comment       0x0000000000000049       0x4a CMakeFiles/digitrec.dir/Users/anya/Pico/pico-sdk/src/rp2_common/pico_stdio/stdio.c.obj
 .comment       0x0000000000000049       0x4a CMakeFiles/digitrec.dir/Users/anya/Pico/pico-sdk/src/rp2_common/pico_stdio_uart/stdio_uart.c.obj
 .comment       0x0000000000000049       0x4a CMakeFiles/digitrec.dir/Users/anya/Pico/pico-sdk/src/rp2_common/pico_multicore/multicore.c.obj
 .comment       0x0000000000000049       0x4a CMakeFiles/digitrec.dir/Users/anya/Pico/pico-sdk/src/rp2_common/pico_bootsel_via_double_reset/pico_bootsel_via_double_reset.c.obj

.debug_frame    0x0000000000000000       0x28
 .debug_frame   0x0000000000000000       0x28 /usr/local/Cellar/arm-none-eabi-gcc/10.3-2021.07/gcc/bin/../lib/gcc/arm-none-eabi/10.3.1/../../../../arm-none-eabi/lib/thumb/v6-m/nofp/libc.a(lib_a-strlen-stub.o)
